<!doctype html public "-//w3c//dtd html 4.0 transitional//en">
<html><head>
<title>Static Call Graph - [.\Objects\SPIN0230_DEMO.axf]</title></head>
<body><HR>
<H1>Static Call Graph for image .\Objects\SPIN0230_DEMO.axf</H1><HR>
<BR><P>#&#060CALLGRAPH&#062# ARM Linker, 5060960: Last Updated: Fri Mar 27 20:24:18 2026
<BR><P>
<H3>Maximum Stack Usage =        100 bytes + Unknown(Functions without stacksize, Cycles, Untraceable Function Pointers)</H3><H3>
Call chain for Maximum Stack Depth:</H3>
__rt_entry_main &rArr; main &rArr; Peripheral_Init &rArr; Drv_Pwm_Init &rArr; TIM_TimeBaseInit
<P>
<H3>
Functions with no stack information
</H3><UL>
 <LI><a href="#[36]">__user_initial_stackheap</a>
</UL>
</UL>
<P>
<H3>
Mutually Recursive functions
</H3> <LI><a href="#[6]">NMI_Handler</a>&nbsp;&nbsp;&nbsp;&rArr;&nbsp;&nbsp;&nbsp;<a href="#[6]">NMI_Handler</a><BR>
 <LI><a href="#[7]">HardFault_Handler</a>&nbsp;&nbsp;&nbsp;&rArr;&nbsp;&nbsp;&nbsp;<a href="#[7]">HardFault_Handler</a><BR>
 <LI><a href="#[8]">SVC_Handler</a>&nbsp;&nbsp;&nbsp;&rArr;&nbsp;&nbsp;&nbsp;<a href="#[8]">SVC_Handler</a><BR>
 <LI><a href="#[9]">PendSV_Handler</a>&nbsp;&nbsp;&nbsp;&rArr;&nbsp;&nbsp;&nbsp;<a href="#[9]">PendSV_Handler</a><BR>
 <LI><a href="#[1c]">COMP1_2_IRQHandler</a>&nbsp;&nbsp;&nbsp;&rArr;&nbsp;&nbsp;&nbsp;<a href="#[1c]">COMP1_2_IRQHandler</a><BR>
</UL>
<P>
<H3>
Function Pointers
</H3><UL>
 <LI><a href="#[15]">ADC_IRQHandler</a> from mm32_it.o(i.ADC_IRQHandler) referenced from startup_mm32spin0230_keil.o(RESET)
 <LI><a href="#[1c]">COMP1_2_IRQHandler</a> from startup_mm32spin0230_keil.o(.text) referenced from startup_mm32spin0230_keil.o(RESET)
 <LI><a href="#[13]">DMA1_Channel1_IRQHandler</a> from mm32_it.o(i.DMA1_Channel1_IRQHandler) referenced from startup_mm32spin0230_keil.o(RESET)
 <LI><a href="#[14]">DMA1_Channel2_IRQHandler</a> from startup_mm32spin0230_keil.o(.text) referenced from startup_mm32spin0230_keil.o(RESET)
 <LI><a href="#[f]">EXTI0_1_IRQHandler</a> from mm32_it.o(i.EXTI0_1_IRQHandler) referenced from startup_mm32spin0230_keil.o(RESET)
 <LI><a href="#[10]">EXTI2_3_IRQHandler</a> from mm32_it.o(i.EXTI2_3_IRQHandler) referenced from startup_mm32spin0230_keil.o(RESET)
 <LI><a href="#[11]">EXTI4_15_IRQHandler</a> from mm32_it.o(i.EXTI4_15_IRQHandler) referenced from startup_mm32spin0230_keil.o(RESET)
 <LI><a href="#[d]">FLASH_IRQHandler</a> from mm32_it.o(i.FLASH_IRQHandler) referenced from startup_mm32spin0230_keil.o(RESET)
 <LI><a href="#[12]">HWDIV_IRQHandler</a> from mm32_it.o(i.HWDIV_IRQHandler) referenced from startup_mm32spin0230_keil.o(RESET)
 <LI><a href="#[7]">HardFault_Handler</a> from startup_mm32spin0230_keil.o(.text) referenced from startup_mm32spin0230_keil.o(RESET)
 <LI><a href="#[b]">IWDG_IRQHandler</a> from startup_mm32spin0230_keil.o(.text) referenced from startup_mm32spin0230_keil.o(RESET)
 <LI><a href="#[6]">NMI_Handler</a> from startup_mm32spin0230_keil.o(.text) referenced from startup_mm32spin0230_keil.o(RESET)
 <LI><a href="#[c]">PVD_IRQHandler</a> from mm32_it.o(i.PVD_IRQHandler) referenced from startup_mm32spin0230_keil.o(RESET)
 <LI><a href="#[9]">PendSV_Handler</a> from startup_mm32spin0230_keil.o(.text) referenced from startup_mm32spin0230_keil.o(RESET)
 <LI><a href="#[e]">RCC_IRQHandler</a> from mm32_it.o(i.RCC_IRQHandler) referenced from startup_mm32spin0230_keil.o(RESET)
 <LI><a href="#[5]">Reset_Handler</a> from startup_mm32spin0230_keil.o(.text) referenced from startup_mm32spin0230_keil.o(RESET)
 <LI><a href="#[8]">SVC_Handler</a> from startup_mm32spin0230_keil.o(.text) referenced from startup_mm32spin0230_keil.o(RESET)
 <LI><a href="#[a]">SysTick_Handler</a> from mm32_it.o(i.SysTick_Handler) referenced from startup_mm32spin0230_keil.o(RESET)
 <LI><a href="#[1e]">SystemInit</a> from system_mm32spin0230.o(i.SystemInit) referenced from startup_mm32spin0230_keil.o(.text)
 <LI><a href="#[1a]">TIM13_IRQHandler</a> from startup_mm32spin0230_keil.o(.text) referenced from startup_mm32spin0230_keil.o(RESET)
 <LI><a href="#[1b]">TIM14_IRQHandler</a> from mm32_it.o(i.TIM14_IRQHandler) referenced from startup_mm32spin0230_keil.o(RESET)
 <LI><a href="#[16]">TIM1_BRK_UP_TRG_COM_IRQHandler</a> from mm32_it.o(i.TIM1_BRK_UP_TRG_COM_IRQHandler) referenced from startup_mm32spin0230_keil.o(RESET)
 <LI><a href="#[17]">TIM1_CC_IRQHandler</a> from mm32_it.o(i.TIM1_CC_IRQHandler) referenced from startup_mm32spin0230_keil.o(RESET)
 <LI><a href="#[18]">TIM2_IRQHandler</a> from mm32_it.o(i.TIM2_IRQHandler) referenced from startup_mm32spin0230_keil.o(RESET)
 <LI><a href="#[19]">TIM6_IRQHandler</a> from startup_mm32spin0230_keil.o(.text) referenced from startup_mm32spin0230_keil.o(RESET)
 <LI><a href="#[1d]">USART1_IRQHandler</a> from startup_mm32spin0230_keil.o(.text) referenced from startup_mm32spin0230_keil.o(RESET)
 <LI><a href="#[20]">__main</a> from __main.o(!!!main) referenced from startup_mm32spin0230_keil.o(.text)
</UL>
<P>
<H3>
Global Symbols
</H3>
<P><STRONG><a name="[20]"></a>__main</STRONG> (Thumb, 8 bytes, Stack size 0 bytes, __main.o(!!!main))
<BR><BR>[Calls]<UL><LI><a href="#[22]">&gt;&gt;</a>&nbsp;&nbsp;&nbsp;__rt_entry
<LI><a href="#[21]">&gt;&gt;</a>&nbsp;&nbsp;&nbsp;__scatterload
</UL>

<P><STRONG><a name="[21]"></a>__scatterload</STRONG> (Thumb, 0 bytes, Stack size unknown bytes, __scatter.o(!!!scatter))
<BR><BR>[Called By]<UL><LI><a href="#[20]">&gt;&gt;</a>&nbsp;&nbsp;&nbsp;__main
</UL>

<P><STRONG><a name="[23]"></a>__scatterload_rt2</STRONG> (Thumb, 52 bytes, Stack size unknown bytes, __scatter.o(!!!scatter), UNUSED)
<BR><BR>[Calls]<UL><LI><a href="#[22]">&gt;&gt;</a>&nbsp;&nbsp;&nbsp;__rt_entry
</UL>

<P><STRONG><a name="[b6]"></a>__scatterload_rt2_thumb_only</STRONG> (Thumb, 0 bytes, Stack size unknown bytes, __scatter.o(!!!scatter), UNUSED)

<P><STRONG><a name="[b7]"></a>__scatterload_null</STRONG> (Thumb, 0 bytes, Stack size unknown bytes, __scatter.o(!!!scatter), UNUSED)

<P><STRONG><a name="[24]"></a>__scatterload_copy</STRONG> (Thumb, 26 bytes, Stack size unknown bytes, __scatter_copy.o(!!handler_copy), UNUSED)
<BR><BR>[Calls]<UL><LI><a href="#[24]">&gt;&gt;</a>&nbsp;&nbsp;&nbsp;__scatterload_copy
</UL>
<BR>[Called By]<UL><LI><a href="#[24]">&gt;&gt;</a>&nbsp;&nbsp;&nbsp;__scatterload_copy
</UL>

<P><STRONG><a name="[b8]"></a>__scatterload_zeroinit</STRONG> (Thumb, 28 bytes, Stack size unknown bytes, __scatter_zi.o(!!handler_zi), UNUSED)

<P><STRONG><a name="[28]"></a>__rt_lib_init</STRONG> (Thumb, 0 bytes, Stack size unknown bytes, libinit.o(.ARM.Collect$$libinit$$00000000))
<BR><BR>[Called By]<UL><LI><a href="#[27]">&gt;&gt;</a>&nbsp;&nbsp;&nbsp;__rt_entry_li
</UL>

<P><STRONG><a name="[b9]"></a>__rt_lib_init_alloca_1</STRONG> (Thumb, 0 bytes, Stack size unknown bytes, libinit2.o(.ARM.Collect$$libinit$$0000002E))

<P><STRONG><a name="[ba]"></a>__rt_lib_init_argv_1</STRONG> (Thumb, 0 bytes, Stack size unknown bytes, libinit2.o(.ARM.Collect$$libinit$$0000002C))

<P><STRONG><a name="[bb]"></a>__rt_lib_init_atexit_1</STRONG> (Thumb, 0 bytes, Stack size unknown bytes, libinit2.o(.ARM.Collect$$libinit$$0000001B))

<P><STRONG><a name="[bc]"></a>__rt_lib_init_clock_1</STRONG> (Thumb, 0 bytes, Stack size unknown bytes, libinit2.o(.ARM.Collect$$libinit$$00000021))

<P><STRONG><a name="[bd]"></a>__rt_lib_init_cpp_1</STRONG> (Thumb, 0 bytes, Stack size unknown bytes, libinit2.o(.ARM.Collect$$libinit$$00000032))

<P><STRONG><a name="[be]"></a>__rt_lib_init_exceptions_1</STRONG> (Thumb, 0 bytes, Stack size unknown bytes, libinit2.o(.ARM.Collect$$libinit$$00000030))

<P><STRONG><a name="[bf]"></a>__rt_lib_init_fp_1</STRONG> (Thumb, 0 bytes, Stack size unknown bytes, libinit2.o(.ARM.Collect$$libinit$$00000002))

<P><STRONG><a name="[c0]"></a>__rt_lib_init_fp_trap_1</STRONG> (Thumb, 0 bytes, Stack size unknown bytes, libinit2.o(.ARM.Collect$$libinit$$0000001F))

<P><STRONG><a name="[c1]"></a>__rt_lib_init_getenv_1</STRONG> (Thumb, 0 bytes, Stack size unknown bytes, libinit2.o(.ARM.Collect$$libinit$$00000023))

<P><STRONG><a name="[c2]"></a>__rt_lib_init_heap_1</STRONG> (Thumb, 0 bytes, Stack size unknown bytes, libinit2.o(.ARM.Collect$$libinit$$0000000A))

<P><STRONG><a name="[c3]"></a>__rt_lib_init_lc_collate_1</STRONG> (Thumb, 0 bytes, Stack size unknown bytes, libinit2.o(.ARM.Collect$$libinit$$00000011))

<P><STRONG><a name="[c4]"></a>__rt_lib_init_lc_ctype_1</STRONG> (Thumb, 0 bytes, Stack size unknown bytes, libinit2.o(.ARM.Collect$$libinit$$00000013))

<P><STRONG><a name="[c5]"></a>__rt_lib_init_lc_monetary_1</STRONG> (Thumb, 0 bytes, Stack size unknown bytes, libinit2.o(.ARM.Collect$$libinit$$00000015))

<P><STRONG><a name="[c6]"></a>__rt_lib_init_lc_numeric_1</STRONG> (Thumb, 0 bytes, Stack size unknown bytes, libinit2.o(.ARM.Collect$$libinit$$00000017))

<P><STRONG><a name="[c7]"></a>__rt_lib_init_lc_time_1</STRONG> (Thumb, 0 bytes, Stack size unknown bytes, libinit2.o(.ARM.Collect$$libinit$$00000019))

<P><STRONG><a name="[c8]"></a>__rt_lib_init_preinit_1</STRONG> (Thumb, 0 bytes, Stack size unknown bytes, libinit2.o(.ARM.Collect$$libinit$$00000004))

<P><STRONG><a name="[c9]"></a>__rt_lib_init_rand_1</STRONG> (Thumb, 0 bytes, Stack size unknown bytes, libinit2.o(.ARM.Collect$$libinit$$0000000E))

<P><STRONG><a name="[ca]"></a>__rt_lib_init_return</STRONG> (Thumb, 0 bytes, Stack size unknown bytes, libinit2.o(.ARM.Collect$$libinit$$00000033))

<P><STRONG><a name="[cb]"></a>__rt_lib_init_signal_1</STRONG> (Thumb, 0 bytes, Stack size unknown bytes, libinit2.o(.ARM.Collect$$libinit$$0000001D))

<P><STRONG><a name="[cc]"></a>__rt_lib_init_stdio_1</STRONG> (Thumb, 0 bytes, Stack size unknown bytes, libinit2.o(.ARM.Collect$$libinit$$00000025))

<P><STRONG><a name="[cd]"></a>__rt_lib_init_user_alloc_1</STRONG> (Thumb, 0 bytes, Stack size unknown bytes, libinit2.o(.ARM.Collect$$libinit$$0000000C))

<P><STRONG><a name="[2d]"></a>__rt_lib_shutdown</STRONG> (Thumb, 0 bytes, Stack size unknown bytes, libshutdown.o(.ARM.Collect$$libshutdown$$00000000))
<BR><BR>[Called By]<UL><LI><a href="#[2c]">&gt;&gt;</a>&nbsp;&nbsp;&nbsp;__rt_exit_ls
</UL>

<P><STRONG><a name="[ce]"></a>__rt_lib_shutdown_cpp_1</STRONG> (Thumb, 0 bytes, Stack size unknown bytes, libshutdown2.o(.ARM.Collect$$libshutdown$$00000004))

<P><STRONG><a name="[cf]"></a>__rt_lib_shutdown_fini_1</STRONG> (Thumb, 0 bytes, Stack size unknown bytes, libshutdown2.o(.ARM.Collect$$libshutdown$$00000002))

<P><STRONG><a name="[d0]"></a>__rt_lib_shutdown_fp_trap_1</STRONG> (Thumb, 0 bytes, Stack size unknown bytes, libshutdown2.o(.ARM.Collect$$libshutdown$$00000009))

<P><STRONG><a name="[d1]"></a>__rt_lib_shutdown_heap_1</STRONG> (Thumb, 0 bytes, Stack size unknown bytes, libshutdown2.o(.ARM.Collect$$libshutdown$$00000011))

<P><STRONG><a name="[d2]"></a>__rt_lib_shutdown_return</STRONG> (Thumb, 0 bytes, Stack size unknown bytes, libshutdown2.o(.ARM.Collect$$libshutdown$$00000012))

<P><STRONG><a name="[d3]"></a>__rt_lib_shutdown_signal_1</STRONG> (Thumb, 0 bytes, Stack size unknown bytes, libshutdown2.o(.ARM.Collect$$libshutdown$$0000000C))

<P><STRONG><a name="[d4]"></a>__rt_lib_shutdown_stdio_1</STRONG> (Thumb, 0 bytes, Stack size unknown bytes, libshutdown2.o(.ARM.Collect$$libshutdown$$00000006))

<P><STRONG><a name="[d5]"></a>__rt_lib_shutdown_user_alloc_1</STRONG> (Thumb, 0 bytes, Stack size unknown bytes, libshutdown2.o(.ARM.Collect$$libshutdown$$0000000E))

<P><STRONG><a name="[22]"></a>__rt_entry</STRONG> (Thumb, 0 bytes, Stack size unknown bytes, __rtentry.o(.ARM.Collect$$rtentry$$00000000))
<BR><BR>[Called By]<UL><LI><a href="#[20]">&gt;&gt;</a>&nbsp;&nbsp;&nbsp;__main
<LI><a href="#[23]">&gt;&gt;</a>&nbsp;&nbsp;&nbsp;__scatterload_rt2
</UL>

<P><STRONG><a name="[d6]"></a>__rt_entry_presh_1</STRONG> (Thumb, 0 bytes, Stack size unknown bytes, __rtentry2.o(.ARM.Collect$$rtentry$$00000002))

<P><STRONG><a name="[25]"></a>__rt_entry_sh</STRONG> (Thumb, 0 bytes, Stack size unknown bytes, __rtentry4.o(.ARM.Collect$$rtentry$$00000004))
<BR><BR>[Stack]<UL><LI>Max Depth = 8 + Unknown Stack Size
<LI>Call Chain = __rt_entry_sh &rArr; __user_setup_stackheap
</UL>
<BR>[Calls]<UL><LI><a href="#[26]">&gt;&gt;</a>&nbsp;&nbsp;&nbsp;__user_setup_stackheap
</UL>

<P><STRONG><a name="[27]"></a>__rt_entry_li</STRONG> (Thumb, 0 bytes, Stack size unknown bytes, __rtentry2.o(.ARM.Collect$$rtentry$$0000000A))
<BR><BR>[Calls]<UL><LI><a href="#[28]">&gt;&gt;</a>&nbsp;&nbsp;&nbsp;__rt_lib_init
</UL>

<P><STRONG><a name="[d7]"></a>__rt_entry_postsh_1</STRONG> (Thumb, 0 bytes, Stack size unknown bytes, __rtentry2.o(.ARM.Collect$$rtentry$$00000009))

<P><STRONG><a name="[29]"></a>__rt_entry_main</STRONG> (Thumb, 0 bytes, Stack size unknown bytes, __rtentry2.o(.ARM.Collect$$rtentry$$0000000D))
<BR><BR>[Stack]<UL><LI>Max Depth = 100 + Unknown Stack Size
<LI>Call Chain = __rt_entry_main &rArr; main &rArr; Peripheral_Init &rArr; Drv_Pwm_Init &rArr; TIM_TimeBaseInit
</UL>
<BR>[Calls]<UL><LI><a href="#[2a]">&gt;&gt;</a>&nbsp;&nbsp;&nbsp;main
<LI><a href="#[2b]">&gt;&gt;</a>&nbsp;&nbsp;&nbsp;exit
</UL>

<P><STRONG><a name="[d8]"></a>__rt_entry_postli_1</STRONG> (Thumb, 0 bytes, Stack size unknown bytes, __rtentry2.o(.ARM.Collect$$rtentry$$0000000C))

<P><STRONG><a name="[38]"></a>__rt_exit</STRONG> (Thumb, 0 bytes, Stack size unknown bytes, rtexit.o(.ARM.Collect$$rtexit$$00000000))
<BR><BR>[Called By]<UL><LI><a href="#[2b]">&gt;&gt;</a>&nbsp;&nbsp;&nbsp;exit
</UL>

<P><STRONG><a name="[2c]"></a>__rt_exit_ls</STRONG> (Thumb, 0 bytes, Stack size unknown bytes, rtexit2.o(.ARM.Collect$$rtexit$$00000003))
<BR><BR>[Calls]<UL><LI><a href="#[2d]">&gt;&gt;</a>&nbsp;&nbsp;&nbsp;__rt_lib_shutdown
</UL>

<P><STRONG><a name="[d9]"></a>__rt_exit_prels_1</STRONG> (Thumb, 0 bytes, Stack size unknown bytes, rtexit2.o(.ARM.Collect$$rtexit$$00000002))

<P><STRONG><a name="[2e]"></a>__rt_exit_exit</STRONG> (Thumb, 0 bytes, Stack size unknown bytes, rtexit2.o(.ARM.Collect$$rtexit$$00000004))
<BR><BR>[Calls]<UL><LI><a href="#[2f]">&gt;&gt;</a>&nbsp;&nbsp;&nbsp;_sys_exit
</UL>

<P><STRONG><a name="[5]"></a>Reset_Handler</STRONG> (Thumb, 14 bytes, Stack size 0 bytes, startup_mm32spin0230_keil.o(.text))
<BR>[Address Reference Count : 1]<UL><LI> startup_mm32spin0230_keil.o(RESET)
</UL>
<P><STRONG><a name="[6]"></a>NMI_Handler</STRONG> (Thumb, 2 bytes, Stack size 0 bytes, startup_mm32spin0230_keil.o(.text))
<BR><BR>[Calls]<UL><LI><a href="#[6]">&gt;&gt;</a>&nbsp;&nbsp;&nbsp;NMI_Handler
</UL>
<BR>[Called By]<UL><LI><a href="#[6]">&gt;&gt;</a>&nbsp;&nbsp;&nbsp;NMI_Handler
</UL>
<BR>[Address Reference Count : 1]<UL><LI> startup_mm32spin0230_keil.o(RESET)
</UL>
<P><STRONG><a name="[7]"></a>HardFault_Handler</STRONG> (Thumb, 2 bytes, Stack size 0 bytes, startup_mm32spin0230_keil.o(.text))
<BR><BR>[Calls]<UL><LI><a href="#[7]">&gt;&gt;</a>&nbsp;&nbsp;&nbsp;HardFault_Handler
</UL>
<BR>[Called By]<UL><LI><a href="#[7]">&gt;&gt;</a>&nbsp;&nbsp;&nbsp;HardFault_Handler
</UL>
<BR>[Address Reference Count : 1]<UL><LI> startup_mm32spin0230_keil.o(RESET)
</UL>
<P><STRONG><a name="[8]"></a>SVC_Handler</STRONG> (Thumb, 2 bytes, Stack size 0 bytes, startup_mm32spin0230_keil.o(.text))
<BR><BR>[Calls]<UL><LI><a href="#[8]">&gt;&gt;</a>&nbsp;&nbsp;&nbsp;SVC_Handler
</UL>
<BR>[Called By]<UL><LI><a href="#[8]">&gt;&gt;</a>&nbsp;&nbsp;&nbsp;SVC_Handler
</UL>
<BR>[Address Reference Count : 1]<UL><LI> startup_mm32spin0230_keil.o(RESET)
</UL>
<P><STRONG><a name="[9]"></a>PendSV_Handler</STRONG> (Thumb, 2 bytes, Stack size 0 bytes, startup_mm32spin0230_keil.o(.text))
<BR><BR>[Calls]<UL><LI><a href="#[9]">&gt;&gt;</a>&nbsp;&nbsp;&nbsp;PendSV_Handler
</UL>
<BR>[Called By]<UL><LI><a href="#[9]">&gt;&gt;</a>&nbsp;&nbsp;&nbsp;PendSV_Handler
</UL>
<BR>[Address Reference Count : 1]<UL><LI> startup_mm32spin0230_keil.o(RESET)
</UL>
<P><STRONG><a name="[1c]"></a>COMP1_2_IRQHandler</STRONG> (Thumb, 0 bytes, Stack size 0 bytes, startup_mm32spin0230_keil.o(.text))
<BR><BR>[Calls]<UL><LI><a href="#[1c]">&gt;&gt;</a>&nbsp;&nbsp;&nbsp;COMP1_2_IRQHandler
</UL>
<BR>[Called By]<UL><LI><a href="#[1c]">&gt;&gt;</a>&nbsp;&nbsp;&nbsp;COMP1_2_IRQHandler
</UL>
<BR>[Address Reference Count : 1]<UL><LI> startup_mm32spin0230_keil.o(RESET)
</UL>
<P><STRONG><a name="[14]"></a>DMA1_Channel2_IRQHandler</STRONG> (Thumb, 0 bytes, Stack size 0 bytes, startup_mm32spin0230_keil.o(.text))
<BR>[Address Reference Count : 1]<UL><LI> startup_mm32spin0230_keil.o(RESET)
</UL>
<P><STRONG><a name="[b]"></a>IWDG_IRQHandler</STRONG> (Thumb, 0 bytes, Stack size 0 bytes, startup_mm32spin0230_keil.o(.text))
<BR>[Address Reference Count : 1]<UL><LI> startup_mm32spin0230_keil.o(RESET)
</UL>
<P><STRONG><a name="[1a]"></a>TIM13_IRQHandler</STRONG> (Thumb, 0 bytes, Stack size 0 bytes, startup_mm32spin0230_keil.o(.text))
<BR>[Address Reference Count : 1]<UL><LI> startup_mm32spin0230_keil.o(RESET)
</UL>
<P><STRONG><a name="[19]"></a>TIM6_IRQHandler</STRONG> (Thumb, 0 bytes, Stack size 0 bytes, startup_mm32spin0230_keil.o(.text))
<BR>[Address Reference Count : 1]<UL><LI> startup_mm32spin0230_keil.o(RESET)
</UL>
<P><STRONG><a name="[1d]"></a>USART1_IRQHandler</STRONG> (Thumb, 0 bytes, Stack size 0 bytes, startup_mm32spin0230_keil.o(.text))
<BR>[Address Reference Count : 1]<UL><LI> startup_mm32spin0230_keil.o(RESET)
</UL>
<P><STRONG><a name="[36]"></a>__user_initial_stackheap</STRONG> (Thumb, 0 bytes, Stack size unknown bytes, startup_mm32spin0230_keil.o(.text))
<BR><BR>[Called By]<UL><LI><a href="#[26]">&gt;&gt;</a>&nbsp;&nbsp;&nbsp;__user_setup_stackheap
</UL>

<P><STRONG><a name="[da]"></a>__aeabi_uidiv</STRONG> (Thumb, 0 bytes, Stack size 0 bytes, aeabi_sdiv.o(.text), UNUSED)

<P><STRONG><a name="[ae]"></a>__aeabi_uidivmod</STRONG> (Thumb, 20 bytes, Stack size 0 bytes, aeabi_sdiv.o(.text))
<BR><BR>[Called By]<UL><LI><a href="#[2a]">&gt;&gt;</a>&nbsp;&nbsp;&nbsp;main
</UL>

<P><STRONG><a name="[db]"></a>__aeabi_idiv</STRONG> (Thumb, 0 bytes, Stack size 8 bytes, aeabi_sdiv.o(.text), UNUSED)

<P><STRONG><a name="[b4]"></a>__aeabi_idivmod</STRONG> (Thumb, 326 bytes, Stack size 8 bytes, aeabi_sdiv.o(.text))
<BR><BR>[Stack]<UL><LI>Max Depth = 8<LI>Call Chain = __aeabi_idivmod
</UL>
<BR>[Called By]<UL><LI><a href="#[2a]">&gt;&gt;</a>&nbsp;&nbsp;&nbsp;main
</UL>

<P><STRONG><a name="[dc]"></a>__use_two_region_memory</STRONG> (Thumb, 2 bytes, Stack size 0 bytes, heapauxi.o(.text), UNUSED)

<P><STRONG><a name="[dd]"></a>__rt_heap_escrow$2region</STRONG> (Thumb, 2 bytes, Stack size 0 bytes, heapauxi.o(.text), UNUSED)

<P><STRONG><a name="[de]"></a>__rt_heap_expand$2region</STRONG> (Thumb, 2 bytes, Stack size 0 bytes, heapauxi.o(.text), UNUSED)

<P><STRONG><a name="[89]"></a>__aeabi_fdiv</STRONG> (Thumb, 0 bytes, Stack size 20 bytes, fdiv.o(.text))
<BR><BR>[Stack]<UL><LI>Max Depth = 20<LI>Call Chain = __aeabi_fdiv
</UL>
<BR>[Called By]<UL><LI><a href="#[88]">&gt;&gt;</a>&nbsp;&nbsp;&nbsp;InitNormalization
</UL>

<P><STRONG><a name="[31]"></a>_fdiv</STRONG> (Thumb, 334 bytes, Stack size 20 bytes, fdiv.o(.text), UNUSED)
<BR><BR>[Called By]<UL><LI><a href="#[30]">&gt;&gt;</a>&nbsp;&nbsp;&nbsp;_frdiv
</UL>

<P><STRONG><a name="[30]"></a>_frdiv</STRONG> (Thumb, 8 bytes, Stack size 0 bytes, fdiv.o(.text), UNUSED)
<BR><BR>[Calls]<UL><LI><a href="#[31]">&gt;&gt;</a>&nbsp;&nbsp;&nbsp;_fdiv
</UL>

<P><STRONG><a name="[50]"></a>__aeabi_f2uiz</STRONG> (Thumb, 0 bytes, Stack size 0 bytes, ffixui.o(.text))
<BR><BR>[Called By]<UL><LI><a href="#[4e]">&gt;&gt;</a>&nbsp;&nbsp;&nbsp;CalcNormalization
</UL>

<P><STRONG><a name="[df]"></a>_ffixu</STRONG> (Thumb, 48 bytes, Stack size 0 bytes, ffixui.o(.text), UNUSED)

<P><STRONG><a name="[33]"></a>__aeabi_i2f_normalise</STRONG> (Thumb, 72 bytes, Stack size 0 bytes, fflti.o(.text))
<BR><BR>[Called By]<UL><LI><a href="#[34]">&gt;&gt;</a>&nbsp;&nbsp;&nbsp;__aeabi_ui2f
<LI><a href="#[32]">&gt;&gt;</a>&nbsp;&nbsp;&nbsp;__aeabi_i2f
</UL>

<P><STRONG><a name="[32]"></a>__aeabi_i2f</STRONG> (Thumb, 16 bytes, Stack size 0 bytes, fflti.o(.text))
<BR><BR>[Calls]<UL><LI><a href="#[33]">&gt;&gt;</a>&nbsp;&nbsp;&nbsp;__aeabi_i2f_normalise
</UL>
<BR>[Called By]<UL><LI><a href="#[88]">&gt;&gt;</a>&nbsp;&nbsp;&nbsp;InitNormalization
<LI><a href="#[4e]">&gt;&gt;</a>&nbsp;&nbsp;&nbsp;CalcNormalization
</UL>

<P><STRONG><a name="[e0]"></a>_fflt</STRONG> (Thumb, 0 bytes, Stack size 0 bytes, fflti.o(.text), UNUSED)

<P><STRONG><a name="[34]"></a>__aeabi_ui2f</STRONG> (Thumb, 6 bytes, Stack size 0 bytes, fflti.o(.text))
<BR><BR>[Calls]<UL><LI><a href="#[33]">&gt;&gt;</a>&nbsp;&nbsp;&nbsp;__aeabi_i2f_normalise
</UL>
<BR>[Called By]<UL><LI><a href="#[88]">&gt;&gt;</a>&nbsp;&nbsp;&nbsp;InitNormalization
</UL>

<P><STRONG><a name="[e1]"></a>_ffltu</STRONG> (Thumb, 0 bytes, Stack size 0 bytes, fflti.o(.text), UNUSED)

<P><STRONG><a name="[26]"></a>__user_setup_stackheap</STRONG> (Thumb, 62 bytes, Stack size 8 bytes, sys_stackheap_outer.o(.text))
<BR><BR>[Stack]<UL><LI>Max Depth = 8 + Unknown Stack Size
<LI>Call Chain = __user_setup_stackheap
</UL>
<BR>[Calls]<UL><LI><a href="#[36]">&gt;&gt;</a>&nbsp;&nbsp;&nbsp;__user_initial_stackheap
<LI><a href="#[35]">&gt;&gt;</a>&nbsp;&nbsp;&nbsp;__user_perproc_libspace
</UL>
<BR>[Called By]<UL><LI><a href="#[25]">&gt;&gt;</a>&nbsp;&nbsp;&nbsp;__rt_entry_sh
</UL>

<P><STRONG><a name="[2b]"></a>exit</STRONG> (Thumb, 16 bytes, Stack size 8 bytes, exit.o(.text))
<BR><BR>[Stack]<UL><LI>Max Depth = 8 + Unknown Stack Size
<LI>Call Chain = exit
</UL>
<BR>[Calls]<UL><LI><a href="#[37]">&gt;&gt;</a>&nbsp;&nbsp;&nbsp;_call_atexit_fns (Weak Reference)
<LI><a href="#[38]">&gt;&gt;</a>&nbsp;&nbsp;&nbsp;__rt_exit
</UL>
<BR>[Called By]<UL><LI><a href="#[29]">&gt;&gt;</a>&nbsp;&nbsp;&nbsp;__rt_entry_main
</UL>

<P><STRONG><a name="[e2]"></a>__user_libspace</STRONG> (Thumb, 8 bytes, Stack size 0 bytes, libspace.o(.text), UNUSED)

<P><STRONG><a name="[35]"></a>__user_perproc_libspace</STRONG> (Thumb, 0 bytes, Stack size 0 bytes, libspace.o(.text))
<BR><BR>[Called By]<UL><LI><a href="#[26]">&gt;&gt;</a>&nbsp;&nbsp;&nbsp;__user_setup_stackheap
</UL>

<P><STRONG><a name="[e3]"></a>__user_perthread_libspace</STRONG> (Thumb, 0 bytes, Stack size 0 bytes, libspace.o(.text), UNUSED)

<P><STRONG><a name="[2f]"></a>_sys_exit</STRONG> (Thumb, 8 bytes, Stack size 0 bytes, sys_exit.o(.text))
<BR><BR>[Called By]<UL><LI><a href="#[2e]">&gt;&gt;</a>&nbsp;&nbsp;&nbsp;__rt_exit_exit
</UL>

<P><STRONG><a name="[e4]"></a>__I$use$semihosting</STRONG> (Thumb, 0 bytes, Stack size 0 bytes, use_no_semi.o(.text), UNUSED)

<P><STRONG><a name="[e5]"></a>__use_no_semihosting_swi</STRONG> (Thumb, 2 bytes, Stack size 0 bytes, use_no_semi.o(.text), UNUSED)

<P><STRONG><a name="[58]"></a>ADC_AnyChannelCmd</STRONG> (Thumb, 20 bytes, Stack size 0 bytes, hal_adc.o(i.ADC_AnyChannelCmd))
<BR><BR>[Called By]<UL><LI><a href="#[3c]">&gt;&gt;</a>&nbsp;&nbsp;&nbsp;Drv_Adc_Channel_Init
</UL>

<P><STRONG><a name="[e6]"></a>__semihosting_library_function</STRONG> (Thumb, 0 bytes, Stack size 0 bytes, indicate_semi.o(.text), UNUSED)

<P><STRONG><a name="[56]"></a>ADC_AnyChannelNumCfg</STRONG> (Thumb, 16 bytes, Stack size 0 bytes, hal_adc.o(i.ADC_AnyChannelNumCfg))
<BR><BR>[Called By]<UL><LI><a href="#[3c]">&gt;&gt;</a>&nbsp;&nbsp;&nbsp;Drv_Adc_Channel_Init
</UL>

<P><STRONG><a name="[57]"></a>ADC_AnyChannelSelect</STRONG> (Thumb, 44 bytes, Stack size 8 bytes, hal_adc.o(i.ADC_AnyChannelSelect))
<BR><BR>[Stack]<UL><LI>Max Depth = 8<LI>Call Chain = ADC_AnyChannelSelect
</UL>
<BR>[Called By]<UL><LI><a href="#[3c]">&gt;&gt;</a>&nbsp;&nbsp;&nbsp;Drv_Adc_Channel_Init
</UL>

<P><STRONG><a name="[91]"></a>ADC_ClearITPendingBit</STRONG> (Thumb, 88 bytes, Stack size 0 bytes, hal_adc.o(i.ADC_ClearITPendingBit))
<BR><BR>[Called By]<UL><LI><a href="#[8e]">&gt;&gt;</a>&nbsp;&nbsp;&nbsp;Interrupt_Init
</UL>

<P><STRONG><a name="[3d]"></a>ADC_Cmd</STRONG> (Thumb, 20 bytes, Stack size 0 bytes, hal_adc.o(i.ADC_Cmd))
<BR><BR>[Called By]<UL><LI><a href="#[3b]">&gt;&gt;</a>&nbsp;&nbsp;&nbsp;Drv_Adc_Basic_Init
<LI><a href="#[3a]">&gt;&gt;</a>&nbsp;&nbsp;&nbsp;Board_ADC_Init
</UL>

<P><STRONG><a name="[54]"></a>ADC_ExternalTrigConvCmd</STRONG> (Thumb, 18 bytes, Stack size 0 bytes, hal_adc.o(i.ADC_ExternalTrigConvCmd))
<BR><BR>[Called By]<UL><LI><a href="#[3b]">&gt;&gt;</a>&nbsp;&nbsp;&nbsp;Drv_Adc_Basic_Init
</UL>

<P><STRONG><a name="[53]"></a>ADC_ExternalTrigSourceConfig</STRONG> (Thumb, 44 bytes, Stack size 12 bytes, hal_adc.o(i.ADC_ExternalTrigSourceConfig))
<BR><BR>[Stack]<UL><LI>Max Depth = 12<LI>Call Chain = ADC_ExternalTrigSourceConfig
</UL>
<BR>[Called By]<UL><LI><a href="#[3b]">&gt;&gt;</a>&nbsp;&nbsp;&nbsp;Drv_Adc_Basic_Init
</UL>

<P><STRONG><a name="[15]"></a>ADC_IRQHandler</STRONG> (Thumb, 36 bytes, Stack size 8 bytes, mm32_it.o(i.ADC_IRQHandler))
<BR><BR>[Stack]<UL><LI>Max Depth = 64<LI>Call Chain = ADC_IRQHandler &rArr; Motor_Drive &rArr; HALLModuleCalc &rArr; HALL_ReadHallPorts
</UL>
<BR>[Calls]<UL><LI><a href="#[39]">&gt;&gt;</a>&nbsp;&nbsp;&nbsp;Motor_Drive
</UL>
<BR>[Address Reference Count : 1]<UL><LI> startup_mm32spin0230_keil.o(RESET)
</UL>
<P><STRONG><a name="[90]"></a>ADC_ITConfig</STRONG> (Thumb, 168 bytes, Stack size 20 bytes, hal_adc.o(i.ADC_ITConfig))
<BR><BR>[Stack]<UL><LI>Max Depth = 20<LI>Call Chain = ADC_ITConfig
</UL>
<BR>[Called By]<UL><LI><a href="#[8e]">&gt;&gt;</a>&nbsp;&nbsp;&nbsp;Interrupt_Init
</UL>

<P><STRONG><a name="[52]"></a>ADC_Init</STRONG> (Thumb, 70 bytes, Stack size 8 bytes, hal_adc.o(i.ADC_Init))
<BR><BR>[Stack]<UL><LI>Max Depth = 8<LI>Call Chain = ADC_Init
</UL>
<BR>[Called By]<UL><LI><a href="#[3b]">&gt;&gt;</a>&nbsp;&nbsp;&nbsp;Drv_Adc_Basic_Init
</UL>

<P><STRONG><a name="[55]"></a>ADC_SampleTimeConfig</STRONG> (Thumb, 44 bytes, Stack size 8 bytes, hal_adc.o(i.ADC_SampleTimeConfig))
<BR><BR>[Stack]<UL><LI>Max Depth = 8<LI>Call Chain = ADC_SampleTimeConfig
</UL>
<BR>[Called By]<UL><LI><a href="#[3c]">&gt;&gt;</a>&nbsp;&nbsp;&nbsp;Drv_Adc_Channel_Init
</UL>

<P><STRONG><a name="[51]"></a>ADC_StructInit</STRONG> (Thumb, 12 bytes, Stack size 0 bytes, hal_adc.o(i.ADC_StructInit))
<BR><BR>[Called By]<UL><LI><a href="#[3b]">&gt;&gt;</a>&nbsp;&nbsp;&nbsp;Drv_Adc_Basic_Init
</UL>

<P><STRONG><a name="[3a]"></a>Board_ADC_Init</STRONG> (Thumb, 80 bytes, Stack size 40 bytes, board.o(i.Board_ADC_Init))
<BR><BR>[Stack]<UL><LI>Max Depth = 84<LI>Call Chain = Board_ADC_Init &rArr; Drv_Adc_Basic_Init &rArr; ADC_ExternalTrigSourceConfig
</UL>
<BR>[Calls]<UL><LI><a href="#[3c]">&gt;&gt;</a>&nbsp;&nbsp;&nbsp;Drv_Adc_Channel_Init
<LI><a href="#[3b]">&gt;&gt;</a>&nbsp;&nbsp;&nbsp;Drv_Adc_Basic_Init
<LI><a href="#[3d]">&gt;&gt;</a>&nbsp;&nbsp;&nbsp;ADC_Cmd
</UL>
<BR>[Called By]<UL><LI><a href="#[a3]">&gt;&gt;</a>&nbsp;&nbsp;&nbsp;Peripheral_Init
</UL>

<P><STRONG><a name="[3e]"></a>Board_Comp_Init</STRONG> (Thumb, 24 bytes, Stack size 16 bytes, board.o(i.Board_Comp_Init))
<BR><BR>[Stack]<UL><LI>Max Depth = 72<LI>Call Chain = Board_Comp_Init &rArr; Drv_Comp_Init &rArr; COMP_Init
</UL>
<BR>[Calls]<UL><LI><a href="#[3f]">&gt;&gt;</a>&nbsp;&nbsp;&nbsp;Drv_Comp_Init
</UL>
<BR>[Called By]<UL><LI><a href="#[a3]">&gt;&gt;</a>&nbsp;&nbsp;&nbsp;Peripheral_Init
</UL>

<P><STRONG><a name="[40]"></a>Board_Opamp_Init</STRONG> (Thumb, 36 bytes, Stack size 8 bytes, board.o(i.Board_Opamp_Init))
<BR><BR>[Stack]<UL><LI>Max Depth = 8<LI>Call Chain = Board_Opamp_Init
</UL>
<BR>[Calls]<UL><LI><a href="#[41]">&gt;&gt;</a>&nbsp;&nbsp;&nbsp;RCC_APB1PeriphClockCmd
<LI><a href="#[42]">&gt;&gt;</a>&nbsp;&nbsp;&nbsp;OPAMP_Cmd
</UL>
<BR>[Called By]<UL><LI><a href="#[a3]">&gt;&gt;</a>&nbsp;&nbsp;&nbsp;Peripheral_Init
</UL>

<P><STRONG><a name="[43]"></a>Bsp_Adc_Init</STRONG> (Thumb, 84 bytes, Stack size 16 bytes, board.o(i.Bsp_Adc_Init))
<BR><BR>[Stack]<UL><LI>Max Depth = 36<LI>Call Chain = Bsp_Adc_Init &rArr; GPIO_Init
</UL>
<BR>[Calls]<UL><LI><a href="#[45]">&gt;&gt;</a>&nbsp;&nbsp;&nbsp;RCC_AHBPeriphClockCmd
<LI><a href="#[44]">&gt;&gt;</a>&nbsp;&nbsp;&nbsp;GPIO_StructInit
<LI><a href="#[46]">&gt;&gt;</a>&nbsp;&nbsp;&nbsp;GPIO_Init
</UL>
<BR>[Called By]<UL><LI><a href="#[48]">&gt;&gt;</a>&nbsp;&nbsp;&nbsp;Bsp_Gpio_Init
</UL>

<P><STRONG><a name="[47]"></a>Bsp_Comp_Init</STRONG> (Thumb, 38 bytes, Stack size 8 bytes, board.o(i.Bsp_Comp_Init))
<BR><BR>[Stack]<UL><LI>Max Depth = 28<LI>Call Chain = Bsp_Comp_Init &rArr; GPIO_Init
</UL>
<BR>[Calls]<UL><LI><a href="#[45]">&gt;&gt;</a>&nbsp;&nbsp;&nbsp;RCC_AHBPeriphClockCmd
<LI><a href="#[44]">&gt;&gt;</a>&nbsp;&nbsp;&nbsp;GPIO_StructInit
<LI><a href="#[46]">&gt;&gt;</a>&nbsp;&nbsp;&nbsp;GPIO_Init
</UL>
<BR>[Called By]<UL><LI><a href="#[48]">&gt;&gt;</a>&nbsp;&nbsp;&nbsp;Bsp_Gpio_Init
</UL>

<P><STRONG><a name="[48]"></a>Bsp_Gpio_Init</STRONG> (Thumb, 28 bytes, Stack size 8 bytes, board.o(i.Bsp_Gpio_Init))
<BR><BR>[Stack]<UL><LI>Max Depth = 44<LI>Call Chain = Bsp_Gpio_Init &rArr; Bsp_Pwm_Init &rArr; GPIO_Init
</UL>
<BR>[Calls]<UL><LI><a href="#[4c]">&gt;&gt;</a>&nbsp;&nbsp;&nbsp;Bsp_Pwm_Init
<LI><a href="#[49]">&gt;&gt;</a>&nbsp;&nbsp;&nbsp;Bsp_Op_Init
<LI><a href="#[4a]">&gt;&gt;</a>&nbsp;&nbsp;&nbsp;Bsp_Led_Init
<LI><a href="#[4b]">&gt;&gt;</a>&nbsp;&nbsp;&nbsp;Bsp_Hall_Init
<LI><a href="#[47]">&gt;&gt;</a>&nbsp;&nbsp;&nbsp;Bsp_Comp_Init
<LI><a href="#[43]">&gt;&gt;</a>&nbsp;&nbsp;&nbsp;Bsp_Adc_Init
</UL>
<BR>[Called By]<UL><LI><a href="#[2a]">&gt;&gt;</a>&nbsp;&nbsp;&nbsp;main
</UL>

<P><STRONG><a name="[4b]"></a>Bsp_Hall_Init</STRONG> (Thumb, 102 bytes, Stack size 16 bytes, board.o(i.Bsp_Hall_Init))
<BR><BR>[Stack]<UL><LI>Max Depth = 36<LI>Call Chain = Bsp_Hall_Init &rArr; GPIO_Init
</UL>
<BR>[Calls]<UL><LI><a href="#[45]">&gt;&gt;</a>&nbsp;&nbsp;&nbsp;RCC_AHBPeriphClockCmd
<LI><a href="#[44]">&gt;&gt;</a>&nbsp;&nbsp;&nbsp;GPIO_StructInit
<LI><a href="#[4d]">&gt;&gt;</a>&nbsp;&nbsp;&nbsp;GPIO_PinAFConfig
<LI><a href="#[46]">&gt;&gt;</a>&nbsp;&nbsp;&nbsp;GPIO_Init
</UL>
<BR>[Called By]<UL><LI><a href="#[48]">&gt;&gt;</a>&nbsp;&nbsp;&nbsp;Bsp_Gpio_Init
</UL>

<P><STRONG><a name="[4a]"></a>Bsp_Led_Init</STRONG> (Thumb, 40 bytes, Stack size 8 bytes, board.o(i.Bsp_Led_Init))
<BR><BR>[Stack]<UL><LI>Max Depth = 28<LI>Call Chain = Bsp_Led_Init &rArr; GPIO_Init
</UL>
<BR>[Calls]<UL><LI><a href="#[45]">&gt;&gt;</a>&nbsp;&nbsp;&nbsp;RCC_AHBPeriphClockCmd
<LI><a href="#[44]">&gt;&gt;</a>&nbsp;&nbsp;&nbsp;GPIO_StructInit
<LI><a href="#[46]">&gt;&gt;</a>&nbsp;&nbsp;&nbsp;GPIO_Init
</UL>
<BR>[Called By]<UL><LI><a href="#[48]">&gt;&gt;</a>&nbsp;&nbsp;&nbsp;Bsp_Gpio_Init
</UL>

<P><STRONG><a name="[49]"></a>Bsp_Op_Init</STRONG> (Thumb, 82 bytes, Stack size 16 bytes, board.o(i.Bsp_Op_Init))
<BR><BR>[Stack]<UL><LI>Max Depth = 36<LI>Call Chain = Bsp_Op_Init &rArr; GPIO_Init
</UL>
<BR>[Calls]<UL><LI><a href="#[45]">&gt;&gt;</a>&nbsp;&nbsp;&nbsp;RCC_AHBPeriphClockCmd
<LI><a href="#[44]">&gt;&gt;</a>&nbsp;&nbsp;&nbsp;GPIO_StructInit
<LI><a href="#[46]">&gt;&gt;</a>&nbsp;&nbsp;&nbsp;GPIO_Init
</UL>
<BR>[Called By]<UL><LI><a href="#[48]">&gt;&gt;</a>&nbsp;&nbsp;&nbsp;Bsp_Gpio_Init
</UL>

<P><STRONG><a name="[4c]"></a>Bsp_Pwm_Init</STRONG> (Thumb, 178 bytes, Stack size 16 bytes, board.o(i.Bsp_Pwm_Init))
<BR><BR>[Stack]<UL><LI>Max Depth = 36<LI>Call Chain = Bsp_Pwm_Init &rArr; GPIO_Init
</UL>
<BR>[Calls]<UL><LI><a href="#[45]">&gt;&gt;</a>&nbsp;&nbsp;&nbsp;RCC_AHBPeriphClockCmd
<LI><a href="#[44]">&gt;&gt;</a>&nbsp;&nbsp;&nbsp;GPIO_StructInit
<LI><a href="#[4d]">&gt;&gt;</a>&nbsp;&nbsp;&nbsp;GPIO_PinAFConfig
<LI><a href="#[46]">&gt;&gt;</a>&nbsp;&nbsp;&nbsp;GPIO_Init
</UL>
<BR>[Called By]<UL><LI><a href="#[48]">&gt;&gt;</a>&nbsp;&nbsp;&nbsp;Bsp_Gpio_Init
</UL>

<P><STRONG><a name="[99]"></a>CLARKE_MACRO1</STRONG> (Thumb, 54 bytes, Stack size 8 bytes, foc_math.o(i.CLARKE_MACRO1))
<BR><BR>[Stack]<UL><LI>Max Depth = 8<LI>Call Chain = CLARKE_MACRO1
</UL>
<BR>[Called By]<UL><LI><a href="#[39]">&gt;&gt;</a>&nbsp;&nbsp;&nbsp;Motor_Drive
</UL>

<P><STRONG><a name="[5c]"></a>COMP_Cmd</STRONG> (Thumb, 20 bytes, Stack size 0 bytes, hal_comp.o(i.COMP_Cmd))
<BR><BR>[Called By]<UL><LI><a href="#[3f]">&gt;&gt;</a>&nbsp;&nbsp;&nbsp;Drv_Comp_Init
</UL>

<P><STRONG><a name="[59]"></a>COMP_DeInit</STRONG> (Thumb, 6 bytes, Stack size 0 bytes, hal_comp.o(i.COMP_DeInit))
<BR><BR>[Called By]<UL><LI><a href="#[3f]">&gt;&gt;</a>&nbsp;&nbsp;&nbsp;Drv_Comp_Init
</UL>

<P><STRONG><a name="[5a]"></a>COMP_Init</STRONG> (Thumb, 34 bytes, Stack size 8 bytes, hal_comp.o(i.COMP_Init))
<BR><BR>[Stack]<UL><LI>Max Depth = 8<LI>Call Chain = COMP_Init
</UL>
<BR>[Called By]<UL><LI><a href="#[3f]">&gt;&gt;</a>&nbsp;&nbsp;&nbsp;Drv_Comp_Init
</UL>

<P><STRONG><a name="[5b]"></a>COMP_SetCrv</STRONG> (Thumb, 30 bytes, Stack size 0 bytes, hal_comp.o(i.COMP_SetCrv))
<BR><BR>[Called By]<UL><LI><a href="#[3f]">&gt;&gt;</a>&nbsp;&nbsp;&nbsp;Drv_Comp_Init
</UL>

<P><STRONG><a name="[4e]"></a>CalcNormalization</STRONG> (Thumb, 88 bytes, Stack size 24 bytes, foc_math.o(i.CalcNormalization))
<BR><BR>[Stack]<UL><LI>Max Depth = 40<LI>Call Chain = CalcNormalization &rArr; __aeabi_fmul
</UL>
<BR>[Calls]<UL><LI><a href="#[4f]">&gt;&gt;</a>&nbsp;&nbsp;&nbsp;__aeabi_fmul
<LI><a href="#[32]">&gt;&gt;</a>&nbsp;&nbsp;&nbsp;__aeabi_i2f
<LI><a href="#[50]">&gt;&gt;</a>&nbsp;&nbsp;&nbsp;__aeabi_f2uiz
</UL>
<BR>[Called By]<UL><LI><a href="#[2a]">&gt;&gt;</a>&nbsp;&nbsp;&nbsp;main
</UL>

<P><STRONG><a name="[9b]"></a>CalcPI</STRONG> (Thumb, 64 bytes, Stack size 8 bytes, pid.o(i.CalcPI))
<BR><BR>[Stack]<UL><LI>Max Depth = 8<LI>Call Chain = CalcPI
</UL>
<BR>[Called By]<UL><LI><a href="#[39]">&gt;&gt;</a>&nbsp;&nbsp;&nbsp;Motor_Drive
<LI><a href="#[2a]">&gt;&gt;</a>&nbsp;&nbsp;&nbsp;main
</UL>

<P><STRONG><a name="[a4]"></a>Clear_Over_Flag</STRONG> (Thumb, 6 bytes, Stack size 0 bytes, systick.o(i.Clear_Over_Flag))
<BR><BR>[Called By]<UL><LI><a href="#[a]">&gt;&gt;</a>&nbsp;&nbsp;&nbsp;SysTick_Handler
</UL>

<P><STRONG><a name="[13]"></a>DMA1_Channel1_IRQHandler</STRONG> (Thumb, 2 bytes, Stack size 0 bytes, mm32_it.o(i.DMA1_Channel1_IRQHandler))
<BR>[Address Reference Count : 1]<UL><LI> startup_mm32spin0230_keil.o(RESET)
</UL>
<P><STRONG><a name="[b1]"></a>Diagnose_IBUS_ADC</STRONG> (Thumb, 38 bytes, Stack size 0 bytes, diagnose.o(i.Diagnose_IBUS_ADC))
<BR><BR>[Called By]<UL><LI><a href="#[2a]">&gt;&gt;</a>&nbsp;&nbsp;&nbsp;main
</UL>

<P><STRONG><a name="[b5]"></a>Diagnose_VBUS_ADC</STRONG> (Thumb, 140 bytes, Stack size 12 bytes, diagnose.o(i.Diagnose_VBUS_ADC))
<BR><BR>[Stack]<UL><LI>Max Depth = 12<LI>Call Chain = Diagnose_VBUS_ADC
</UL>
<BR>[Called By]<UL><LI><a href="#[2a]">&gt;&gt;</a>&nbsp;&nbsp;&nbsp;main
</UL>

<P><STRONG><a name="[85]"></a>Division</STRONG> (Thumb, 22 bytes, Stack size 0 bytes, drv_div.o(i.Division))
<BR><BR>[Called By]<UL><LI><a href="#[83]">&gt;&gt;</a>&nbsp;&nbsp;&nbsp;HALLModuleCalc
</UL>

<P><STRONG><a name="[3b]"></a>Drv_Adc_Basic_Init</STRONG> (Thumb, 72 bytes, Stack size 32 bytes, drv_adc.o(i.Drv_Adc_Basic_Init))
<BR><BR>[Stack]<UL><LI>Max Depth = 44<LI>Call Chain = Drv_Adc_Basic_Init &rArr; ADC_ExternalTrigSourceConfig
</UL>
<BR>[Calls]<UL><LI><a href="#[41]">&gt;&gt;</a>&nbsp;&nbsp;&nbsp;RCC_APB1PeriphClockCmd
<LI><a href="#[3d]">&gt;&gt;</a>&nbsp;&nbsp;&nbsp;ADC_Cmd
<LI><a href="#[51]">&gt;&gt;</a>&nbsp;&nbsp;&nbsp;ADC_StructInit
<LI><a href="#[52]">&gt;&gt;</a>&nbsp;&nbsp;&nbsp;ADC_Init
<LI><a href="#[53]">&gt;&gt;</a>&nbsp;&nbsp;&nbsp;ADC_ExternalTrigSourceConfig
<LI><a href="#[54]">&gt;&gt;</a>&nbsp;&nbsp;&nbsp;ADC_ExternalTrigConvCmd
</UL>
<BR>[Called By]<UL><LI><a href="#[3a]">&gt;&gt;</a>&nbsp;&nbsp;&nbsp;Board_ADC_Init
</UL>

<P><STRONG><a name="[3c]"></a>Drv_Adc_Channel_Init</STRONG> (Thumb, 68 bytes, Stack size 24 bytes, drv_adc.o(i.Drv_Adc_Channel_Init))
<BR><BR>[Stack]<UL><LI>Max Depth = 32<LI>Call Chain = Drv_Adc_Channel_Init &rArr; ADC_SampleTimeConfig
</UL>
<BR>[Calls]<UL><LI><a href="#[55]">&gt;&gt;</a>&nbsp;&nbsp;&nbsp;ADC_SampleTimeConfig
<LI><a href="#[57]">&gt;&gt;</a>&nbsp;&nbsp;&nbsp;ADC_AnyChannelSelect
<LI><a href="#[56]">&gt;&gt;</a>&nbsp;&nbsp;&nbsp;ADC_AnyChannelNumCfg
<LI><a href="#[58]">&gt;&gt;</a>&nbsp;&nbsp;&nbsp;ADC_AnyChannelCmd
</UL>
<BR>[Called By]<UL><LI><a href="#[3a]">&gt;&gt;</a>&nbsp;&nbsp;&nbsp;Board_ADC_Init
</UL>

<P><STRONG><a name="[3f]"></a>Drv_Comp_Init</STRONG> (Thumb, 86 bytes, Stack size 48 bytes, drv_comp.o(i.Drv_Comp_Init))
<BR><BR>[Stack]<UL><LI>Max Depth = 56<LI>Call Chain = Drv_Comp_Init &rArr; COMP_Init
</UL>
<BR>[Calls]<UL><LI><a href="#[41]">&gt;&gt;</a>&nbsp;&nbsp;&nbsp;RCC_APB1PeriphClockCmd
<LI><a href="#[5b]">&gt;&gt;</a>&nbsp;&nbsp;&nbsp;COMP_SetCrv
<LI><a href="#[5a]">&gt;&gt;</a>&nbsp;&nbsp;&nbsp;COMP_Init
<LI><a href="#[59]">&gt;&gt;</a>&nbsp;&nbsp;&nbsp;COMP_DeInit
<LI><a href="#[5c]">&gt;&gt;</a>&nbsp;&nbsp;&nbsp;COMP_Cmd
</UL>
<BR>[Called By]<UL><LI><a href="#[3e]">&gt;&gt;</a>&nbsp;&nbsp;&nbsp;Board_Comp_Init
</UL>

<P><STRONG><a name="[5d]"></a>Drv_Hall_Init</STRONG> (Thumb, 176 bytes, Stack size 40 bytes, drv_tim.o(i.Drv_Hall_Init))
<BR><BR>[Stack]<UL><LI>Max Depth = 68<LI>Call Chain = Drv_Hall_Init &rArr; TIM_ICInit &rArr; TI1_Configure
</UL>
<BR>[Calls]<UL><LI><a href="#[69]">&gt;&gt;</a>&nbsp;&nbsp;&nbsp;TIM_ITConfig
<LI><a href="#[6b]">&gt;&gt;</a>&nbsp;&nbsp;&nbsp;TIM_Cmd
<LI><a href="#[41]">&gt;&gt;</a>&nbsp;&nbsp;&nbsp;RCC_APB1PeriphClockCmd
<LI><a href="#[68]">&gt;&gt;</a>&nbsp;&nbsp;&nbsp;TIM_UpdateRequestConfig
<LI><a href="#[5f]">&gt;&gt;</a>&nbsp;&nbsp;&nbsp;TIM_TimeBaseStructInit
<LI><a href="#[60]">&gt;&gt;</a>&nbsp;&nbsp;&nbsp;TIM_TimeBaseInit
<LI><a href="#[67]">&gt;&gt;</a>&nbsp;&nbsp;&nbsp;TIM_SelectSlaveMode
<LI><a href="#[63]">&gt;&gt;</a>&nbsp;&nbsp;&nbsp;TIM_SelectMasterSlaveMode
<LI><a href="#[66]">&gt;&gt;</a>&nbsp;&nbsp;&nbsp;TIM_SelectInputTrigger
<LI><a href="#[65]">&gt;&gt;</a>&nbsp;&nbsp;&nbsp;TIM_SelectHallSensor
<LI><a href="#[64]">&gt;&gt;</a>&nbsp;&nbsp;&nbsp;TIM_InternalClockConfig
<LI><a href="#[61]">&gt;&gt;</a>&nbsp;&nbsp;&nbsp;TIM_ICStructInit
<LI><a href="#[62]">&gt;&gt;</a>&nbsp;&nbsp;&nbsp;TIM_ICInit
<LI><a href="#[5e]">&gt;&gt;</a>&nbsp;&nbsp;&nbsp;TIM_DeInit
<LI><a href="#[6a]">&gt;&gt;</a>&nbsp;&nbsp;&nbsp;TIM_ClearITPendingBit
</UL>
<BR>[Called By]<UL><LI><a href="#[a3]">&gt;&gt;</a>&nbsp;&nbsp;&nbsp;Peripheral_Init
</UL>

<P><STRONG><a name="[6c]"></a>Drv_Hwdiv_Init</STRONG> (Thumb, 22 bytes, Stack size 8 bytes, drv_div.o(i.Drv_Hwdiv_Init))
<BR><BR>[Stack]<UL><LI>Max Depth = 8<LI>Call Chain = Drv_Hwdiv_Init
</UL>
<BR>[Calls]<UL><LI><a href="#[45]">&gt;&gt;</a>&nbsp;&nbsp;&nbsp;RCC_AHBPeriphClockCmd
</UL>
<BR>[Called By]<UL><LI><a href="#[a3]">&gt;&gt;</a>&nbsp;&nbsp;&nbsp;Peripheral_Init
</UL>

<P><STRONG><a name="[6d]"></a>Drv_Iwdg_Init</STRONG> (Thumb, 62 bytes, Stack size 8 bytes, drv_iwdg.o(i.Drv_Iwdg_Init))
<BR><BR>[Stack]<UL><LI>Max Depth = 16<LI>Call Chain = Drv_Iwdg_Init &rArr; IWDG_SetReload &rArr; RVU_CheckStatus
</UL>
<BR>[Calls]<UL><LI><a href="#[73]">&gt;&gt;</a>&nbsp;&nbsp;&nbsp;RVU_CheckStatus
<LI><a href="#[70]">&gt;&gt;</a>&nbsp;&nbsp;&nbsp;PVU_CheckStatus
<LI><a href="#[71]">&gt;&gt;</a>&nbsp;&nbsp;&nbsp;IWDG_WriteAccessCmd
<LI><a href="#[74]">&gt;&gt;</a>&nbsp;&nbsp;&nbsp;IWDG_SetReload
<LI><a href="#[72]">&gt;&gt;</a>&nbsp;&nbsp;&nbsp;IWDG_SetPrescaler
<LI><a href="#[75]">&gt;&gt;</a>&nbsp;&nbsp;&nbsp;IWDG_ReloadCounter
<LI><a href="#[76]">&gt;&gt;</a>&nbsp;&nbsp;&nbsp;IWDG_Enable
<LI><a href="#[6e]">&gt;&gt;</a>&nbsp;&nbsp;&nbsp;RCC_LSICmd
<LI><a href="#[6f]">&gt;&gt;</a>&nbsp;&nbsp;&nbsp;RCC_GetFlagStatus
</UL>
<BR>[Called By]<UL><LI><a href="#[a3]">&gt;&gt;</a>&nbsp;&nbsp;&nbsp;Peripheral_Init
</UL>

<P><STRONG><a name="[77]"></a>Drv_Pwm_Init</STRONG> (Thumb, 198 bytes, Stack size 80 bytes, drv_pwm.o(i.Drv_Pwm_Init))
<BR><BR>[Stack]<UL><LI>Max Depth = 92<LI>Call Chain = Drv_Pwm_Init &rArr; TIM_TimeBaseInit
</UL>
<BR>[Calls]<UL><LI><a href="#[6b]">&gt;&gt;</a>&nbsp;&nbsp;&nbsp;TIM_Cmd
<LI><a href="#[41]">&gt;&gt;</a>&nbsp;&nbsp;&nbsp;RCC_APB1PeriphClockCmd
<LI><a href="#[60]">&gt;&gt;</a>&nbsp;&nbsp;&nbsp;TIM_TimeBaseInit
<LI><a href="#[80]">&gt;&gt;</a>&nbsp;&nbsp;&nbsp;TIM_OC4PreloadConfig
<LI><a href="#[7c]">&gt;&gt;</a>&nbsp;&nbsp;&nbsp;TIM_OC4Init
<LI><a href="#[7f]">&gt;&gt;</a>&nbsp;&nbsp;&nbsp;TIM_OC3PreloadConfig
<LI><a href="#[7b]">&gt;&gt;</a>&nbsp;&nbsp;&nbsp;TIM_OC3Init
<LI><a href="#[7e]">&gt;&gt;</a>&nbsp;&nbsp;&nbsp;TIM_OC2PreloadConfig
<LI><a href="#[7a]">&gt;&gt;</a>&nbsp;&nbsp;&nbsp;TIM_OC2Init
<LI><a href="#[7d]">&gt;&gt;</a>&nbsp;&nbsp;&nbsp;TIM_OC1PreloadConfig
<LI><a href="#[79]">&gt;&gt;</a>&nbsp;&nbsp;&nbsp;TIM_OC1Init
<LI><a href="#[82]">&gt;&gt;</a>&nbsp;&nbsp;&nbsp;TIM_CtrlPWMOutputs
<LI><a href="#[78]">&gt;&gt;</a>&nbsp;&nbsp;&nbsp;TIM_BDTRConfig
<LI><a href="#[81]">&gt;&gt;</a>&nbsp;&nbsp;&nbsp;TIM_ARRPreloadConfig
</UL>
<BR>[Called By]<UL><LI><a href="#[a3]">&gt;&gt;</a>&nbsp;&nbsp;&nbsp;Peripheral_Init
</UL>

<P><STRONG><a name="[f]"></a>EXTI0_1_IRQHandler</STRONG> (Thumb, 2 bytes, Stack size 0 bytes, mm32_it.o(i.EXTI0_1_IRQHandler))
<BR>[Address Reference Count : 1]<UL><LI> startup_mm32spin0230_keil.o(RESET)
</UL>
<P><STRONG><a name="[10]"></a>EXTI2_3_IRQHandler</STRONG> (Thumb, 2 bytes, Stack size 0 bytes, mm32_it.o(i.EXTI2_3_IRQHandler))
<BR>[Address Reference Count : 1]<UL><LI> startup_mm32spin0230_keil.o(RESET)
</UL>
<P><STRONG><a name="[11]"></a>EXTI4_15_IRQHandler</STRONG> (Thumb, 2 bytes, Stack size 0 bytes, mm32_it.o(i.EXTI4_15_IRQHandler))
<BR>[Address Reference Count : 1]<UL><LI> startup_mm32spin0230_keil.o(RESET)
</UL>
<P><STRONG><a name="[d]"></a>FLASH_IRQHandler</STRONG> (Thumb, 2 bytes, Stack size 0 bytes, mm32_it.o(i.FLASH_IRQHandler))
<BR>[Address Reference Count : 1]<UL><LI> startup_mm32spin0230_keil.o(RESET)
</UL>
<P><STRONG><a name="[46]"></a>GPIO_Init</STRONG> (Thumb, 134 bytes, Stack size 20 bytes, hal_gpio.o(i.GPIO_Init))
<BR><BR>[Stack]<UL><LI>Max Depth = 20<LI>Call Chain = GPIO_Init
</UL>
<BR>[Called By]<UL><LI><a href="#[4c]">&gt;&gt;</a>&nbsp;&nbsp;&nbsp;Bsp_Pwm_Init
<LI><a href="#[49]">&gt;&gt;</a>&nbsp;&nbsp;&nbsp;Bsp_Op_Init
<LI><a href="#[4a]">&gt;&gt;</a>&nbsp;&nbsp;&nbsp;Bsp_Led_Init
<LI><a href="#[4b]">&gt;&gt;</a>&nbsp;&nbsp;&nbsp;Bsp_Hall_Init
<LI><a href="#[47]">&gt;&gt;</a>&nbsp;&nbsp;&nbsp;Bsp_Comp_Init
<LI><a href="#[43]">&gt;&gt;</a>&nbsp;&nbsp;&nbsp;Bsp_Adc_Init
</UL>

<P><STRONG><a name="[4d]"></a>GPIO_PinAFConfig</STRONG> (Thumb, 32 bytes, Stack size 8 bytes, hal_gpio.o(i.GPIO_PinAFConfig))
<BR><BR>[Stack]<UL><LI>Max Depth = 8<LI>Call Chain = GPIO_PinAFConfig
</UL>
<BR>[Called By]<UL><LI><a href="#[4c]">&gt;&gt;</a>&nbsp;&nbsp;&nbsp;Bsp_Pwm_Init
<LI><a href="#[4b]">&gt;&gt;</a>&nbsp;&nbsp;&nbsp;Bsp_Hall_Init
</UL>

<P><STRONG><a name="[87]"></a>GPIO_ReadInputDataBit</STRONG> (Thumb, 10 bytes, Stack size 0 bytes, hal_gpio.o(i.GPIO_ReadInputDataBit))
<BR><BR>[Called By]<UL><LI><a href="#[84]">&gt;&gt;</a>&nbsp;&nbsp;&nbsp;HALL_ReadHallPorts
</UL>

<P><STRONG><a name="[44]"></a>GPIO_StructInit</STRONG> (Thumb, 16 bytes, Stack size 0 bytes, hal_gpio.o(i.GPIO_StructInit))
<BR><BR>[Called By]<UL><LI><a href="#[4c]">&gt;&gt;</a>&nbsp;&nbsp;&nbsp;Bsp_Pwm_Init
<LI><a href="#[49]">&gt;&gt;</a>&nbsp;&nbsp;&nbsp;Bsp_Op_Init
<LI><a href="#[4a]">&gt;&gt;</a>&nbsp;&nbsp;&nbsp;Bsp_Led_Init
<LI><a href="#[4b]">&gt;&gt;</a>&nbsp;&nbsp;&nbsp;Bsp_Hall_Init
<LI><a href="#[47]">&gt;&gt;</a>&nbsp;&nbsp;&nbsp;Bsp_Comp_Init
<LI><a href="#[43]">&gt;&gt;</a>&nbsp;&nbsp;&nbsp;Bsp_Adc_Init
</UL>

<P><STRONG><a name="[97]"></a>HALLCheck</STRONG> (Thumb, 22 bytes, Stack size 0 bytes, hallhandle.o(i.HALLCheck))
<BR><BR>[Called By]<UL><LI><a href="#[39]">&gt;&gt;</a>&nbsp;&nbsp;&nbsp;Motor_Drive
</UL>

<P><STRONG><a name="[83]"></a>HALLModuleCalc</STRONG> (Thumb, 172 bytes, Stack size 16 bytes, hallhandle.o(i.HALLModuleCalc))
<BR><BR>[Stack]<UL><LI>Max Depth = 32<LI>Call Chain = HALLModuleCalc &rArr; HALL_ReadHallPorts
</UL>
<BR>[Calls]<UL><LI><a href="#[84]">&gt;&gt;</a>&nbsp;&nbsp;&nbsp;HALL_ReadHallPorts
<LI><a href="#[85]">&gt;&gt;</a>&nbsp;&nbsp;&nbsp;Division
</UL>
<BR>[Called By]<UL><LI><a href="#[39]">&gt;&gt;</a>&nbsp;&nbsp;&nbsp;Motor_Drive
</UL>

<P><STRONG><a name="[86]"></a>HALLModuleInit</STRONG> (Thumb, 110 bytes, Stack size 24 bytes, hallhandle.o(i.HALLModuleInit))
<BR><BR>[Stack]<UL><LI>Max Depth = 40<LI>Call Chain = HALLModuleInit &rArr; HALL_ReadHallPorts
</UL>
<BR>[Calls]<UL><LI><a href="#[84]">&gt;&gt;</a>&nbsp;&nbsp;&nbsp;HALL_ReadHallPorts
</UL>
<BR>[Called By]<UL><LI><a href="#[8a]">&gt;&gt;</a>&nbsp;&nbsp;&nbsp;Init_Parameter
</UL>

<P><STRONG><a name="[84]"></a>HALL_ReadHallPorts</STRONG> (Thumb, 52 bytes, Stack size 16 bytes, hallhandle.o(i.HALL_ReadHallPorts))
<BR><BR>[Stack]<UL><LI>Max Depth = 16<LI>Call Chain = HALL_ReadHallPorts
</UL>
<BR>[Calls]<UL><LI><a href="#[87]">&gt;&gt;</a>&nbsp;&nbsp;&nbsp;GPIO_ReadInputDataBit
</UL>
<BR>[Called By]<UL><LI><a href="#[86]">&gt;&gt;</a>&nbsp;&nbsp;&nbsp;HALLModuleInit
<LI><a href="#[83]">&gt;&gt;</a>&nbsp;&nbsp;&nbsp;HALLModuleCalc
</UL>

<P><STRONG><a name="[12]"></a>HWDIV_IRQHandler</STRONG> (Thumb, 2 bytes, Stack size 0 bytes, mm32_it.o(i.HWDIV_IRQHandler))
<BR>[Address Reference Count : 1]<UL><LI> startup_mm32spin0230_keil.o(RESET)
</UL>
<P><STRONG><a name="[9c]"></a>IPARK_MACRO1</STRONG> (Thumb, 46 bytes, Stack size 0 bytes, foc_math.o(i.IPARK_MACRO1))
<BR><BR>[Called By]<UL><LI><a href="#[39]">&gt;&gt;</a>&nbsp;&nbsp;&nbsp;Motor_Drive
</UL>

<P><STRONG><a name="[76]"></a>IWDG_Enable</STRONG> (Thumb, 8 bytes, Stack size 0 bytes, hal_iwdg.o(i.IWDG_Enable))
<BR><BR>[Called By]<UL><LI><a href="#[6d]">&gt;&gt;</a>&nbsp;&nbsp;&nbsp;Drv_Iwdg_Init
</UL>

<P><STRONG><a name="[a1]"></a>IWDG_GetFlagStatus</STRONG> (Thumb, 16 bytes, Stack size 0 bytes, hal_iwdg.o(i.IWDG_GetFlagStatus))
<BR><BR>[Called By]<UL><LI><a href="#[73]">&gt;&gt;</a>&nbsp;&nbsp;&nbsp;RVU_CheckStatus
<LI><a href="#[70]">&gt;&gt;</a>&nbsp;&nbsp;&nbsp;PVU_CheckStatus
</UL>

<P><STRONG><a name="[75]"></a>IWDG_ReloadCounter</STRONG> (Thumb, 8 bytes, Stack size 0 bytes, hal_iwdg.o(i.IWDG_ReloadCounter))
<BR><BR>[Called By]<UL><LI><a href="#[6d]">&gt;&gt;</a>&nbsp;&nbsp;&nbsp;Drv_Iwdg_Init
</UL>

<P><STRONG><a name="[72]"></a>IWDG_SetPrescaler</STRONG> (Thumb, 12 bytes, Stack size 4 bytes, hal_iwdg.o(i.IWDG_SetPrescaler))
<BR><BR>[Stack]<UL><LI>Max Depth = 8<LI>Call Chain = IWDG_SetPrescaler &rArr; PVU_CheckStatus
</UL>
<BR>[Calls]<UL><LI><a href="#[70]">&gt;&gt;</a>&nbsp;&nbsp;&nbsp;PVU_CheckStatus
</UL>
<BR>[Called By]<UL><LI><a href="#[6d]">&gt;&gt;</a>&nbsp;&nbsp;&nbsp;Drv_Iwdg_Init
</UL>

<P><STRONG><a name="[74]"></a>IWDG_SetReload</STRONG> (Thumb, 12 bytes, Stack size 4 bytes, hal_iwdg.o(i.IWDG_SetReload))
<BR><BR>[Stack]<UL><LI>Max Depth = 8<LI>Call Chain = IWDG_SetReload &rArr; RVU_CheckStatus
</UL>
<BR>[Calls]<UL><LI><a href="#[73]">&gt;&gt;</a>&nbsp;&nbsp;&nbsp;RVU_CheckStatus
</UL>
<BR>[Called By]<UL><LI><a href="#[6d]">&gt;&gt;</a>&nbsp;&nbsp;&nbsp;Drv_Iwdg_Init
</UL>

<P><STRONG><a name="[71]"></a>IWDG_WriteAccessCmd</STRONG> (Thumb, 6 bytes, Stack size 0 bytes, hal_iwdg.o(i.IWDG_WriteAccessCmd))
<BR><BR>[Called By]<UL><LI><a href="#[6d]">&gt;&gt;</a>&nbsp;&nbsp;&nbsp;Drv_Iwdg_Init
</UL>

<P><STRONG><a name="[a5]"></a>Inc_Systicks</STRONG> (Thumb, 10 bytes, Stack size 0 bytes, systick.o(i.Inc_Systicks))
<BR><BR>[Called By]<UL><LI><a href="#[a]">&gt;&gt;</a>&nbsp;&nbsp;&nbsp;SysTick_Handler
</UL>

<P><STRONG><a name="[88]"></a>InitNormalization</STRONG> (Thumb, 44 bytes, Stack size 16 bytes, foc_math.o(i.InitNormalization))
<BR><BR>[Stack]<UL><LI>Max Depth = 36<LI>Call Chain = InitNormalization &rArr; __aeabi_fdiv
</UL>
<BR>[Calls]<UL><LI><a href="#[34]">&gt;&gt;</a>&nbsp;&nbsp;&nbsp;__aeabi_ui2f
<LI><a href="#[32]">&gt;&gt;</a>&nbsp;&nbsp;&nbsp;__aeabi_i2f
<LI><a href="#[89]">&gt;&gt;</a>&nbsp;&nbsp;&nbsp;__aeabi_fdiv
</UL>
<BR>[Called By]<UL><LI><a href="#[8a]">&gt;&gt;</a>&nbsp;&nbsp;&nbsp;Init_Parameter
</UL>

<P><STRONG><a name="[8b]"></a>InitPI</STRONG> (Thumb, 108 bytes, Stack size 0 bytes, pid.o(i.InitPI))
<BR><BR>[Called By]<UL><LI><a href="#[8a]">&gt;&gt;</a>&nbsp;&nbsp;&nbsp;Init_Parameter
</UL>

<P><STRONG><a name="[8a]"></a>Init_Parameter</STRONG> (Thumb, 60 bytes, Stack size 8 bytes, user_function.o(i.Init_Parameter))
<BR><BR>[Stack]<UL><LI>Max Depth = 48<LI>Call Chain = Init_Parameter &rArr; HALLModuleInit &rArr; HALL_ReadHallPorts
</UL>
<BR>[Calls]<UL><LI><a href="#[8d]">&gt;&gt;</a>&nbsp;&nbsp;&nbsp;PWM_GEN_init
<LI><a href="#[8c]">&gt;&gt;</a>&nbsp;&nbsp;&nbsp;LoopCmp_Init
<LI><a href="#[8b]">&gt;&gt;</a>&nbsp;&nbsp;&nbsp;InitPI
<LI><a href="#[88]">&gt;&gt;</a>&nbsp;&nbsp;&nbsp;InitNormalization
<LI><a href="#[86]">&gt;&gt;</a>&nbsp;&nbsp;&nbsp;HALLModuleInit
</UL>
<BR>[Called By]<UL><LI><a href="#[2a]">&gt;&gt;</a>&nbsp;&nbsp;&nbsp;main
</UL>

<P><STRONG><a name="[8e]"></a>Interrupt_Init</STRONG> (Thumb, 92 bytes, Stack size 8 bytes, mm32_it.o(i.Interrupt_Init))
<BR><BR>[Stack]<UL><LI>Max Depth = 28<LI>Call Chain = Interrupt_Init &rArr; ADC_ITConfig
</UL>
<BR>[Calls]<UL><LI><a href="#[69]">&gt;&gt;</a>&nbsp;&nbsp;&nbsp;TIM_ITConfig
<LI><a href="#[92]">&gt;&gt;</a>&nbsp;&nbsp;&nbsp;TIM_ClearFlag
<LI><a href="#[90]">&gt;&gt;</a>&nbsp;&nbsp;&nbsp;ADC_ITConfig
<LI><a href="#[91]">&gt;&gt;</a>&nbsp;&nbsp;&nbsp;ADC_ClearITPendingBit
<LI><a href="#[8f]">&gt;&gt;</a>&nbsp;&nbsp;&nbsp;NVIC_Configure
</UL>
<BR>[Called By]<UL><LI><a href="#[2a]">&gt;&gt;</a>&nbsp;&nbsp;&nbsp;main
</UL>

<P><STRONG><a name="[b2]"></a>LoopCmp_Cal</STRONG> (Thumb, 56 bytes, Stack size 0 bytes, foc_math.o(i.LoopCmp_Cal))
<BR><BR>[Called By]<UL><LI><a href="#[2a]">&gt;&gt;</a>&nbsp;&nbsp;&nbsp;main
</UL>

<P><STRONG><a name="[8c]"></a>LoopCmp_Init</STRONG> (Thumb, 24 bytes, Stack size 0 bytes, foc_math.o(i.LoopCmp_Init))
<BR><BR>[Called By]<UL><LI><a href="#[8a]">&gt;&gt;</a>&nbsp;&nbsp;&nbsp;Init_Parameter
</UL>

<P><STRONG><a name="[98]"></a>MCM_Trig_Functions</STRONG> (Thumb, 114 bytes, Stack size 12 bytes, foc_math.o(i.MCM_Trig_Functions))
<BR><BR>[Stack]<UL><LI>Max Depth = 12<LI>Call Chain = MCM_Trig_Functions
</UL>
<BR>[Called By]<UL><LI><a href="#[39]">&gt;&gt;</a>&nbsp;&nbsp;&nbsp;Motor_Drive
</UL>

<P><STRONG><a name="[93]"></a>MotorBrake</STRONG> (Thumb, 66 bytes, Stack size 16 bytes, mc_drive.o(i.MotorBrake))
<BR><BR>[Stack]<UL><LI>Max Depth = 16<LI>Call Chain = MotorBrake
</UL>
<BR>[Calls]<UL><LI><a href="#[82]">&gt;&gt;</a>&nbsp;&nbsp;&nbsp;TIM_CtrlPWMOutputs
</UL>
<BR>[Called By]<UL><LI><a href="#[96]">&gt;&gt;</a>&nbsp;&nbsp;&nbsp;Motor_Model
</UL>

<P><STRONG><a name="[94]"></a>MotorError</STRONG> (Thumb, 72 bytes, Stack size 16 bytes, mc_drive.o(i.MotorError))
<BR><BR>[Stack]<UL><LI>Max Depth = 16<LI>Call Chain = MotorError
</UL>
<BR>[Calls]<UL><LI><a href="#[82]">&gt;&gt;</a>&nbsp;&nbsp;&nbsp;TIM_CtrlPWMOutputs
</UL>
<BR>[Called By]<UL><LI><a href="#[96]">&gt;&gt;</a>&nbsp;&nbsp;&nbsp;Motor_Model
</UL>

<P><STRONG><a name="[95]"></a>MotorIdle</STRONG> (Thumb, 74 bytes, Stack size 16 bytes, mc_drive.o(i.MotorIdle))
<BR><BR>[Stack]<UL><LI>Max Depth = 16<LI>Call Chain = MotorIdle
</UL>
<BR>[Calls]<UL><LI><a href="#[82]">&gt;&gt;</a>&nbsp;&nbsp;&nbsp;TIM_CtrlPWMOutputs
</UL>
<BR>[Called By]<UL><LI><a href="#[96]">&gt;&gt;</a>&nbsp;&nbsp;&nbsp;Motor_Model
</UL>

<P><STRONG><a name="[9f]"></a>MotorRun</STRONG> (Thumb, 16 bytes, Stack size 0 bytes, mc_drive.o(i.MotorRun))
<BR><BR>[Called By]<UL><LI><a href="#[96]">&gt;&gt;</a>&nbsp;&nbsp;&nbsp;Motor_Model
</UL>

<P><STRONG><a name="[39]"></a>Motor_Drive</STRONG> (Thumb, 354 bytes, Stack size 24 bytes, mc_drive.o(i.Motor_Drive))
<BR><BR>[Stack]<UL><LI>Max Depth = 56<LI>Call Chain = Motor_Drive &rArr; HALLModuleCalc &rArr; HALL_ReadHallPorts
</UL>
<BR>[Calls]<UL><LI><a href="#[9b]">&gt;&gt;</a>&nbsp;&nbsp;&nbsp;CalcPI
<LI><a href="#[83]">&gt;&gt;</a>&nbsp;&nbsp;&nbsp;HALLModuleCalc
<LI><a href="#[97]">&gt;&gt;</a>&nbsp;&nbsp;&nbsp;HALLCheck
<LI><a href="#[96]">&gt;&gt;</a>&nbsp;&nbsp;&nbsp;Motor_Model
<LI><a href="#[9a]">&gt;&gt;</a>&nbsp;&nbsp;&nbsp;PARK_MACRO1
<LI><a href="#[98]">&gt;&gt;</a>&nbsp;&nbsp;&nbsp;MCM_Trig_Functions
<LI><a href="#[9c]">&gt;&gt;</a>&nbsp;&nbsp;&nbsp;IPARK_MACRO1
<LI><a href="#[99]">&gt;&gt;</a>&nbsp;&nbsp;&nbsp;CLARKE_MACRO1
<LI><a href="#[9e]">&gt;&gt;</a>&nbsp;&nbsp;&nbsp;Update_PWM
<LI><a href="#[9d]">&gt;&gt;</a>&nbsp;&nbsp;&nbsp;PWM_GEN_calc
</UL>
<BR>[Called By]<UL><LI><a href="#[15]">&gt;&gt;</a>&nbsp;&nbsp;&nbsp;ADC_IRQHandler
</UL>

<P><STRONG><a name="[96]"></a>Motor_Model</STRONG> (Thumb, 42 bytes, Stack size 8 bytes, mc_drive.o(i.Motor_Model))
<BR><BR>[Stack]<UL><LI>Max Depth = 24<LI>Call Chain = Motor_Model &rArr; MotorIdle
</UL>
<BR>[Calls]<UL><LI><a href="#[9f]">&gt;&gt;</a>&nbsp;&nbsp;&nbsp;MotorRun
<LI><a href="#[95]">&gt;&gt;</a>&nbsp;&nbsp;&nbsp;MotorIdle
<LI><a href="#[94]">&gt;&gt;</a>&nbsp;&nbsp;&nbsp;MotorError
<LI><a href="#[93]">&gt;&gt;</a>&nbsp;&nbsp;&nbsp;MotorBrake
</UL>
<BR>[Called By]<UL><LI><a href="#[39]">&gt;&gt;</a>&nbsp;&nbsp;&nbsp;Motor_Drive
</UL>

<P><STRONG><a name="[b3]"></a>MovingAvgCal</STRONG> (Thumb, 52 bytes, Stack size 8 bytes, foc_math.o(i.MovingAvgCal))
<BR><BR>[Stack]<UL><LI>Max Depth = 8<LI>Call Chain = MovingAvgCal
</UL>
<BR>[Called By]<UL><LI><a href="#[2a]">&gt;&gt;</a>&nbsp;&nbsp;&nbsp;main
</UL>

<P><STRONG><a name="[8f]"></a>NVIC_Configure</STRONG> (Thumb, 20 bytes, Stack size 8 bytes, mm32_it.o(i.NVIC_Configure))
<BR><BR>[Stack]<UL><LI>Max Depth = 20<LI>Call Chain = NVIC_Configure &rArr; NVIC_Init
</UL>
<BR>[Calls]<UL><LI><a href="#[a0]">&gt;&gt;</a>&nbsp;&nbsp;&nbsp;NVIC_Init
</UL>
<BR>[Called By]<UL><LI><a href="#[8e]">&gt;&gt;</a>&nbsp;&nbsp;&nbsp;Interrupt_Init
</UL>

<P><STRONG><a name="[a0]"></a>NVIC_Init</STRONG> (Thumb, 70 bytes, Stack size 12 bytes, hal_misc.o(i.NVIC_Init))
<BR><BR>[Stack]<UL><LI>Max Depth = 12<LI>Call Chain = NVIC_Init
</UL>
<BR>[Called By]<UL><LI><a href="#[8f]">&gt;&gt;</a>&nbsp;&nbsp;&nbsp;NVIC_Configure
</UL>

<P><STRONG><a name="[42]"></a>OPAMP_Cmd</STRONG> (Thumb, 20 bytes, Stack size 0 bytes, hal_opamp.o(i.OPAMP_Cmd))
<BR><BR>[Called By]<UL><LI><a href="#[40]">&gt;&gt;</a>&nbsp;&nbsp;&nbsp;Board_Opamp_Init
</UL>

<P><STRONG><a name="[9a]"></a>PARK_MACRO1</STRONG> (Thumb, 36 bytes, Stack size 16 bytes, foc_math.o(i.PARK_MACRO1))
<BR><BR>[Stack]<UL><LI>Max Depth = 16<LI>Call Chain = PARK_MACRO1
</UL>
<BR>[Called By]<UL><LI><a href="#[39]">&gt;&gt;</a>&nbsp;&nbsp;&nbsp;Motor_Drive
</UL>

<P><STRONG><a name="[c]"></a>PVD_IRQHandler</STRONG> (Thumb, 2 bytes, Stack size 0 bytes, mm32_it.o(i.PVD_IRQHandler))
<BR>[Address Reference Count : 1]<UL><LI> startup_mm32spin0230_keil.o(RESET)
</UL>
<P><STRONG><a name="[70]"></a>PVU_CheckStatus</STRONG> (Thumb, 14 bytes, Stack size 4 bytes, hal_iwdg.o(i.PVU_CheckStatus))
<BR><BR>[Stack]<UL><LI>Max Depth = 4<LI>Call Chain = PVU_CheckStatus
</UL>
<BR>[Calls]<UL><LI><a href="#[a1]">&gt;&gt;</a>&nbsp;&nbsp;&nbsp;IWDG_GetFlagStatus
</UL>
<BR>[Called By]<UL><LI><a href="#[6d]">&gt;&gt;</a>&nbsp;&nbsp;&nbsp;Drv_Iwdg_Init
<LI><a href="#[72]">&gt;&gt;</a>&nbsp;&nbsp;&nbsp;IWDG_SetPrescaler
</UL>

<P><STRONG><a name="[9d]"></a>PWM_GEN_calc</STRONG> (Thumb, 326 bytes, Stack size 20 bytes, pwm_gen.o(i.PWM_GEN_calc))
<BR><BR>[Stack]<UL><LI>Max Depth = 28<LI>Call Chain = PWM_GEN_calc &rArr; __ARM_common_switch8
</UL>
<BR>[Calls]<UL><LI><a href="#[a2]">&gt;&gt;</a>&nbsp;&nbsp;&nbsp;__ARM_common_switch8
</UL>
<BR>[Called By]<UL><LI><a href="#[39]">&gt;&gt;</a>&nbsp;&nbsp;&nbsp;Motor_Drive
</UL>

<P><STRONG><a name="[8d]"></a>PWM_GEN_init</STRONG> (Thumb, 24 bytes, Stack size 0 bytes, pwm_gen.o(i.PWM_GEN_init))
<BR><BR>[Called By]<UL><LI><a href="#[8a]">&gt;&gt;</a>&nbsp;&nbsp;&nbsp;Init_Parameter
</UL>

<P><STRONG><a name="[a3]"></a>Peripheral_Init</STRONG> (Thumb, 52 bytes, Stack size 8 bytes, board.o(i.Peripheral_Init))
<BR><BR>[Stack]<UL><LI>Max Depth = 100<LI>Call Chain = Peripheral_Init &rArr; Drv_Pwm_Init &rArr; TIM_TimeBaseInit
</UL>
<BR>[Calls]<UL><LI><a href="#[6b]">&gt;&gt;</a>&nbsp;&nbsp;&nbsp;TIM_Cmd
<LI><a href="#[77]">&gt;&gt;</a>&nbsp;&nbsp;&nbsp;Drv_Pwm_Init
<LI><a href="#[6d]">&gt;&gt;</a>&nbsp;&nbsp;&nbsp;Drv_Iwdg_Init
<LI><a href="#[6c]">&gt;&gt;</a>&nbsp;&nbsp;&nbsp;Drv_Hwdiv_Init
<LI><a href="#[5d]">&gt;&gt;</a>&nbsp;&nbsp;&nbsp;Drv_Hall_Init
<LI><a href="#[40]">&gt;&gt;</a>&nbsp;&nbsp;&nbsp;Board_Opamp_Init
<LI><a href="#[3e]">&gt;&gt;</a>&nbsp;&nbsp;&nbsp;Board_Comp_Init
<LI><a href="#[3a]">&gt;&gt;</a>&nbsp;&nbsp;&nbsp;Board_ADC_Init
</UL>
<BR>[Called By]<UL><LI><a href="#[2a]">&gt;&gt;</a>&nbsp;&nbsp;&nbsp;main
</UL>

<P><STRONG><a name="[45]"></a>RCC_AHBPeriphClockCmd</STRONG> (Thumb, 18 bytes, Stack size 0 bytes, hal_rcc.o(i.RCC_AHBPeriphClockCmd))
<BR><BR>[Called By]<UL><LI><a href="#[6c]">&gt;&gt;</a>&nbsp;&nbsp;&nbsp;Drv_Hwdiv_Init
<LI><a href="#[4c]">&gt;&gt;</a>&nbsp;&nbsp;&nbsp;Bsp_Pwm_Init
<LI><a href="#[49]">&gt;&gt;</a>&nbsp;&nbsp;&nbsp;Bsp_Op_Init
<LI><a href="#[4a]">&gt;&gt;</a>&nbsp;&nbsp;&nbsp;Bsp_Led_Init
<LI><a href="#[4b]">&gt;&gt;</a>&nbsp;&nbsp;&nbsp;Bsp_Hall_Init
<LI><a href="#[47]">&gt;&gt;</a>&nbsp;&nbsp;&nbsp;Bsp_Comp_Init
<LI><a href="#[43]">&gt;&gt;</a>&nbsp;&nbsp;&nbsp;Bsp_Adc_Init
</UL>

<P><STRONG><a name="[41]"></a>RCC_APB1PeriphClockCmd</STRONG> (Thumb, 18 bytes, Stack size 0 bytes, hal_rcc.o(i.RCC_APB1PeriphClockCmd))
<BR><BR>[Called By]<UL><LI><a href="#[77]">&gt;&gt;</a>&nbsp;&nbsp;&nbsp;Drv_Pwm_Init
<LI><a href="#[5d]">&gt;&gt;</a>&nbsp;&nbsp;&nbsp;Drv_Hall_Init
<LI><a href="#[3f]">&gt;&gt;</a>&nbsp;&nbsp;&nbsp;Drv_Comp_Init
<LI><a href="#[3b]">&gt;&gt;</a>&nbsp;&nbsp;&nbsp;Drv_Adc_Basic_Init
<LI><a href="#[40]">&gt;&gt;</a>&nbsp;&nbsp;&nbsp;Board_Opamp_Init
</UL>

<P><STRONG><a name="[a7]"></a>RCC_APB1PeriphResetCmd</STRONG> (Thumb, 18 bytes, Stack size 0 bytes, hal_rcc.o(i.RCC_APB1PeriphResetCmd))
<BR><BR>[Called By]<UL><LI><a href="#[5e]">&gt;&gt;</a>&nbsp;&nbsp;&nbsp;TIM_DeInit
</UL>

<P><STRONG><a name="[6f]"></a>RCC_GetFlagStatus</STRONG> (Thumb, 34 bytes, Stack size 0 bytes, hal_rcc.o(i.RCC_GetFlagStatus))
<BR><BR>[Called By]<UL><LI><a href="#[6d]">&gt;&gt;</a>&nbsp;&nbsp;&nbsp;Drv_Iwdg_Init
</UL>

<P><STRONG><a name="[e]"></a>RCC_IRQHandler</STRONG> (Thumb, 2 bytes, Stack size 0 bytes, mm32_it.o(i.RCC_IRQHandler))
<BR>[Address Reference Count : 1]<UL><LI> startup_mm32spin0230_keil.o(RESET)
</UL>
<P><STRONG><a name="[6e]"></a>RCC_LSICmd</STRONG> (Thumb, 22 bytes, Stack size 0 bytes, hal_rcc.o(i.RCC_LSICmd))
<BR><BR>[Called By]<UL><LI><a href="#[6d]">&gt;&gt;</a>&nbsp;&nbsp;&nbsp;Drv_Iwdg_Init
</UL>

<P><STRONG><a name="[73]"></a>RVU_CheckStatus</STRONG> (Thumb, 14 bytes, Stack size 4 bytes, hal_iwdg.o(i.RVU_CheckStatus))
<BR><BR>[Stack]<UL><LI>Max Depth = 4<LI>Call Chain = RVU_CheckStatus
</UL>
<BR>[Calls]<UL><LI><a href="#[a1]">&gt;&gt;</a>&nbsp;&nbsp;&nbsp;IWDG_GetFlagStatus
</UL>
<BR>[Called By]<UL><LI><a href="#[6d]">&gt;&gt;</a>&nbsp;&nbsp;&nbsp;Drv_Iwdg_Init
<LI><a href="#[74]">&gt;&gt;</a>&nbsp;&nbsp;&nbsp;IWDG_SetReload
</UL>

<P><STRONG><a name="[a]"></a>SysTick_Handler</STRONG> (Thumb, 12 bytes, Stack size 8 bytes, mm32_it.o(i.SysTick_Handler))
<BR><BR>[Stack]<UL><LI>Max Depth = 8<LI>Call Chain = SysTick_Handler
</UL>
<BR>[Calls]<UL><LI><a href="#[a5]">&gt;&gt;</a>&nbsp;&nbsp;&nbsp;Inc_Systicks
<LI><a href="#[a4]">&gt;&gt;</a>&nbsp;&nbsp;&nbsp;Clear_Over_Flag
</UL>
<BR>[Address Reference Count : 1]<UL><LI> startup_mm32spin0230_keil.o(RESET)
</UL>
<P><STRONG><a name="[1e]"></a>SystemInit</STRONG> (Thumb, 78 bytes, Stack size 8 bytes, system_mm32spin0230.o(i.SystemInit))
<BR><BR>[Stack]<UL><LI>Max Depth = 28<LI>Call Chain = SystemInit &rArr; SetSysClockToDefine
</UL>
<BR>[Calls]<UL><LI><a href="#[a6]">&gt;&gt;</a>&nbsp;&nbsp;&nbsp;SetSysClockToDefine
</UL>
<BR>[Address Reference Count : 1]<UL><LI> startup_mm32spin0230_keil.o(.text)
</UL>
<P><STRONG><a name="[b0]"></a>Systick_Delay</STRONG> (Thumb, 18 bytes, Stack size 8 bytes, systick.o(i.Systick_Delay))
<BR><BR>[Stack]<UL><LI>Max Depth = 8<LI>Call Chain = Systick_Delay
</UL>
<BR>[Called By]<UL><LI><a href="#[2a]">&gt;&gt;</a>&nbsp;&nbsp;&nbsp;main
</UL>

<P><STRONG><a name="[af]"></a>Systick_Init</STRONG> (Thumb, 38 bytes, Stack size 8 bytes, systick.o(i.Systick_Init))
<BR><BR>[Stack]<UL><LI>Max Depth = 8<LI>Call Chain = Systick_Init
</UL>
<BR>[Called By]<UL><LI><a href="#[2a]">&gt;&gt;</a>&nbsp;&nbsp;&nbsp;main
</UL>

<P><STRONG><a name="[1b]"></a>TIM14_IRQHandler</STRONG> (Thumb, 2 bytes, Stack size 0 bytes, mm32_it.o(i.TIM14_IRQHandler))
<BR>[Address Reference Count : 1]<UL><LI> startup_mm32spin0230_keil.o(RESET)
</UL>
<P><STRONG><a name="[16]"></a>TIM1_BRK_UP_TRG_COM_IRQHandler</STRONG> (Thumb, 32 bytes, Stack size 0 bytes, mm32_it.o(i.TIM1_BRK_UP_TRG_COM_IRQHandler))
<BR>[Address Reference Count : 1]<UL><LI> startup_mm32spin0230_keil.o(RESET)
</UL>
<P><STRONG><a name="[17]"></a>TIM1_CC_IRQHandler</STRONG> (Thumb, 2 bytes, Stack size 0 bytes, mm32_it.o(i.TIM1_CC_IRQHandler))
<BR>[Address Reference Count : 1]<UL><LI> startup_mm32spin0230_keil.o(RESET)
</UL>
<P><STRONG><a name="[18]"></a>TIM2_IRQHandler</STRONG> (Thumb, 2 bytes, Stack size 0 bytes, mm32_it.o(i.TIM2_IRQHandler))
<BR>[Address Reference Count : 1]<UL><LI> startup_mm32spin0230_keil.o(RESET)
</UL>
<P><STRONG><a name="[81]"></a>TIM_ARRPreloadConfig</STRONG> (Thumb, 18 bytes, Stack size 0 bytes, hal_tim.o(i.TIM_ARRPreloadConfig))
<BR><BR>[Called By]<UL><LI><a href="#[77]">&gt;&gt;</a>&nbsp;&nbsp;&nbsp;Drv_Pwm_Init
</UL>

<P><STRONG><a name="[78]"></a>TIM_BDTRConfig</STRONG> (Thumb, 32 bytes, Stack size 8 bytes, hal_tim.o(i.TIM_BDTRConfig))
<BR><BR>[Stack]<UL><LI>Max Depth = 8<LI>Call Chain = TIM_BDTRConfig
</UL>
<BR>[Called By]<UL><LI><a href="#[77]">&gt;&gt;</a>&nbsp;&nbsp;&nbsp;Drv_Pwm_Init
</UL>

<P><STRONG><a name="[92]"></a>TIM_ClearFlag</STRONG> (Thumb, 8 bytes, Stack size 0 bytes, hal_tim.o(i.TIM_ClearFlag))
<BR><BR>[Called By]<UL><LI><a href="#[8e]">&gt;&gt;</a>&nbsp;&nbsp;&nbsp;Interrupt_Init
</UL>

<P><STRONG><a name="[6a]"></a>TIM_ClearITPendingBit</STRONG> (Thumb, 8 bytes, Stack size 0 bytes, hal_tim.o(i.TIM_ClearITPendingBit))
<BR><BR>[Called By]<UL><LI><a href="#[5d]">&gt;&gt;</a>&nbsp;&nbsp;&nbsp;Drv_Hall_Init
</UL>

<P><STRONG><a name="[6b]"></a>TIM_Cmd</STRONG> (Thumb, 20 bytes, Stack size 0 bytes, hal_tim.o(i.TIM_Cmd))
<BR><BR>[Called By]<UL><LI><a href="#[77]">&gt;&gt;</a>&nbsp;&nbsp;&nbsp;Drv_Pwm_Init
<LI><a href="#[5d]">&gt;&gt;</a>&nbsp;&nbsp;&nbsp;Drv_Hall_Init
<LI><a href="#[a3]">&gt;&gt;</a>&nbsp;&nbsp;&nbsp;Peripheral_Init
</UL>

<P><STRONG><a name="[82]"></a>TIM_CtrlPWMOutputs</STRONG> (Thumb, 20 bytes, Stack size 0 bytes, hal_tim.o(i.TIM_CtrlPWMOutputs))
<BR><BR>[Called By]<UL><LI><a href="#[77]">&gt;&gt;</a>&nbsp;&nbsp;&nbsp;Drv_Pwm_Init
<LI><a href="#[95]">&gt;&gt;</a>&nbsp;&nbsp;&nbsp;MotorIdle
<LI><a href="#[94]">&gt;&gt;</a>&nbsp;&nbsp;&nbsp;MotorError
<LI><a href="#[93]">&gt;&gt;</a>&nbsp;&nbsp;&nbsp;MotorBrake
</UL>

<P><STRONG><a name="[5e]"></a>TIM_DeInit</STRONG> (Thumb, 102 bytes, Stack size 8 bytes, hal_tim.o(i.TIM_DeInit))
<BR><BR>[Stack]<UL><LI>Max Depth = 8<LI>Call Chain = TIM_DeInit
</UL>
<BR>[Calls]<UL><LI><a href="#[a7]">&gt;&gt;</a>&nbsp;&nbsp;&nbsp;RCC_APB1PeriphResetCmd
</UL>
<BR>[Called By]<UL><LI><a href="#[5d]">&gt;&gt;</a>&nbsp;&nbsp;&nbsp;Drv_Hall_Init
</UL>

<P><STRONG><a name="[62]"></a>TIM_ICInit</STRONG> (Thumb, 180 bytes, Stack size 16 bytes, hal_tim.o(i.TIM_ICInit))
<BR><BR>[Stack]<UL><LI>Max Depth = 28<LI>Call Chain = TIM_ICInit &rArr; TI1_Configure
</UL>
<BR>[Calls]<UL><LI><a href="#[a8]">&gt;&gt;</a>&nbsp;&nbsp;&nbsp;TIM_SetIC4Prescaler
<LI><a href="#[ad]">&gt;&gt;</a>&nbsp;&nbsp;&nbsp;TIM_SetIC3Prescaler
<LI><a href="#[ac]">&gt;&gt;</a>&nbsp;&nbsp;&nbsp;TIM_SetIC2Prescaler
<LI><a href="#[aa]">&gt;&gt;</a>&nbsp;&nbsp;&nbsp;TIM_SetIC1Prescaler
<LI><a href="#[ab]">&gt;&gt;</a>&nbsp;&nbsp;&nbsp;TI2_Configure
<LI><a href="#[a9]">&gt;&gt;</a>&nbsp;&nbsp;&nbsp;TI1_Configure
</UL>
<BR>[Called By]<UL><LI><a href="#[5d]">&gt;&gt;</a>&nbsp;&nbsp;&nbsp;Drv_Hall_Init
</UL>

<P><STRONG><a name="[61]"></a>TIM_ICStructInit</STRONG> (Thumb, 16 bytes, Stack size 0 bytes, hal_tim.o(i.TIM_ICStructInit))
<BR><BR>[Called By]<UL><LI><a href="#[5d]">&gt;&gt;</a>&nbsp;&nbsp;&nbsp;Drv_Hall_Init
</UL>

<P><STRONG><a name="[69]"></a>TIM_ITConfig</STRONG> (Thumb, 16 bytes, Stack size 0 bytes, hal_tim.o(i.TIM_ITConfig))
<BR><BR>[Called By]<UL><LI><a href="#[5d]">&gt;&gt;</a>&nbsp;&nbsp;&nbsp;Drv_Hall_Init
<LI><a href="#[8e]">&gt;&gt;</a>&nbsp;&nbsp;&nbsp;Interrupt_Init
</UL>

<P><STRONG><a name="[64]"></a>TIM_InternalClockConfig</STRONG> (Thumb, 10 bytes, Stack size 0 bytes, hal_tim.o(i.TIM_InternalClockConfig))
<BR><BR>[Called By]<UL><LI><a href="#[5d]">&gt;&gt;</a>&nbsp;&nbsp;&nbsp;Drv_Hall_Init
</UL>

<P><STRONG><a name="[79]"></a>TIM_OC1Init</STRONG> (Thumb, 84 bytes, Stack size 8 bytes, hal_tim.o(i.TIM_OC1Init))
<BR><BR>[Stack]<UL><LI>Max Depth = 8<LI>Call Chain = TIM_OC1Init
</UL>
<BR>[Called By]<UL><LI><a href="#[77]">&gt;&gt;</a>&nbsp;&nbsp;&nbsp;Drv_Pwm_Init
</UL>

<P><STRONG><a name="[7d]"></a>TIM_OC1PreloadConfig</STRONG> (Thumb, 14 bytes, Stack size 0 bytes, hal_tim.o(i.TIM_OC1PreloadConfig))
<BR><BR>[Called By]<UL><LI><a href="#[77]">&gt;&gt;</a>&nbsp;&nbsp;&nbsp;Drv_Pwm_Init
</UL>

<P><STRONG><a name="[7a]"></a>TIM_OC2Init</STRONG> (Thumb, 94 bytes, Stack size 8 bytes, hal_tim.o(i.TIM_OC2Init))
<BR><BR>[Stack]<UL><LI>Max Depth = 8<LI>Call Chain = TIM_OC2Init
</UL>
<BR>[Called By]<UL><LI><a href="#[77]">&gt;&gt;</a>&nbsp;&nbsp;&nbsp;Drv_Pwm_Init
</UL>

<P><STRONG><a name="[7e]"></a>TIM_OC2PreloadConfig</STRONG> (Thumb, 20 bytes, Stack size 0 bytes, hal_tim.o(i.TIM_OC2PreloadConfig))
<BR><BR>[Called By]<UL><LI><a href="#[77]">&gt;&gt;</a>&nbsp;&nbsp;&nbsp;Drv_Pwm_Init
</UL>

<P><STRONG><a name="[7b]"></a>TIM_OC3Init</STRONG> (Thumb, 92 bytes, Stack size 8 bytes, hal_tim.o(i.TIM_OC3Init))
<BR><BR>[Stack]<UL><LI>Max Depth = 8<LI>Call Chain = TIM_OC3Init
</UL>
<BR>[Called By]<UL><LI><a href="#[77]">&gt;&gt;</a>&nbsp;&nbsp;&nbsp;Drv_Pwm_Init
</UL>

<P><STRONG><a name="[7f]"></a>TIM_OC3PreloadConfig</STRONG> (Thumb, 14 bytes, Stack size 0 bytes, hal_tim.o(i.TIM_OC3PreloadConfig))
<BR><BR>[Called By]<UL><LI><a href="#[77]">&gt;&gt;</a>&nbsp;&nbsp;&nbsp;Drv_Pwm_Init
</UL>

<P><STRONG><a name="[7c]"></a>TIM_OC4Init</STRONG> (Thumb, 74 bytes, Stack size 8 bytes, hal_tim.o(i.TIM_OC4Init))
<BR><BR>[Stack]<UL><LI>Max Depth = 8<LI>Call Chain = TIM_OC4Init
</UL>
<BR>[Called By]<UL><LI><a href="#[77]">&gt;&gt;</a>&nbsp;&nbsp;&nbsp;Drv_Pwm_Init
</UL>

<P><STRONG><a name="[80]"></a>TIM_OC4PreloadConfig</STRONG> (Thumb, 20 bytes, Stack size 0 bytes, hal_tim.o(i.TIM_OC4PreloadConfig))
<BR><BR>[Called By]<UL><LI><a href="#[77]">&gt;&gt;</a>&nbsp;&nbsp;&nbsp;Drv_Pwm_Init
</UL>

<P><STRONG><a name="[65]"></a>TIM_SelectHallSensor</STRONG> (Thumb, 18 bytes, Stack size 0 bytes, hal_tim.o(i.TIM_SelectHallSensor))
<BR><BR>[Called By]<UL><LI><a href="#[5d]">&gt;&gt;</a>&nbsp;&nbsp;&nbsp;Drv_Hall_Init
</UL>

<P><STRONG><a name="[66]"></a>TIM_SelectInputTrigger</STRONG> (Thumb, 14 bytes, Stack size 0 bytes, hal_tim.o(i.TIM_SelectInputTrigger))
<BR><BR>[Called By]<UL><LI><a href="#[5d]">&gt;&gt;</a>&nbsp;&nbsp;&nbsp;Drv_Hall_Init
</UL>

<P><STRONG><a name="[63]"></a>TIM_SelectMasterSlaveMode</STRONG> (Thumb, 16 bytes, Stack size 0 bytes, hal_tim.o(i.TIM_SelectMasterSlaveMode))
<BR><BR>[Called By]<UL><LI><a href="#[5d]">&gt;&gt;</a>&nbsp;&nbsp;&nbsp;Drv_Hall_Init
</UL>

<P><STRONG><a name="[67]"></a>TIM_SelectSlaveMode</STRONG> (Thumb, 16 bytes, Stack size 0 bytes, hal_tim.o(i.TIM_SelectSlaveMode))
<BR><BR>[Called By]<UL><LI><a href="#[5d]">&gt;&gt;</a>&nbsp;&nbsp;&nbsp;Drv_Hall_Init
</UL>

<P><STRONG><a name="[aa]"></a>TIM_SetIC1Prescaler</STRONG> (Thumb, 14 bytes, Stack size 0 bytes, hal_tim.o(i.TIM_SetIC1Prescaler))
<BR><BR>[Called By]<UL><LI><a href="#[62]">&gt;&gt;</a>&nbsp;&nbsp;&nbsp;TIM_ICInit
</UL>

<P><STRONG><a name="[ac]"></a>TIM_SetIC2Prescaler</STRONG> (Thumb, 20 bytes, Stack size 0 bytes, hal_tim.o(i.TIM_SetIC2Prescaler))
<BR><BR>[Called By]<UL><LI><a href="#[62]">&gt;&gt;</a>&nbsp;&nbsp;&nbsp;TIM_ICInit
</UL>

<P><STRONG><a name="[ad]"></a>TIM_SetIC3Prescaler</STRONG> (Thumb, 14 bytes, Stack size 0 bytes, hal_tim.o(i.TIM_SetIC3Prescaler))
<BR><BR>[Called By]<UL><LI><a href="#[62]">&gt;&gt;</a>&nbsp;&nbsp;&nbsp;TIM_ICInit
</UL>

<P><STRONG><a name="[a8]"></a>TIM_SetIC4Prescaler</STRONG> (Thumb, 20 bytes, Stack size 0 bytes, hal_tim.o(i.TIM_SetIC4Prescaler))
<BR><BR>[Called By]<UL><LI><a href="#[62]">&gt;&gt;</a>&nbsp;&nbsp;&nbsp;TIM_ICInit
</UL>

<P><STRONG><a name="[60]"></a>TIM_TimeBaseInit</STRONG> (Thumb, 76 bytes, Stack size 12 bytes, hal_tim.o(i.TIM_TimeBaseInit))
<BR><BR>[Stack]<UL><LI>Max Depth = 12<LI>Call Chain = TIM_TimeBaseInit
</UL>
<BR>[Called By]<UL><LI><a href="#[77]">&gt;&gt;</a>&nbsp;&nbsp;&nbsp;Drv_Pwm_Init
<LI><a href="#[5d]">&gt;&gt;</a>&nbsp;&nbsp;&nbsp;Drv_Hall_Init
</UL>

<P><STRONG><a name="[5f]"></a>TIM_TimeBaseStructInit</STRONG> (Thumb, 18 bytes, Stack size 0 bytes, hal_tim.o(i.TIM_TimeBaseStructInit))
<BR><BR>[Called By]<UL><LI><a href="#[5d]">&gt;&gt;</a>&nbsp;&nbsp;&nbsp;Drv_Hall_Init
</UL>

<P><STRONG><a name="[68]"></a>TIM_UpdateRequestConfig</STRONG> (Thumb, 14 bytes, Stack size 0 bytes, hal_tim.o(i.TIM_UpdateRequestConfig))
<BR><BR>[Called By]<UL><LI><a href="#[5d]">&gt;&gt;</a>&nbsp;&nbsp;&nbsp;Drv_Hall_Init
</UL>

<P><STRONG><a name="[9e]"></a>Update_PWM</STRONG> (Thumb, 22 bytes, Stack size 0 bytes, pwm_gen.o(i.Update_PWM))
<BR><BR>[Called By]<UL><LI><a href="#[39]">&gt;&gt;</a>&nbsp;&nbsp;&nbsp;Motor_Drive
</UL>

<P><STRONG><a name="[a2]"></a>__ARM_common_switch8</STRONG> (Thumb, 26 bytes, Stack size 8 bytes, pwm_gen.o(i.__ARM_common_switch8))
<BR><BR>[Stack]<UL><LI>Max Depth = 8<LI>Call Chain = __ARM_common_switch8
</UL>
<BR>[Called By]<UL><LI><a href="#[9d]">&gt;&gt;</a>&nbsp;&nbsp;&nbsp;PWM_GEN_calc
</UL>

<P><STRONG><a name="[2a]"></a>main</STRONG> (Thumb, 234 bytes, Stack size 0 bytes, main.o(i.main))
<BR><BR>[Stack]<UL><LI>Max Depth = 100<LI>Call Chain = main &rArr; Peripheral_Init &rArr; Drv_Pwm_Init &rArr; TIM_TimeBaseInit
</UL>
<BR>[Calls]<UL><LI><a href="#[af]">&gt;&gt;</a>&nbsp;&nbsp;&nbsp;Systick_Init
<LI><a href="#[b0]">&gt;&gt;</a>&nbsp;&nbsp;&nbsp;Systick_Delay
<LI><a href="#[a3]">&gt;&gt;</a>&nbsp;&nbsp;&nbsp;Peripheral_Init
<LI><a href="#[b3]">&gt;&gt;</a>&nbsp;&nbsp;&nbsp;MovingAvgCal
<LI><a href="#[b2]">&gt;&gt;</a>&nbsp;&nbsp;&nbsp;LoopCmp_Cal
<LI><a href="#[8e]">&gt;&gt;</a>&nbsp;&nbsp;&nbsp;Interrupt_Init
<LI><a href="#[8a]">&gt;&gt;</a>&nbsp;&nbsp;&nbsp;Init_Parameter
<LI><a href="#[b5]">&gt;&gt;</a>&nbsp;&nbsp;&nbsp;Diagnose_VBUS_ADC
<LI><a href="#[b1]">&gt;&gt;</a>&nbsp;&nbsp;&nbsp;Diagnose_IBUS_ADC
<LI><a href="#[9b]">&gt;&gt;</a>&nbsp;&nbsp;&nbsp;CalcPI
<LI><a href="#[4e]">&gt;&gt;</a>&nbsp;&nbsp;&nbsp;CalcNormalization
<LI><a href="#[48]">&gt;&gt;</a>&nbsp;&nbsp;&nbsp;Bsp_Gpio_Init
<LI><a href="#[b4]">&gt;&gt;</a>&nbsp;&nbsp;&nbsp;__aeabi_idivmod
<LI><a href="#[ae]">&gt;&gt;</a>&nbsp;&nbsp;&nbsp;__aeabi_uidivmod
</UL>
<BR>[Called By]<UL><LI><a href="#[29]">&gt;&gt;</a>&nbsp;&nbsp;&nbsp;__rt_entry_main
</UL>

<P><STRONG><a name="[4f]"></a>__aeabi_fmul</STRONG> (Thumb, 0 bytes, Stack size 16 bytes, fmul.o(x$fpl$fmul))
<BR><BR>[Stack]<UL><LI>Max Depth = 16<LI>Call Chain = __aeabi_fmul
</UL>
<BR>[Called By]<UL><LI><a href="#[4e]">&gt;&gt;</a>&nbsp;&nbsp;&nbsp;CalcNormalization
</UL>

<P><STRONG><a name="[e7]"></a>_fmul</STRONG> (Thumb, 172 bytes, Stack size 16 bytes, fmul.o(x$fpl$fmul), UNUSED)
<P>
<H3>
Local Symbols
</H3>
<P><STRONG><a name="[a9]"></a>TI1_Configure</STRONG> (Thumb, 36 bytes, Stack size 12 bytes, hal_tim.o(i.TI1_Configure))
<BR><BR>[Stack]<UL><LI>Max Depth = 12<LI>Call Chain = TI1_Configure
</UL>
<BR>[Called By]<UL><LI><a href="#[62]">&gt;&gt;</a>&nbsp;&nbsp;&nbsp;TIM_ICInit
</UL>

<P><STRONG><a name="[ab]"></a>TI2_Configure</STRONG> (Thumb, 42 bytes, Stack size 8 bytes, hal_tim.o(i.TI2_Configure))
<BR><BR>[Stack]<UL><LI>Max Depth = 8<LI>Call Chain = TI2_Configure
</UL>
<BR>[Called By]<UL><LI><a href="#[62]">&gt;&gt;</a>&nbsp;&nbsp;&nbsp;TIM_ICInit
</UL>

<P><STRONG><a name="[a6]"></a>SetSysClockToDefine</STRONG> (Thumb, 170 bytes, Stack size 20 bytes, system_mm32spin0230.o(i.SetSysClockToDefine))
<BR><BR>[Stack]<UL><LI>Max Depth = 20<LI>Call Chain = SetSysClockToDefine
</UL>
<BR>[Called By]<UL><LI><a href="#[1e]">&gt;&gt;</a>&nbsp;&nbsp;&nbsp;SystemInit
</UL>
<P>
<H3>
Undefined Global Symbols
</H3>
<P><STRONG><a name="[37]"></a>_call_atexit_fns</STRONG> (ARM, 0 bytes, Stack size 0 bytes, UNDEFINED)
<BR><BR>[Called By]<UL><LI><a href="#[2b]">&gt;&gt;</a>&nbsp;&nbsp;&nbsp;exit
</UL>
<HR></body></html>
