<html>
<body>
<pre>
<h1>µVision Build Log</h1>
<h2>Tool Versions:</h2>
IDE-Version: ¦ÌVision V5.36.0.0
Copyright (C) 2021 ARM Ltd and ARM Germany GmbH. All rights reserved.
License Information: aa aa, aa, LIC=8VRJ7-EIRHS-WFLI7-E2AY5-7CGLB-2GJE2
 
Tool Versions:
Toolchain:       MDK-ARM Plus  Version: 5.36.0.0
Toolchain Path:  C:\Keil_v5\ARM\ARMCC\Bin
C Compiler:      Armcc.exe V5.06 update 7 (build 960)
Assembler:       Armasm.exe V5.06 update 7 (build 960)
Linker/Locator:  ArmLink.exe V5.06 update 7 (build 960)
Library Manager: ArmAr.exe V5.06 update 7 (build 960)
Hex Converter:   FromElf.exe V5.06 update 7 (build 960)
CPU DLL:         SARMCM3.DLL V5.36.0.0
Dialog DLL:      DARMCM1.DLL V1.19.4.0
Target DLL:      CMSIS_AGDI.dll V1.33.0.0
Dialog DLL:      TARMCM1.DLL V1.14.4.0
 
<h2>Project:</h2>
D:\test\codex\MM32SPIN0230_HALL_FOC_2R_V_1.0\KEIL_PRJ\MM32SPIN0230_Demo.uvprojx
Project File Date:  03/27/2026

<h2>Output:</h2>
*** Using Compiler 'V5.06 update 7 (build 960)', folder: 'C:\Keil_v5\ARM\ARMCC\Bin'
Rebuild target 'MM32SPIN0230'
compiling main.c...
compiling mm32_it.c...
compiling hal_flash.c...
compiling hal_iwdg.c...
compiling hal_exti.c...
compiling hal_hwdiv.c...
compiling board.c...
compiling hal_comp.c...
compiling hal_dma.c...
compiling hal_adc.c...
compiling hal_dbg.c...
compiling hal_gpio.c...
compiling user_function.c...
compiling hal_misc.c...
compiling hal_opamp.c...
compiling hal_pwr.c...
compiling hal_rcc.c...
compiling hal_syscfg.c...
compiling hal_tim.c...
compiling hal_usart.c...
compiling hal_uid.c...
assembling startup_mm32spin0230_keil.s...
compiling system_mm32spin0230.c...
compiling pwm_gen.c...
compiling FOC_Math.c...
compiling MC_Drive.c...
..\MM_MCLIB\MC_Drive.c(44): warning:  #550-D: variable "s_hold_hall_reached"  was set but never used
  static uint8_t s_hold_hall_reached = 0;
..\MM_MCLIB\MC_Drive.c: 1 warning, 0 errors
compiling PID.c...
compiling HallHandle.c...
compiling Diagnose.c...
compiling drv_adc.c...
compiling drv_comp.c...
compiling drv_div.c...
compiling drv_iwdg.c...
compiling drv_led.c...
compiling drv_opamp.c...
compiling drv_pwm.c...
compiling drv_tim.c...
compiling systick.c...
linking...
Program Size: Code=11268 RO-data=800 RW-data=148 ZI-data=2132  
FromELF: creating hex file...
".\Objects\SPIN0230_DEMO.axf" - 0 Error(s), 1 Warning(s).

<h2>Software Packages used:</h2>

Package Vendor: ARM
                http://www.keil.com/pack/ARM.CMSIS.5.8.0.pack
                ARM.CMSIS.5.8.0
                CMSIS (Common Microcontroller Software Interface Standard)
   * Component: CORE Version: 5.5.0

Package Vendor: MindMotion
                https://www.mindmotion.com.cn/support/software/keil_pack/MindMotion.MM32SPIN0230_DFP.1.1.2.pack
                MindMotion.MM32SPIN0230_DFP.1.1.2
                MindMotion MM32SPIN0230 Series Device Support, Drivers and Examples

<h2>Collection of Component include folders:</h2>
  .\RTE\_MM32SPIN0230
  C:\Keil_v5\Packs\ARM\CMSIS\5.8.0\CMSIS\Core\Include

<h2>Collection of Component Files used:</h2>

   * Component: ARM::CMSIS:CORE:5.5.0
Build Time Elapsed:  00:00:07
</pre>
</body>
</html>
