<html>
<body>
<pre>
<h1>µVision Build Log</h1>
<h2>Tool Versions:</h2>
IDE-Version: ¦ÌVision V5.23.0.0
Copyright (C) 2017 ARM Ltd and ARM Germany GmbH. All rights reserved.
License Information: hunter zhuchuanlin@2008.sina.com, 123, LIC=RC93N-YP7MK-QDDKD-8FIF5-40UQE-7HNH2
 
Tool Versions:
Toolchain:       MDK-ARM Plus  Version: 5.23
Toolchain Path:  C:\Keil_v5\ARM\ARMCC\Bin
C Compiler:      Armcc.exe V5.06 update 4 (build 422)
Assembler:       Armasm.exe V5.06 update 4 (build 422)
Linker/Locator:  ArmLink.exe V5.06 update 4 (build 422)
Library Manager: ArmAr.exe V5.06 update 4 (build 422)
Hex Converter:   FromElf.exe V5.06 update 4 (build 422)
CPU DLL:         SARMCM3.DLL V5.23
Dialog DLL:      DARMCM1.DLL V1.17.0.0
Target DLL:      Segger\JL2CM3.dll V2.99.36.0
Dialog DLL:      TARMCM1.DLL V1.12.0.0
 
<h2>Project:</h2>
C:\Users\zhuch\Desktop\MM32SPIN0230_HALL_FOC_2R_V_1.0\KEIL_PRJ\MM32SPIN0230_Demo.uvprojx
Project File Date:  04/18/2023

<h2>Output:</h2>
*** Using Compiler 'V5.06 update 4 (build 422)', folder: 'C:\Keil_v5\ARM\ARMCC\Bin'
Rebuild target 'MM32SPIN0230'
compiling user_function.c...
compiling hal_comp.c...
compiling hal_dbg.c...
compiling board.c...
compiling main.c...
compiling mm32_it.c...
compiling hal_dma.c...
compiling hal_adc.c...
compiling hal_exti.c...
compiling hal_flash.c...
compiling hal_hwdiv.c...
compiling hal_misc.c...
compiling hal_gpio.c...
compiling hal_opamp.c...
compiling hal_iwdg.c...
compiling hal_pwr.c...
assembling startup_mm32spin0230_keil.s...
compiling hal_syscfg.c...
compiling hal_rcc.c...
compiling system_mm32spin0230.c...
compiling hal_uid.c...
compiling hal_usart.c...
compiling pwm_gen.c...
compiling hal_tim.c...
compiling FOC_Math.c...
compiling PID.c...
compiling MC_Drive.c...
compiling HallHandle.c...
compiling drv_adc.c...
compiling Diagnose.c...
compiling drv_comp.c...
compiling drv_div.c...
compiling drv_iwdg.c...
compiling drv_led.c...
compiling drv_opamp.c...
compiling drv_pwm.c...
compiling drv_tim.c...
compiling systick.c...
linking...
Program Size: Code=8744 RO-data=800 RW-data=100 ZI-data=2060  
FromELF: creating hex file...
".\Objects\SPIN0230_DEMO.axf" - 0 Error(s), 0 Warning(s).

<h2>Software Packages used:</h2>

Package Vendor: ARM
                http://www.keil.com/pack/ARM.CMSIS.5.0.1.pack
                ARM::CMSIS:CORE:5.0.1
                CMSIS (Cortex Microcontroller Software Interface Standard)
   * Component: CORE Version: 5.0.1

<h2>Collection of Component include folders:</h2>
  .\RTE\_MM32SPIN0230
  C:\Keil_v5\ARM\PACK\ARM\CMSIS\5.0.1\CMSIS\Include
  C:\Keil_v5\ARM\PACK\MindMotion\MM32SPIN0230_DFP\0.0.1\Device\MM32G5332D

<h2>Collection of Component Files used:</h2>

   * Component: ARM::CMSIS:CORE:5.0.1
Build Time Elapsed:  00:00:04
</pre>
</body>
</html>
