Component: ARM Compiler 5.06 update 4 (build 422) Tool: armlink [4d35d2]

==============================================================================

Section Cross References

    main.o(i.main) refers to aeabi_sdiv.o(.text) for __aeabi_uidivmod
    main.o(i.main) refers to systick.o(i.Systick_Init) for Systick_Init
    main.o(i.main) refers to systick.o(i.Systick_Delay) for Systick_Delay
    main.o(i.main) refers to user_function.o(i.Init_Parameter) for Init_Parameter
    main.o(i.main) refers to board.o(i.Bsp_Gpio_Init) for Bsp_Gpio_Init
    main.o(i.main) refers to board.o(i.Peripheral_Init) for Peripheral_Init
    main.o(i.main) refers to mm32_it.o(i.Interrupt_Init) for Interrupt_Init
    main.o(i.main) refers to diagnose.o(i.Diagnose_IBUS_ADC) for Diagnose_IBUS_ADC
    main.o(i.main) refers to foc_math.o(i.CalcNormalization) for CalcNormalization
    main.o(i.main) refers to foc_math.o(i.LoopCmp_Cal) for LoopCmp_Cal
    main.o(i.main) refers to foc_math.o(i.MovingAvgCal) for MovingAvgCal
    main.o(i.main) refers to pid.o(i.CalcPI) for CalcPI
    main.o(i.main) refers to diagnose.o(i.Diagnose_VBUS_ADC) for Diagnose_VBUS_ADC
    main.o(i.main) refers to system_mm32spin0230.o(.data) for SystemCoreClock
    main.o(i.main) refers to mc_drive.o(.data) for TIMFlag
    main.o(i.main) refers to user_function.o(.bss) for ADC_Structure
    main.o(i.main) refers to user_function.o(.data) for IsumGain
    main.o(i.main) refers to foc_math.o(.bss) for RP
    main.o(i.main) refers to foc_math.o(.bss) for RPValue
    main.o(i.main) refers to hallhandle.o(.bss) for HALL1
    main.o(i.main) refers to foc_math.o(.bss) for SpeedFdk
    main.o(i.main) refers to pid.o(.bss) for Speed
    board.o(i.Board_ADC_Init) refers to drv_adc.o(i.Drv_Adc_Basic_Init) for Drv_Adc_Basic_Init
    board.o(i.Board_ADC_Init) refers to drv_adc.o(i.Drv_Adc_Channel_Init) for Drv_Adc_Channel_Init
    board.o(i.Board_ADC_Init) refers to hal_adc.o(i.ADC_Cmd) for ADC_Cmd
    board.o(i.Board_Comp_Init) refers to drv_comp.o(i.Drv_Comp_Init) for Drv_Comp_Init
    board.o(i.Board_Opamp_Init) refers to hal_rcc.o(i.RCC_APB1PeriphClockCmd) for RCC_APB1PeriphClockCmd
    board.o(i.Board_Opamp_Init) refers to hal_opamp.o(i.OPAMP_Cmd) for OPAMP_Cmd
    board.o(i.Bsp_Adc_Init) refers to hal_gpio.o(i.GPIO_StructInit) for GPIO_StructInit
    board.o(i.Bsp_Adc_Init) refers to hal_rcc.o(i.RCC_AHBPeriphClockCmd) for RCC_AHBPeriphClockCmd
    board.o(i.Bsp_Adc_Init) refers to hal_gpio.o(i.GPIO_Init) for GPIO_Init
    board.o(i.Bsp_Comp_Init) refers to hal_gpio.o(i.GPIO_StructInit) for GPIO_StructInit
    board.o(i.Bsp_Comp_Init) refers to hal_rcc.o(i.RCC_AHBPeriphClockCmd) for RCC_AHBPeriphClockCmd
    board.o(i.Bsp_Comp_Init) refers to hal_gpio.o(i.GPIO_Init) for GPIO_Init
    board.o(i.Bsp_Gpio_Init) refers to board.o(i.Bsp_Op_Init) for Bsp_Op_Init
    board.o(i.Bsp_Gpio_Init) refers to board.o(i.Bsp_Led_Init) for Bsp_Led_Init
    board.o(i.Bsp_Gpio_Init) refers to board.o(i.Bsp_Hall_Init) for Bsp_Hall_Init
    board.o(i.Bsp_Gpio_Init) refers to board.o(i.Bsp_Adc_Init) for Bsp_Adc_Init
    board.o(i.Bsp_Gpio_Init) refers to board.o(i.Bsp_Comp_Init) for Bsp_Comp_Init
    board.o(i.Bsp_Gpio_Init) refers to board.o(i.Bsp_Pwm_Init) for Bsp_Pwm_Init
    board.o(i.Bsp_Hall_Init) refers to hal_gpio.o(i.GPIO_StructInit) for GPIO_StructInit
    board.o(i.Bsp_Hall_Init) refers to hal_rcc.o(i.RCC_AHBPeriphClockCmd) for RCC_AHBPeriphClockCmd
    board.o(i.Bsp_Hall_Init) refers to hal_gpio.o(i.GPIO_Init) for GPIO_Init
    board.o(i.Bsp_Hall_Init) refers to hal_gpio.o(i.GPIO_PinAFConfig) for GPIO_PinAFConfig
    board.o(i.Bsp_Led_Init) refers to hal_gpio.o(i.GPIO_StructInit) for GPIO_StructInit
    board.o(i.Bsp_Led_Init) refers to hal_rcc.o(i.RCC_AHBPeriphClockCmd) for RCC_AHBPeriphClockCmd
    board.o(i.Bsp_Led_Init) refers to hal_gpio.o(i.GPIO_Init) for GPIO_Init
    board.o(i.Bsp_Op_Init) refers to hal_gpio.o(i.GPIO_StructInit) for GPIO_StructInit
    board.o(i.Bsp_Op_Init) refers to hal_rcc.o(i.RCC_AHBPeriphClockCmd) for RCC_AHBPeriphClockCmd
    board.o(i.Bsp_Op_Init) refers to hal_gpio.o(i.GPIO_Init) for GPIO_Init
    board.o(i.Bsp_Pwm_Init) refers to hal_gpio.o(i.GPIO_StructInit) for GPIO_StructInit
    board.o(i.Bsp_Pwm_Init) refers to hal_rcc.o(i.RCC_AHBPeriphClockCmd) for RCC_AHBPeriphClockCmd
    board.o(i.Bsp_Pwm_Init) refers to hal_gpio.o(i.GPIO_Init) for GPIO_Init
    board.o(i.Bsp_Pwm_Init) refers to hal_gpio.o(i.GPIO_PinAFConfig) for GPIO_PinAFConfig
    board.o(i.Peripheral_Init) refers to board.o(i.Board_ADC_Init) for Board_ADC_Init
    board.o(i.Peripheral_Init) refers to board.o(i.Board_Comp_Init) for Board_Comp_Init
    board.o(i.Peripheral_Init) refers to board.o(i.Board_Opamp_Init) for Board_Opamp_Init
    board.o(i.Peripheral_Init) refers to drv_tim.o(i.Drv_Hall_Init) for Drv_Hall_Init
    board.o(i.Peripheral_Init) refers to drv_pwm.o(i.Drv_Pwm_Init) for Drv_Pwm_Init
[...]
    ../clib/angel/rt.s                       0x00000000   Number         0  aeabi_idiv0_sigfpe.o ABSOLUTE
    ../clib/angel/rt.s                       0x00000000   Number         0  aeabi_idiv0.o ABSOLUTE
    ../clib/angel/rt.s                       0x00000000   Number         0  rt_div0.o ABSOLUTE
    ../clib/angel/scatterp.s                 0x00000000   Number         0  __scatter.o ABSOLUTE
    ../clib/angel/startup.s                  0x00000000   Number         0  __main.o ABSOLUTE
    ../clib/angel/sys.s                      0x00000000   Number         0  use_no_semi.o ABSOLUTE
    ../clib/angel/sys.s                      0x00000000   Number         0  indicate_semi.o ABSOLUTE
    ../clib/angel/sys.s                      0x00000000   Number         0  libspace.o ABSOLUTE
    ../clib/angel/sys.s                      0x00000000   Number         0  tempstk.o ABSOLUTE
    ../clib/angel/sys.s                      0x00000000   Number         0  sys_stackheap_outer.o ABSOLUTE
    ../clib/angel/sysapp.c                   0x00000000   Number         0  sys_wrch.o ABSOLUTE
    ../clib/angel/sysapp.c                   0x00000000   Number         0  sys_command.o ABSOLUTE
    ../clib/angel/sysapp.c                   0x00000000   Number         0  sys_exit.o ABSOLUTE
    ../clib/armsys.c                         0x00000000   Number         0  _get_argv_nomalloc.o ABSOLUTE
    ../clib/armsys.c                         0x00000000   Number         0  no_argv.o ABSOLUTE
    ../clib/armsys.c                         0x00000000   Number         0  argv_veneer.o ABSOLUTE
    ../clib/division.s                       0x00000000   Number         0  aeabi_sdiv.o ABSOLUTE
    ../clib/division.s                       0x00000000   Number         0  aeabi_sdiv_div0.o ABSOLUTE
    ../clib/heapalloc.c                      0x00000000   Number         0  hrguard.o ABSOLUTE
    ../clib/heapaux.c                        0x00000000   Number         0  heapauxi.o ABSOLUTE
    ../clib/libinit.s                        0x00000000   Number         0  libinit2.o ABSOLUTE
    ../clib/libinit.s                        0x00000000   Number         0  libshutdown.o ABSOLUTE
    ../clib/libinit.s                        0x00000000   Number         0  libshutdown2.o ABSOLUTE
    ../clib/libinit.s                        0x00000000   Number         0  libinit.o ABSOLUTE
    ../clib/signal.c                         0x00000000   Number         0  defsig_rtred_inner.o ABSOLUTE
    ../clib/signal.c                         0x00000000   Number         0  defsig_rtmem_inner.o ABSOLUTE
    ../clib/signal.c                         0x00000000   Number         0  defsig_cppl_inner.o ABSOLUTE
    ../clib/signal.c                         0x00000000   Number         0  defsig_pvfn_inner.o ABSOLUTE
    ../clib/signal.c                         0x00000000   Number         0  defsig_rtmem_formal.o ABSOLUTE
    ../clib/signal.c                         0x00000000   Number         0  defsig_exit.o ABSOLUTE
    ../clib/signal.c                         0x00000000   Number         0  defsig_rtmem_outer.o ABSOLUTE
    ../clib/signal.c                         0x00000000   Number         0  __raise.o ABSOLUTE
    ../clib/signal.c                         0x00000000   Number         0  defsig_fpe_inner.o ABSOLUTE
    ../clib/signal.c                         0x00000000   Number         0  defsig_general.o ABSOLUTE
    ../clib/signal.c                         0x00000000   Number         0  defsig_abrt_inner.o ABSOLUTE
    ../clib/signal.c                         0x00000000   Number         0  defsig_fpe_formal.o ABSOLUTE
    ../clib/signal.c                         0x00000000   Number         0  defsig_fpe_outer.o ABSOLUTE
    ../clib/signal.c                         0x00000000   Number         0  defsig_other.o ABSOLUTE
    ../clib/signal.c                         0x00000000   Number         0  defsig_segv_inner.o ABSOLUTE
    ../clib/signal.c                         0x00000000   Number         0  defsig_stak_inner.o ABSOLUTE
    ../clib/signal.s                         0x00000000   Number         0  defsig.o ABSOLUTE
    ../clib/stdlib.c                         0x00000000   Number         0  exit.o ABSOLUTE
    ../fplib/cfplib/fdiv.c                   0x00000000   Number         0  fdiv.o ABSOLUTE
    ../fplib/cfplib/ffix.c                   0x00000000   Number         0  ffixui.o ABSOLUTE
    ../fplib/cfplib/fflt.c                   0x00000000   Number         0  fflti.o ABSOLUTE
    ../fplib/cfplib/fpinit.c                 0x00000000   Number         0  fpinit.o ABSOLUTE
    ../fplib/fmul6m.s                        0x00000000   Number         0  fmul.o ABSOLUTE
    ../fplib/usenofp.s                       0x00000000   Number         0  usenofp.o ABSOLUTE
    ..\DRIVE\drv_adc.c                       0x00000000   Number         0  drv_adc.o ABSOLUTE
    ..\DRIVE\drv_comp.c                      0x00000000   Number         0  drv_comp.o ABSOLUTE
    ..\DRIVE\drv_div.c                       0x00000000   Number         0  drv_div.o ABSOLUTE
    ..\DRIVE\drv_iwdg.c                      0x00000000   Number         0  drv_iwdg.o ABSOLUTE
    ..\DRIVE\drv_led.c                       0x00000000   Number         0  drv_led.o ABSOLUTE
    ..\DRIVE\drv_opamp.c                     0x00000000   Number         0  drv_opamp.o ABSOLUTE
    ..\DRIVE\drv_pwm.c                       0x00000000   Number         0  drv_pwm.o ABSOLUTE
    ..\DRIVE\drv_tim.c                       0x00000000   Number         0  drv_tim.o ABSOLUTE
    ..\MM32SPIN0230\HAL_Lib\src\hal_adc.c    0x00000000   Number         0  hal_adc.o ABSOLUTE
    ..\MM32SPIN0230\HAL_Lib\src\hal_comp.c   0x00000000   Number         0  hal_comp.o ABSOLUTE
    ..\MM32SPIN0230\HAL_Lib\src\hal_dbg.c    0x00000000   Number         0  hal_dbg.o ABSOLUTE
    ..\MM32SPIN0230\HAL_Lib\src\hal_dma.c    0x00000000   Number         0  hal_dma.o ABSOLUTE
    ..\MM32SPIN0230\HAL_Lib\src\hal_exti.c   0x00000000   Number         0  hal_exti.o ABSOLUTE
    ..\MM32SPIN0230\HAL_Lib\src\hal_flash.c  0x00000000   Number         0  hal_flash.o ABSOLUTE
    ..\MM32SPIN0230\HAL_Lib\src\hal_gpio.c   0x00000000   Number         0  hal_gpio.o ABSOLUTE
    ..\MM32SPIN0230\HAL_Lib\src\hal_hwdiv.c  0x00000000   Number         0  hal_hwdiv.o ABSOLUTE
    ..\MM32SPIN0230\HAL_Lib\src\hal_iwdg.c   0x00000000   Number         0  hal_iwdg.o ABSOLUTE
    ..\MM32SPIN0230\HAL_Lib\src\hal_misc.c   0x00000000   Number         0  hal_misc.o ABSOLUTE
    ..\MM32SPIN0230\HAL_Lib\src\hal_opamp.c  0x00000000   Number         0  hal_opamp.o ABSOLUTE
    ..\MM32SPIN0230\HAL_Lib\src\hal_pwr.c    0x00000000   Number         0  hal_pwr.o ABSOLUTE
    ..\MM32SPIN0230\HAL_Lib\src\hal_rcc.c    0x00000000   Number         0  hal_rcc.o ABSOLUTE
    ..\MM32SPIN0230\HAL_Lib\src\hal_syscfg.c 0x00000000   Number         0  hal_syscfg.o ABSOLUTE
    ..\MM32SPIN0230\HAL_Lib\src\hal_tim.c    0x00000000   Number         0  hal_tim.o ABSOLUTE
    ..\MM32SPIN0230\HAL_Lib\src\hal_uid.c    0x00000000   Number         0  hal_uid.o ABSOLUTE
    ..\MM32SPIN0230\HAL_Lib\src\hal_usart.c  0x00000000   Number         0  hal_usart.o ABSOLUTE
    ..\MM32SPIN0230\Source\KEIL_StartAsm\startup_mm32spin0230_keil.s 0x00000000   Number         0  startup_mm32spin0230_keil.o ABSOLUTE
    ..\MM32SPIN0230\Source\system_mm32spin0230.c 0x00000000   Number         0  system_mm32spin0230.o ABSOLUTE
    ..\MM_MCLIB\Diagnose.c                   0x00000000   Number         0  diagnose.o ABSOLUTE
    ..\MM_MCLIB\FOC_Math.c                   0x00000000   Number         0  foc_math.o ABSOLUTE
    ..\MM_MCLIB\HallHandle.c                 0x00000000   Number         0  hallhandle.o ABSOLUTE
    ..\MM_MCLIB\MC_Drive.c                   0x00000000   Number         0  mc_drive.o ABSOLUTE
    ..\MM_MCLIB\PID.c                        0x00000000   Number         0  pid.o ABSOLUTE
    ..\MM_MCLIB\pwm_gen.c                    0x00000000   Number         0  pwm_gen.o ABSOLUTE
    ..\SYSTEM\systick.c                      0x00000000   Number         0  systick.o ABSOLUTE
    ..\USER\board.c                          0x00000000   Number         0  board.o ABSOLUTE
    ..\USER\main.c                           0x00000000   Number         0  main.o ABSOLUTE
    ..\USER\mm32_it.c                        0x00000000   Number         0  mm32_it.o ABSOLUTE
    ..\USER\user_function.c                  0x00000000   Number         0  user_function.o ABSOLUTE
    ..\\DRIVE\\drv_adc.c                     0x00000000   Number         0  drv_adc.o ABSOLUTE
    ..\\DRIVE\\drv_comp.c                    0x00000000   Number         0  drv_comp.o ABSOLUTE
    ..\\DRIVE\\drv_div.c                     0x00000000   Number         0  drv_div.o ABSOLUTE
    ..\\DRIVE\\drv_iwdg.c                    0x00000000   Number         0  drv_iwdg.o ABSOLUTE
    ..\\DRIVE\\drv_led.c                     0x00000000   Number         0  drv_led.o ABSOLUTE
    ..\\DRIVE\\drv_opamp.c                   0x00000000   Number         0  drv_opamp.o ABSOLUTE
    ..\\DRIVE\\drv_pwm.c                     0x00000000   Number         0  drv_pwm.o ABSOLUTE
    ..\\DRIVE\\drv_tim.c                     0x00000000   Number         0  drv_tim.o ABSOLUTE
    ..\\MM32SPIN0230\\HAL_Lib\\src\\hal_adc.c 0x00000000   Number         0  hal_adc.o ABSOLUTE
    ..\\MM32SPIN0230\\HAL_Lib\\src\\hal_comp.c 0x00000000   Number         0  hal_comp.o ABSOLUTE
    ..\\MM32SPIN0230\\HAL_Lib\\src\\hal_dbg.c 0x00000000   Number         0  hal_dbg.o ABSOLUTE
    ..\\MM32SPIN0230\\HAL_Lib\\src\\hal_dma.c 0x00000000   Number         0  hal_dma.o ABSOLUTE
    ..\\MM32SPIN0230\\HAL_Lib\\src\\hal_exti.c 0x00000000   Number         0  hal_exti.o ABSOLUTE
    ..\\MM32SPIN0230\\HAL_Lib\\src\\hal_flash.c 0x00000000   Number         0  hal_flash.o ABSOLUTE
    ..\\MM32SPIN0230\\HAL_Lib\\src\\hal_gpio.c 0x00000000   Number         0  hal_gpio.o ABSOLUTE
    ..\\MM32SPIN0230\\HAL_Lib\\src\\hal_hwdiv.c 0x00000000   Number         0  hal_hwdiv.o ABSOLUTE
    ..\\MM32SPIN0230\\HAL_Lib\\src\\hal_iwdg.c 0x00000000   Number         0  hal_iwdg.o ABSOLUTE
    ..\\MM32SPIN0230\\HAL_Lib\\src\\hal_misc.c 0x00000000   Number         0  hal_misc.o ABSOLUTE
    ..\\MM32SPIN0230\\HAL_Lib\\src\\hal_opamp.c 0x00000000   Number         0  hal_opamp.o ABSOLUTE
    ..\\MM32SPIN0230\\HAL_Lib\\src\\hal_pwr.c 0x00000000   Number         0  hal_pwr.o ABSOLUTE
    ..\\MM32SPIN0230\\HAL_Lib\\src\\hal_rcc.c 0x00000000   Number         0  hal_rcc.o ABSOLUTE
    ..\\MM32SPIN0230\\HAL_Lib\\src\\hal_syscfg.c 0x00000000   Number         0  hal_syscfg.o ABSOLUTE
    ..\\MM32SPIN0230\\HAL_Lib\\src\\hal_tim.c 0x00000000   Number         0  hal_tim.o ABSOLUTE
    ..\\MM32SPIN0230\\HAL_Lib\\src\\hal_uid.c 0x00000000   Number         0  hal_uid.o ABSOLUTE
    ..\\MM32SPIN0230\\HAL_Lib\\src\\hal_usart.c 0x00000000   Number         0  hal_usart.o ABSOLUTE
    ..\\MM32SPIN0230\\Source\\system_mm32spin0230.c 0x00000000   Number         0  system_mm32spin0230.o ABSOLUTE
    ..\\MM_MCLIB\\Diagnose.c                 0x00000000   Number         0  diagnose.o ABSOLUTE
    ..\\MM_MCLIB\\FOC_Math.c                 0x00000000   Number         0  foc_math.o ABSOLUTE
    ..\\MM_MCLIB\\HallHandle.c               0x00000000   Number         0  hallhandle.o ABSOLUTE
    ..\\MM_MCLIB\\MC_Drive.c                 0x00000000   Number         0  mc_drive.o ABSOLUTE
    ..\\MM_MCLIB\\PID.c                      0x00000000   Number         0  pid.o ABSOLUTE
    ..\\MM_MCLIB\\pwm_gen.c                  0x00000000   Number         0  pwm_gen.o ABSOLUTE
    ..\\SYSTEM\\systick.c                    0x00000000   Number         0  systick.o ABSOLUTE
    ..\\USER\\board.c                        0x00000000   Number         0  board.o ABSOLUTE
    ..\\USER\\main.c                         0x00000000   Number         0  main.o ABSOLUTE
    ..\\USER\\mm32_it.c                      0x00000000   Number         0  mm32_it.o ABSOLUTE
    ..\\USER\\user_function.c                0x00000000   Number         0  user_function.o ABSOLUTE
    dc.s                                     0x00000000   Number         0  dc.o ABSOLUTE
    !!!main                                  0x000000c0   Section        8  __main.o(!!!main)
    !!!scatter                               0x000000c8   Section       60  __scatter.o(!!!scatter)
    !!handler_copy                           0x00000104   Section       26  __scatter_copy.o(!!handler_copy)
    !!handler_zi                             0x00000120   Section       28  __scatter_zi.o(!!handler_zi)
    .ARM.Collect$$libinit$$00000000          0x0000013c   Section        2  libinit.o(.ARM.Collect$$libinit$$00000000)
    .ARM.Collect$$libinit$$00000002          0x0000013e   Section        0  libinit2.o(.ARM.Collect$$libinit$$00000002)
    .ARM.Collect$$libinit$$00000004          0x0000013e   Section        0  libinit2.o(.ARM.Collect$$libinit$$00000004)
    .ARM.Collect$$libinit$$0000000A          0x0000013e   Section        0  libinit2.o(.ARM.Collect$$libinit$$0000000A)
    .ARM.Collect$$libinit$$0000000C          0x0000013e   Section        0  libinit2.o(.ARM.Collect$$libinit$$0000000C)
    .ARM.Collect$$libinit$$0000000E          0x0000013e   Section        0  libinit2.o(.ARM.Collect$$libinit$$0000000E)
    .ARM.Collect$$libinit$$00000011          0x0000013e   Section        0  libinit2.o(.ARM.Collect$$libinit$$00000011)
    .ARM.Collect$$libinit$$00000013          0x0000013e   Section        0  libinit2.o(.ARM.Collect$$libinit$$00000013)
    .ARM.Collect$$libinit$$00000015          0x0000013e   Section        0  libinit2.o(.ARM.Collect$$libinit$$00000015)
    .ARM.Collect$$libinit$$00000017          0x0000013e   Section        0  libinit2.o(.ARM.Collect$$libinit$$00000017)
    .ARM.Collect$$libinit$$00000019          0x0000013e   Section        0  libinit2.o(.ARM.Collect$$libinit$$00000019)
    .ARM.Collect$$libinit$$0000001B          0x0000013e   Section        0  libinit2.o(.ARM.Collect$$libinit$$0000001B)
    .ARM.Collect$$libinit$$0000001D          0x0000013e   Section        0  libinit2.o(.ARM.Collect$$libinit$$0000001D)
    .ARM.Collect$$libinit$$0000001F          0x0000013e   Section        0  libinit2.o(.ARM.Collect$$libinit$$0000001F)
    .ARM.Collect$$libinit$$00000021          0x0000013e   Section        0  libinit2.o(.ARM.Collect$$libinit$$00000021)
    .ARM.Collect$$libinit$$00000023          0x0000013e   Section        0  libinit2.o(.ARM.Collect$$libinit$$00000023)
    .ARM.Collect$$libinit$$00000025          0x0000013e   Section        0  libinit2.o(.ARM.Collect$$libinit$$00000025)
    .ARM.Collect$$libinit$$0000002C          0x0000013e   Section        0  libinit2.o(.ARM.Collect$$libinit$$0000002C)
    .ARM.Collect$$libinit$$0000002E          0x0000013e   Section        0  libinit2.o(.ARM.Collect$$libinit$$0000002E)
    .ARM.Collect$$libinit$$00000030          0x0000013e   Section        0  libinit2.o(.ARM.Collect$$libinit$$00000030)
    .ARM.Collect$$libinit$$00000032          0x0000013e   Section        0  libinit2.o(.ARM.Collect$$libinit$$00000032)
    .ARM.Collect$$libinit$$00000033          0x0000013e   Section        2  libinit2.o(.ARM.Collect$$libinit$$00000033)
    .ARM.Collect$$libshutdown$$00000000      0x00000140   Section        2  libshutdown.o(.ARM.Collect$$libshutdown$$00000000)
    .ARM.Collect$$libshutdown$$00000002      0x00000142   Section        0  libshutdown2.o(.ARM.Collect$$libshutdown$$00000002)
    .ARM.Collect$$libshutdown$$00000004      0x00000142   Section        0  libshutdown2.o(.ARM.Collect$$libshutdown$$00000004)
    .ARM.Collect$$libshutdown$$00000007      0x00000142   Section        0  libshutdown2.o(.ARM.Collect$$libshutdown$$00000007)
    .ARM.Collect$$libshutdown$$0000000A      0x00000142   Section        0  libshutdown2.o(.ARM.Collect$$libshutdown$$0000000A)
    .ARM.Collect$$libshutdown$$0000000C      0x00000142   Section        0  libshutdown2.o(.ARM.Collect$$libshutdown$$0000000C)
    .ARM.Collect$$libshutdown$$0000000F      0x00000142   Section        0  libshutdown2.o(.ARM.Collect$$libshutdown$$0000000F)
    .ARM.Collect$$libshutdown$$00000010      0x00000142   Section        2  libshutdown2.o(.ARM.Collect$$libshutdown$$00000010)
    .ARM.Collect$$rtentry$$00000000          0x00000144   Section        0  __rtentry.o(.ARM.Collect$$rtentry$$00000000)
    .ARM.Collect$$rtentry$$00000002          0x00000144   Section        0  __rtentry2.o(.ARM.Collect$$rtentry$$00000002)
    .ARM.Collect$$rtentry$$00000004          0x00000144   Section        6  __rtentry4.o(.ARM.Collect$$rtentry$$00000004)
    .ARM.Collect$$rtentry$$00000009          0x0000014a   Section        0  __rtentry2.o(.ARM.Collect$$rtentry$$00000009)
    .ARM.Collect$$rtentry$$0000000A          0x0000014a   Section        4  __rtentry2.o(.ARM.Collect$$rtentry$$0000000A)
    .ARM.Collect$$rtentry$$0000000C          0x0000014e   Section        0  __rtentry2.o(.ARM.Collect$$rtentry$$0000000C)
    .ARM.Collect$$rtentry$$0000000D          0x0000014e   Section        8  __rtentry2.o(.ARM.Collect$$rtentry$$0000000D)
    .ARM.Collect$$rtexit$$00000000           0x00000156   Section        2  rtexit.o(.ARM.Collect$$rtexit$$00000000)
    .ARM.Collect$$rtexit$$00000002           0x00000158   Section        0  rtexit2.o(.ARM.Collect$$rtexit$$00000002)
    .ARM.Collect$$rtexit$$00000003           0x00000158   Section        4  rtexit2.o(.ARM.Collect$$rtexit$$00000003)
    .ARM.Collect$$rtexit$$00000004           0x0000015c   Section        6  rtexit2.o(.ARM.Collect$$rtexit$$00000004)
    .text                                    0x00000164   Section       68  startup_mm32spin0230_keil.o(.text)
    .text                                    0x000001a8   Section      346  aeabi_sdiv.o(.text)
    .text                                    0x00000302   Section        0  heapauxi.o(.text)
    .text                                    0x00000308   Section        0  fdiv.o(.text)
    .text                                    0x00000468   Section        0  ffixui.o(.text)
    .text                                    0x00000498   Section        0  fflti.o(.text)
    .text                                    0x000004f6   Section       62  sys_stackheap_outer.o(.text)
    .text                                    0x00000534   Section        0  exit.o(.text)
    .text                                    0x00000544   Section        8  libspace.o(.text)
    .text                                    0x0000054c   Section        0  sys_exit.o(.text)
    .text                                    0x00000558   Section        2  use_no_semi.o(.text)
    .text                                    0x0000055a   Section        0  indicate_semi.o(.text)
    i.ADC_AnyChannelCmd                      0x0000055a   Section        0  hal_adc.o(i.ADC_AnyChannelCmd)
    i.ADC_AnyChannelNumCfg                   0x0000056e   Section        0  hal_adc.o(i.ADC_AnyChannelNumCfg)
    i.ADC_AnyChannelSelect                   0x0000057e   Section        0  hal_adc.o(i.ADC_AnyChannelSelect)
    i.ADC_ClearITPendingBit                  0x000005aa   Section        0  hal_adc.o(i.ADC_ClearITPendingBit)
    i.ADC_Cmd                                0x00000602   Section        0  hal_adc.o(i.ADC_Cmd)
    i.ADC_ExternalTrigConvCmd                0x00000616   Section        0  hal_adc.o(i.ADC_ExternalTrigConvCmd)
    i.ADC_ExternalTrigSourceConfig           0x00000628   Section        0  hal_adc.o(i.ADC_ExternalTrigSourceConfig)
    i.ADC_IRQHandler                         0x00000658   Section        0  mm32_it.o(i.ADC_IRQHandler)
    i.ADC_ITConfig                           0x00000684   Section        0  hal_adc.o(i.ADC_ITConfig)
    i.ADC_Init                               0x0000072c   Section        0  hal_adc.o(i.ADC_Init)
    i.ADC_SampleTimeConfig                   0x00000778   Section        0  hal_adc.o(i.ADC_SampleTimeConfig)
    i.ADC_StructInit                         0x000007a4   Section        0  hal_adc.o(i.ADC_StructInit)
    i.Board_ADC_Init                         0x000007b0   Section        0  board.o(i.Board_ADC_Init)
    i.Board_Comp_Init                        0x00000804   Section        0  board.o(i.Board_Comp_Init)
    i.Board_Opamp_Init                       0x0000081c   Section        0  board.o(i.Board_Opamp_Init)
    i.Bsp_Adc_Init                           0x00000848   Section        0  board.o(i.Bsp_Adc_Init)
    i.Bsp_Comp_Init                          0x000008a0   Section        0  board.o(i.Bsp_Comp_Init)
    i.Bsp_Gpio_Init                          0x000008cc   Section        0  board.o(i.Bsp_Gpio_Init)
    i.Bsp_Hall_Init                          0x000008e8   Section        0  board.o(i.Bsp_Hall_Init)
    i.Bsp_Led_Init                           0x00000954   Section        0  board.o(i.Bsp_Led_Init)
    i.Bsp_Op_Init                            0x00000980   Section        0  board.o(i.Bsp_Op_Init)
    i.Bsp_Pwm_Init                           0x000009d4   Section        0  board.o(i.Bsp_Pwm_Init)
    i.CLARKE_MACRO1                          0x00000a8c   Section        0  foc_math.o(i.CLARKE_MACRO1)
    i.COMP_Cmd                               0x00000acc   Section        0  hal_comp.o(i.COMP_Cmd)
    i.COMP_DeInit                            0x00000ae0   Section        0  hal_comp.o(i.COMP_DeInit)
    i.COMP_Init                              0x00000ae6   Section        0  hal_comp.o(i.COMP_Init)
    i.COMP_SetCrv                            0x00000b08   Section        0  hal_comp.o(i.COMP_SetCrv)
    i.CalcNormalization                      0x00000b2c   Section        0  foc_math.o(i.CalcNormalization)
    i.CalcPI                                 0x00000b84   Section        0  pid.o(i.CalcPI)
    i.Clear_Over_Flag                        0x00000bc4   Section        0  systick.o(i.Clear_Over_Flag)
    i.DMA1_Channel1_IRQHandler               0x00000bd0   Section        0  mm32_it.o(i.DMA1_Channel1_IRQHandler)
    i.Diagnose_IBUS_ADC                      0x00000bd4   Section        0  diagnose.o(i.Diagnose_IBUS_ADC)
    i.Diagnose_VBUS_ADC                      0x00000bec   Section        0  diagnose.o(i.Diagnose_VBUS_ADC)
    i.Division                               0x00000c94   Section        0  drv_div.o(i.Division)
    i.Drv_Adc_Basic_Init                     0x00000cb0   Section        0  drv_adc.o(i.Drv_Adc_Basic_Init)
    i.Drv_Adc_Channel_Init                   0x00000cf8   Section        0  drv_adc.o(i.Drv_Adc_Channel_Init)
    i.Drv_Comp_Init                          0x00000d3c   Section        0  drv_comp.o(i.Drv_Comp_Init)
    i.Drv_Hall_Init                          0x00000d98   Section        0  drv_tim.o(i.Drv_Hall_Init)
    i.Drv_Hwdiv_Init                         0x00000e48   Section        0  drv_div.o(i.Drv_Hwdiv_Init)
    i.Drv_Iwdg_Init                          0x00000e64   Section        0  drv_iwdg.o(i.Drv_Iwdg_Init)
    i.Drv_Pwm_Init                           0x00000ea8   Section        0  drv_pwm.o(i.Drv_Pwm_Init)
    i.EXTI0_1_IRQHandler                     0x00000f6e   Section        0  mm32_it.o(i.EXTI0_1_IRQHandler)
    i.EXTI2_3_IRQHandler                     0x00000f70   Section        0  mm32_it.o(i.EXTI2_3_IRQHandler)
    i.EXTI4_15_IRQHandler                    0x00000f72   Section        0  mm32_it.o(i.EXTI4_15_IRQHandler)
    i.FLASH_IRQHandler                       0x00000f74   Section        0  mm32_it.o(i.FLASH_IRQHandler)
    i.GPIO_Init                              0x00000f76   Section        0  hal_gpio.o(i.GPIO_Init)
    i.GPIO_PinAFConfig                       0x00000ffc   Section        0  hal_gpio.o(i.GPIO_PinAFConfig)
    i.GPIO_ReadInputDataBit                  0x0000101c   Section        0  hal_gpio.o(i.GPIO_ReadInputDataBit)
    i.GPIO_StructInit                        0x00001026   Section        0  hal_gpio.o(i.GPIO_StructInit)
    i.HALLCheck                              0x00001038   Section        0  hallhandle.o(i.HALLCheck)
    i.HALLModuleCalc                         0x00001054   Section        0  hallhandle.o(i.HALLModuleCalc)
    i.HALLModuleInit                         0x00001110   Section        0  hallhandle.o(i.HALLModuleInit)
    i.HALL_ReadHallPorts                     0x00001190   Section        0  hallhandle.o(i.HALL_ReadHallPorts)
    i.HWDIV_IRQHandler                       0x000011c8   Section        0  mm32_it.o(i.HWDIV_IRQHandler)
    i.IPARK_MACRO1                           0x000011ca   Section        0  foc_math.o(i.IPARK_MACRO1)
    i.IWDG_Enable                            0x000011f8   Section        0  hal_iwdg.o(i.IWDG_Enable)
    i.IWDG_GetFlagStatus                     0x00001208   Section        0  hal_iwdg.o(i.IWDG_GetFlagStatus)
    i.IWDG_ReloadCounter                     0x0000121c   Section        0  hal_iwdg.o(i.IWDG_ReloadCounter)
    i.IWDG_SetPrescaler                      0x0000122c   Section        0  hal_iwdg.o(i.IWDG_SetPrescaler)
    i.IWDG_SetReload                         0x0000123c   Section        0  hal_iwdg.o(i.IWDG_SetReload)
    i.IWDG_WriteAccessCmd                    0x0000124c   Section        0  hal_iwdg.o(i.IWDG_WriteAccessCmd)
    i.Inc_Systicks                           0x00001258   Section        0  systick.o(i.Inc_Systicks)
    i.InitNormalization                      0x00001268   Section        0  foc_math.o(i.InitNormalization)
    i.InitPI                                 0x00001294   Section        0  pid.o(i.InitPI)
    i.Init_Parameter                         0x00001318   Section        0  user_function.o(i.Init_Parameter)
    i.Interrupt_Init                         0x0000136c   Section        0  mm32_it.o(i.Interrupt_Init)
    i.LoopCmp_Cal                            0x000013d4   Section        0  foc_math.o(i.LoopCmp_Cal)
    i.LoopCmp_Init                           0x0000140c   Section        0  foc_math.o(i.LoopCmp_Init)
    i.MCM_Trig_Functions                     0x00001428   Section        0  foc_math.o(i.MCM_Trig_Functions)
    i.MotorBrake                             0x000014a0   Section        0  mc_drive.o(i.MotorBrake)
    i.MotorError                             0x000014fc   Section        0  mc_drive.o(i.MotorError)
    i.MotorIdle                              0x00001560   Section        0  mc_drive.o(i.MotorIdle)
    i.MotorRun                               0x000015c4   Section        0  mc_drive.o(i.MotorRun)
    i.Motor_Drive                            0x000015dc   Section        0  mc_drive.o(i.Motor_Drive)
    i.Motor_Model                            0x00001774   Section        0  mc_drive.o(i.Motor_Model)
    i.MovingAvgCal                           0x0000179e   Section        0  foc_math.o(i.MovingAvgCal)
    i.NVIC_Configure                         0x000017d2   Section        0  mm32_it.o(i.NVIC_Configure)
    i.NVIC_Init                              0x000017e8   Section        0  hal_misc.o(i.NVIC_Init)
    i.OPAMP_Cmd                              0x00001838   Section        0  hal_opamp.o(i.OPAMP_Cmd)
    i.PARK_MACRO1                            0x0000184c   Section        0  foc_math.o(i.PARK_MACRO1)
    i.PVD_IRQHandler                         0x00001870   Section        0  mm32_it.o(i.PVD_IRQHandler)
    i.PVU_CheckStatus                        0x00001872   Section        0  hal_iwdg.o(i.PVU_CheckStatus)
    i.PWM_GEN_calc                           0x00001880   Section        0  pwm_gen.o(i.PWM_GEN_calc)
    i.PWM_GEN_init                           0x000019d0   Section        0  pwm_gen.o(i.PWM_GEN_init)
    i.Peripheral_Init                        0x000019ec   Section        0  board.o(i.Peripheral_Init)
    i.RCC_AHBPeriphClockCmd                  0x00001a2c   Section        0  hal_rcc.o(i.RCC_AHBPeriphClockCmd)
    i.RCC_APB1PeriphClockCmd                 0x00001a44   Section        0  hal_rcc.o(i.RCC_APB1PeriphClockCmd)
    i.RCC_APB1PeriphResetCmd                 0x00001a5c   Section        0  hal_rcc.o(i.RCC_APB1PeriphResetCmd)
    i.RCC_GetFlagStatus                      0x00001a74   Section        0  hal_rcc.o(i.RCC_GetFlagStatus)
    i.RCC_IRQHandler                         0x00001a9c   Section        0  mm32_it.o(i.RCC_IRQHandler)
    i.RCC_LSICmd                             0x00001aa0   Section        0  hal_rcc.o(i.RCC_LSICmd)
    i.RVU_CheckStatus                        0x00001abc   Section        0  hal_iwdg.o(i.RVU_CheckStatus)
    i.SetSysClockToDefine                    0x00001acc   Section        0  system_mm32spin0230.o(i.SetSysClockToDefine)
    SetSysClockToDefine                      0x00001acd   Thumb Code   170  system_mm32spin0230.o(i.SetSysClockToDefine)
    i.SysTick_Handler                        0x00001b8c   Section        0  mm32_it.o(i.SysTick_Handler)
    i.SystemInit                             0x00001b98   Section        0  system_mm32spin0230.o(i.SystemInit)
    i.Systick_Delay                          0x00001bf0   Section        0  systick.o(i.Systick_Delay)
    i.Systick_Init                           0x00001c08   Section        0  systick.o(i.Systick_Init)
    i.TI1_Configure                          0x00001c3c   Section        0  hal_tim.o(i.TI1_Configure)
    TI1_Configure                            0x00001c3d   Thumb Code    36  hal_tim.o(i.TI1_Configure)
    i.TI2_Configure                          0x00001c60   Section        0  hal_tim.o(i.TI2_Configure)
    TI2_Configure                            0x00001c61   Thumb Code    42  hal_tim.o(i.TI2_Configure)
    i.TIM14_IRQHandler                       0x00001c8a   Section        0  mm32_it.o(i.TIM14_IRQHandler)
    i.TIM1_BRK_UP_TRG_COM_IRQHandler         0x00001c8c   Section        0  mm32_it.o(i.TIM1_BRK_UP_TRG_COM_IRQHandler)
    i.TIM1_CC_IRQHandler                     0x00001cb0   Section        0  mm32_it.o(i.TIM1_CC_IRQHandler)
    i.TIM2_IRQHandler                        0x00001cb2   Section        0  mm32_it.o(i.TIM2_IRQHandler)
    i.TIM_ARRPreloadConfig                   0x00001cb4   Section        0  hal_tim.o(i.TIM_ARRPreloadConfig)
    i.TIM_BDTRConfig                         0x00001cc6   Section        0  hal_tim.o(i.TIM_BDTRConfig)
    i.TIM_ClearFlag                          0x00001ce6   Section        0  hal_tim.o(i.TIM_ClearFlag)
    i.TIM_ClearITPendingBit                  0x00001cee   Section        0  hal_tim.o(i.TIM_ClearITPendingBit)
    i.TIM_Cmd                                0x00001cf6   Section        0  hal_tim.o(i.TIM_Cmd)
    i.TIM_CtrlPWMOutputs                     0x00001d0a   Section        0  hal_tim.o(i.TIM_CtrlPWMOutputs)
    i.TIM_DeInit                             0x00001d20   Section        0  hal_tim.o(i.TIM_DeInit)
    i.TIM_ICInit                             0x00001d98   Section        0  hal_tim.o(i.TIM_ICInit)
    i.TIM_ICStructInit                       0x00001e4c   Section        0  hal_tim.o(i.TIM_ICStructInit)
    i.TIM_ITConfig                           0x00001e5c   Section        0  hal_tim.o(i.TIM_ITConfig)
    i.TIM_InternalClockConfig                0x00001e6c   Section        0  hal_tim.o(i.TIM_InternalClockConfig)
    i.TIM_OC1Init                            0x00001e78   Section        0  hal_tim.o(i.TIM_OC1Init)
    i.TIM_OC1PreloadConfig                   0x00001ed0   Section        0  hal_tim.o(i.TIM_OC1PreloadConfig)
    i.TIM_OC2Init                            0x00001ee0   Section        0  hal_tim.o(i.TIM_OC2Init)
    i.TIM_OC2PreloadConfig                   0x00001f44   Section        0  hal_tim.o(i.TIM_OC2PreloadConfig)
    i.TIM_OC3Init                            0x00001f58   Section        0  hal_tim.o(i.TIM_OC3Init)
    i.TIM_OC3PreloadConfig                   0x00001fb8   Section        0  hal_tim.o(i.TIM_OC3PreloadConfig)
    i.TIM_OC4Init                            0x00001fc8   Section        0  hal_tim.o(i.TIM_OC4Init)
    i.TIM_OC4PreloadConfig                   0x00002018   Section        0  hal_tim.o(i.TIM_OC4PreloadConfig)
    i.TIM_SelectHallSensor                   0x0000202c   Section        0  hal_tim.o(i.TIM_SelectHallSensor)
    i.TIM_SelectInputTrigger                 0x0000203e   Section        0  hal_tim.o(i.TIM_SelectInputTrigger)
    i.TIM_SelectMasterSlaveMode              0x0000204c   Section        0  hal_tim.o(i.TIM_SelectMasterSlaveMode)
    i.TIM_SelectSlaveMode                    0x0000205c   Section        0  hal_tim.o(i.TIM_SelectSlaveMode)
    i.TIM_SetIC1Prescaler                    0x0000206c   Section        0  hal_tim.o(i.TIM_SetIC1Prescaler)
    i.TIM_SetIC2Prescaler                    0x0000207a   Section        0  hal_tim.o(i.TIM_SetIC2Prescaler)
    i.TIM_SetIC3Prescaler                    0x0000208e   Section        0  hal_tim.o(i.TIM_SetIC3Prescaler)
    i.TIM_SetIC4Prescaler                    0x0000209c   Section        0  hal_tim.o(i.TIM_SetIC4Prescaler)
    i.TIM_TimeBaseInit                       0x000020b0   Section        0  hal_tim.o(i.TIM_TimeBaseInit)
    i.TIM_TimeBaseStructInit                 0x00002100   Section        0  hal_tim.o(i.TIM_TimeBaseStructInit)
    i.TIM_UpdateRequestConfig                0x00002112   Section        0  hal_tim.o(i.TIM_UpdateRequestConfig)
    i.Update_PWM                             0x00002120   Section        0  pwm_gen.o(i.Update_PWM)
    i.__ARM_common_switch8                   0x0000213c   Section        0  pwm_gen.o(i.__ARM_common_switch8)
    i.main                                   0x00002158   Section        0  main.o(i.main)
    x$fpl$fmul                               0x00002238   Section      176  fmul.o(x$fpl$fmul)
    .constdata                               0x000022e8   Section      512  foc_math.o(.constdata)
    x$fpl$usenofp                            0x000022e8   Section        0  usenofp.o(x$fpl$usenofp)
    .constdata                               0x000024e8   Section       64  fdiv.o(.constdata)
    fdiv_tab                                 0x000024e8   Data          64  fdiv.o(.constdata)
    .data                                    0x20000000   Section       16  user_function.o(.data)
    .data                                    0x20000010   Section        4  system_mm32spin0230.o(.data)
    .data                                    0x20000014   Section       32  mc_drive.o(.data)
    u16Cnt                                   0x20000020   Data           2  mc_drive.o(.data)
    .data                                    0x20000034   Section        6  hallhandle.o(.data)
    i                                        0x20000034   Data           1  hallhandle.o(.data)
    .data                                    0x2000003c   Section       36  diagnose.o(.data)
    VBUS_High_State                          0x20000054   Data           4  diagnose.o(.data)
    VBUS_Low_State                           0x20000058   Data           4  diagnose.o(.data)
    .data                                    0x20000060   Section        4  systick.o(.data)
    _u32Systicks                             0x20000060   Data           4  systick.o(.data)
    .bss                                     0x20000064   Section       20  user_function.o(.bss)
    .bss                                     0x20000078   Section       20  pwm_gen.o(.bss)
    .bss                                     0x2000008c   Section       16  foc_math.o(.bss)
    .bss                                     0x2000009c   Section       28  foc_math.o(.bss)
    .bss                                     0x200000b8   Section       24  foc_math.o(.bss)
    .bss                                     0x200000d0   Section       12  foc_math.o(.bss)
    .bss                                     0x200000dc   Section       16  foc_math.o(.bss)
    .bss                                     0x200000ec   Section       76  foc_math.o(.bss)
    .bss                                     0x20000138   Section      128  pid.o(.bss)
    .bss                                     0x200001b8   Section       84  hallhandle.o(.bss)
    .bss                                     0x2000020c   Section       96  libspace.o(.bss)
    HEAP                                     0x20000270   Section      512  startup_mm32spin0230_keil.o(HEAP)
    Heap_Mem                                 0x20000270   Data         512  startup_mm32spin0230_keil.o(HEAP)
    STACK                                    0x20000470   Section     1024  startup_mm32spin0230_keil.o(STACK)
    Stack_Mem                                0x20000470   Data        1024  startup_mm32spin0230_keil.o(STACK)
    __initial_sp                             0x20000870   Data           0  startup_mm32spin0230_keil.o(STACK)

    Global Symbols

    Symbol Name                              Value     Ov Type        Size  Object(Section)

    BuildAttributes$$THM_ISAv3M$S$PE$A:L22$X:L11$S22$IEEE1$IW$USESV6$~STKCKD$USESV7$~SHL$OSPACE$ROPI$EBA8$UX$STANDARDLIB$REQ8$PRES8$EABIv2 0x00000000   Number         0  anon$$obj.o ABSOLUTE
    __ARM_use_no_argv                        0x00000000   Number         0  main.o ABSOLUTE
    __Vectors                                0x00000000   Data           4  startup_mm32spin0230_keil.o(RESET)
    __ARM_exceptions_init                     - Undefined Weak Reference
    __alloca_initialize                       - Undefined Weak Reference
    __arm_preinit_                            - Undefined Weak Reference
    __cpp_initialize__aeabi_                  - Undefined Weak Reference
    __cxa_finalize                            - Undefined Weak Reference
    __rt_locale                               - Undefined Weak Reference
    __sigvec_lookup                           - Undefined Weak Reference
    _atexit_init                              - Undefined Weak Reference
    _call_atexit_fns                          - Undefined Weak Reference
    _clock_init                               - Undefined Weak Reference
    _fp_trap_init                             - Undefined Weak Reference
    _fp_trap_shutdown                         - Undefined Weak Reference
    _get_lc_collate                           - Undefined Weak Reference
    _get_lc_ctype                             - Undefined Weak Reference
    _get_lc_monetary                          - Undefined Weak Reference
    _get_lc_numeric                           - Undefined Weak Reference
    _get_lc_time                              - Undefined Weak Reference
    _getenv_init                              - Undefined Weak Reference
    _handle_redirection                       - Undefined Weak Reference
    _init_alloc                               - Undefined Weak Reference
    _init_user_alloc                          - Undefined Weak Reference
    _initio                                   - Undefined Weak Reference
    _rand_init                                - Undefined Weak Reference
    _signal_finish                            - Undefined Weak Reference
    _signal_init                              - Undefined Weak Reference
    _terminate_alloc                          - Undefined Weak Reference
    _terminate_user_alloc                     - Undefined Weak Reference
    _terminateio                              - Undefined Weak Reference
    __Vectors_End                            0x000000c0   Data           0  startup_mm32spin0230_keil.o(RESET)
    __Vectors_Size                           0x000000c0   Number         0  startup_mm32spin0230_keil.o ABSOLUTE
    __main                                   0x000000c1   Thumb Code     8  __main.o(!!!main)
    __scatterload                            0x000000c9   Thumb Code     0  __scatter.o(!!!scatter)
    __scatterload_rt2                        0x000000c9   Thumb Code    52  __scatter.o(!!!scatter)
    __scatterload_rt2_thumb_only             0x000000c9   Thumb Code     0  __scatter.o(!!!scatter)
    __scatterload_null                       0x000000d9   Thumb Code     0  __scatter.o(!!!scatter)
    __scatterload_copy                       0x00000105   Thumb Code    26  __scatter_copy.o(!!handler_copy)
    __scatterload_zeroinit                   0x00000121   Thumb Code    28  __scatter_zi.o(!!handler_zi)
    __rt_lib_init                            0x0000013d   Thumb Code     0  libinit.o(.ARM.Collect$$libinit$$00000000)
    __rt_lib_init_alloca_1                   0x0000013f   Thumb Code     0  libinit2.o(.ARM.Collect$$libinit$$0000002E)
    __rt_lib_init_argv_1                     0x0000013f   Thumb Code     0  libinit2.o(.ARM.Collect$$libinit$$0000002C)
    __rt_lib_init_atexit_1                   0x0000013f   Thumb Code     0  libinit2.o(.ARM.Collect$$libinit$$0000001B)
    __rt_lib_init_clock_1                    0x0000013f   Thumb Code     0  libinit2.o(.ARM.Collect$$libinit$$00000021)
    __rt_lib_init_cpp_1                      0x0000013f   Thumb Code     0  libinit2.o(.ARM.Collect$$libinit$$00000032)
    __rt_lib_init_exceptions_1               0x0000013f   Thumb Code     0  libinit2.o(.ARM.Collect$$libinit$$00000030)
    __rt_lib_init_fp_1                       0x0000013f   Thumb Code     0  libinit2.o(.ARM.Collect$$libinit$$00000002)
    __rt_lib_init_fp_trap_1                  0x0000013f   Thumb Code     0  libinit2.o(.ARM.Collect$$libinit$$0000001F)
    __rt_lib_init_getenv_1                   0x0000013f   Thumb Code     0  libinit2.o(.ARM.Collect$$libinit$$00000023)
    __rt_lib_init_heap_1                     0x0000013f   Thumb Code     0  libinit2.o(.ARM.Collect$$libinit$$0000000A)
    __rt_lib_init_lc_collate_1               0x0000013f   Thumb Code     0  libinit2.o(.ARM.Collect$$libinit$$00000011)
    __rt_lib_init_lc_ctype_1                 0x0000013f   Thumb Code     0  libinit2.o(.ARM.Collect$$libinit$$00000013)
    __rt_lib_init_lc_monetary_1              0x0000013f   Thumb Code     0  libinit2.o(.ARM.Collect$$libinit$$00000015)
    __rt_lib_init_lc_numeric_1               0x0000013f   Thumb Code     0  libinit2.o(.ARM.Collect$$libinit$$00000017)
    __rt_lib_init_lc_time_1                  0x0000013f   Thumb Code     0  libinit2.o(.ARM.Collect$$libinit$$00000019)
    __rt_lib_init_preinit_1                  0x0000013f   Thumb Code     0  libinit2.o(.ARM.Collect$$libinit$$00000004)
    __rt_lib_init_rand_1                     0x0000013f   Thumb Code     0  libinit2.o(.ARM.Collect$$libinit$$0000000E)
    __rt_lib_init_return                     0x0000013f   Thumb Code     0  libinit2.o(.ARM.Collect$$libinit$$00000033)
    __rt_lib_init_signal_1                   0x0000013f   Thumb Code     0  libinit2.o(.ARM.Collect$$libinit$$0000001D)
    __rt_lib_init_stdio_1                    0x0000013f   Thumb Code     0  libinit2.o(.ARM.Collect$$libinit$$00000025)
    __rt_lib_init_user_alloc_1               0x0000013f   Thumb Code     0  libinit2.o(.ARM.Collect$$libinit$$0000000C)
    __rt_lib_shutdown                        0x00000141   Thumb Code     0  libshutdown.o(.ARM.Collect$$libshutdown$$00000000)
    __rt_lib_shutdown_cpp_1                  0x00000143   Thumb Code     0  libshutdown2.o(.ARM.Collect$$libshutdown$$00000002)
    __rt_lib_shutdown_fp_trap_1              0x00000143   Thumb Code     0  libshutdown2.o(.ARM.Collect$$libshutdown$$00000007)
    __rt_lib_shutdown_heap_1                 0x00000143   Thumb Code     0  libshutdown2.o(.ARM.Collect$$libshutdown$$0000000F)
    __rt_lib_shutdown_return                 0x00000143   Thumb Code     0  libshutdown2.o(.ARM.Collect$$libshutdown$$00000010)
    __rt_lib_shutdown_signal_1               0x00000143   Thumb Code     0  libshutdown2.o(.ARM.Collect$$libshutdown$$0000000A)
    __rt_lib_shutdown_stdio_1                0x00000143   Thumb Code     0  libshutdown2.o(.ARM.Collect$$libshutdown$$00000004)
    __rt_lib_shutdown_user_alloc_1           0x00000143   Thumb Code     0  libshutdown2.o(.ARM.Collect$$libshutdown$$0000000C)
    __rt_entry                               0x00000145   Thumb Code     0  __rtentry.o(.ARM.Collect$$rtentry$$00000000)
    __rt_entry_presh_1                       0x00000145   Thumb Code     0  __rtentry2.o(.ARM.Collect$$rtentry$$00000002)
    __rt_entry_sh                            0x00000145   Thumb Code     0  __rtentry4.o(.ARM.Collect$$rtentry$$00000004)
    __rt_entry_li                            0x0000014b   Thumb Code     0  __rtentry2.o(.ARM.Collect$$rtentry$$0000000A)
    __rt_entry_postsh_1                      0x0000014b   Thumb Code     0  __rtentry2.o(.ARM.Collect$$rtentry$$00000009)
    __rt_entry_main                          0x0000014f   Thumb Code     0  __rtentry2.o(.ARM.Collect$$rtentry$$0000000D)
    __rt_entry_postli_1                      0x0000014f   Thumb Code     0  __rtentry2.o(.ARM.Collect$$rtentry$$0000000C)
    __rt_exit                                0x00000157   Thumb Code     0  rtexit.o(.ARM.Collect$$rtexit$$00000000)
    __rt_exit_ls                             0x00000159   Thumb Code     0  rtexit2.o(.ARM.Collect$$rtexit$$00000003)
    __rt_exit_prels_1                        0x00000159   Thumb Code     0  rtexit2.o(.ARM.Collect$$rtexit$$00000002)
    __rt_exit_exit                           0x0000015d   Thumb Code     0  rtexit2.o(.ARM.Collect$$rtexit$$00000004)
    Reset_Handler                            0x00000165   Thumb Code    14  startup_mm32spin0230_keil.o(.text)
    NMI_Handler                              0x00000173   Thumb Code     2  startup_mm32spin0230_keil.o(.text)
    HardFault_Handler                        0x00000175   Thumb Code     2  startup_mm32spin0230_keil.o(.text)
    SVC_Handler                              0x00000177   Thumb Code     2  startup_mm32spin0230_keil.o(.text)
    PendSV_Handler                           0x00000179   Thumb Code     2  startup_mm32spin0230_keil.o(.text)
    COMP1_2_IRQHandler                       0x0000017d   Thumb Code     0  startup_mm32spin0230_keil.o(.text)
    DMA1_Channel2_IRQHandler                 0x0000017d   Thumb Code     0  startup_mm32spin0230_keil.o(.text)
    IWDG_IRQHandler                          0x0000017d   Thumb Code     0  startup_mm32spin0230_keil.o(.text)
    TIM13_IRQHandler                         0x0000017d   Thumb Code     0  startup_mm32spin0230_keil.o(.text)
    TIM6_IRQHandler                          0x0000017d   Thumb Code     0  startup_mm32spin0230_keil.o(.text)
    USART1_IRQHandler                        0x0000017d   Thumb Code     0  startup_mm32spin0230_keil.o(.text)
    __user_initial_stackheap                 0x00000181   Thumb Code     0  startup_mm32spin0230_keil.o(.text)
    __aeabi_uidiv                            0x000001a9   Thumb Code     0  aeabi_sdiv.o(.text)
    __aeabi_uidivmod                         0x000001a9   Thumb Code    20  aeabi_sdiv.o(.text)
    __aeabi_idiv                             0x000001bd   Thumb Code     0  aeabi_sdiv.o(.text)
    __aeabi_idivmod                          0x000001bd   Thumb Code   326  aeabi_sdiv.o(.text)
    __use_two_region_memory                  0x00000303   Thumb Code     2  heapauxi.o(.text)
    __rt_heap_escrow$2region                 0x00000305   Thumb Code     2  heapauxi.o(.text)
    __rt_heap_expand$2region                 0x00000307   Thumb Code     2  heapauxi.o(.text)
    __aeabi_fdiv                             0x00000309   Thumb Code     0  fdiv.o(.text)
    _fdiv                                    0x00000309   Thumb Code   334  fdiv.o(.text)
    _frdiv                                   0x00000457   Thumb Code     8  fdiv.o(.text)
    __aeabi_f2uiz                            0x00000469   Thumb Code     0  ffixui.o(.text)
    _ffixu                                   0x00000469   Thumb Code    48  ffixui.o(.text)
    __aeabi_i2f_normalise                    0x00000499   Thumb Code    72  fflti.o(.text)
    __aeabi_i2f                              0x000004e1   Thumb Code    16  fflti.o(.text)
    _fflt                                    0x000004e1   Thumb Code     0  fflti.o(.text)
    __aeabi_ui2f                             0x000004f1   Thumb Code     6  fflti.o(.text)
    _ffltu                                   0x000004f1   Thumb Code     0  fflti.o(.text)
    __user_setup_stackheap                   0x000004f7   Thumb Code    62  sys_stackheap_outer.o(.text)
    exit                                     0x00000535   Thumb Code    16  exit.o(.text)
    __user_libspace                          0x00000545   Thumb Code     8  libspace.o(.text)
    __user_perproc_libspace                  0x00000545   Thumb Code     0  libspace.o(.text)
    __user_perthread_libspace                0x00000545   Thumb Code     0  libspace.o(.text)
    _sys_exit                                0x0000054d   Thumb Code     8  sys_exit.o(.text)
    __I$use$semihosting                      0x00000559   Thumb Code     0  use_no_semi.o(.text)
    __use_no_semihosting_swi                 0x00000559   Thumb Code     2  use_no_semi.o(.text)
    ADC_AnyChannelCmd                        0x0000055b   Thumb Code    20  hal_adc.o(i.ADC_AnyChannelCmd)
    __semihosting_library_function           0x0000055b   Thumb Code     0  indicate_semi.o(.text)
    ADC_AnyChannelNumCfg                     0x0000056f   Thumb Code    16  hal_adc.o(i.ADC_AnyChannelNumCfg)
    ADC_AnyChannelSelect                     0x0000057f   Thumb Code    44  hal_adc.o(i.ADC_AnyChannelSelect)
    ADC_ClearITPendingBit                    0x000005ab   Thumb Code    88  hal_adc.o(i.ADC_ClearITPendingBit)
    ADC_Cmd                                  0x00000603   Thumb Code    20  hal_adc.o(i.ADC_Cmd)
    ADC_ExternalTrigConvCmd                  0x00000617   Thumb Code    18  hal_adc.o(i.ADC_ExternalTrigConvCmd)
    ADC_ExternalTrigSourceConfig             0x00000629   Thumb Code    44  hal_adc.o(i.ADC_ExternalTrigSourceConfig)
    ADC_IRQHandler                           0x00000659   Thumb Code    36  mm32_it.o(i.ADC_IRQHandler)
    ADC_ITConfig                             0x00000685   Thumb Code   168  hal_adc.o(i.ADC_ITConfig)
    ADC_Init                                 0x0000072d   Thumb Code    70  hal_adc.o(i.ADC_Init)
    ADC_SampleTimeConfig                     0x00000779   Thumb Code    44  hal_adc.o(i.ADC_SampleTimeConfig)
    ADC_StructInit                           0x000007a5   Thumb Code    12  hal_adc.o(i.ADC_StructInit)
    Board_ADC_Init                           0x000007b1   Thumb Code    80  board.o(i.Board_ADC_Init)
    Board_Comp_Init                          0x00000805   Thumb Code    24  board.o(i.Board_Comp_Init)
    Board_Opamp_Init                         0x0000081d   Thumb Code    36  board.o(i.Board_Opamp_Init)
    Bsp_Adc_Init                             0x00000849   Thumb Code    84  board.o(i.Bsp_Adc_Init)
    Bsp_Comp_Init                            0x000008a1   Thumb Code    38  board.o(i.Bsp_Comp_Init)
    Bsp_Gpio_Init                            0x000008cd   Thumb Code    28  board.o(i.Bsp_Gpio_Init)
    Bsp_Hall_Init                            0x000008e9   Thumb Code   102  board.o(i.Bsp_Hall_Init)
    Bsp_Led_Init                             0x00000955   Thumb Code    40  board.o(i.Bsp_Led_Init)
    Bsp_Op_Init                              0x00000981   Thumb Code    82  board.o(i.Bsp_Op_Init)
    Bsp_Pwm_Init                             0x000009d5   Thumb Code   178  board.o(i.Bsp_Pwm_Init)
    CLARKE_MACRO1                            0x00000a8d   Thumb Code    54  foc_math.o(i.CLARKE_MACRO1)
    COMP_Cmd                                 0x00000acd   Thumb Code    20  hal_comp.o(i.COMP_Cmd)
    COMP_DeInit                              0x00000ae1   Thumb Code     6  hal_comp.o(i.COMP_DeInit)
    COMP_Init                                0x00000ae7   Thumb Code    34  hal_comp.o(i.COMP_Init)
    COMP_SetCrv                              0x00000b09   Thumb Code    30  hal_comp.o(i.COMP_SetCrv)
    CalcNormalization                        0x00000b2d   Thumb Code    88  foc_math.o(i.CalcNormalization)
    CalcPI                                   0x00000b85   Thumb Code    64  pid.o(i.CalcPI)
    Clear_Over_Flag                          0x00000bc5   Thumb Code     6  systick.o(i.Clear_Over_Flag)
    DMA1_Channel1_IRQHandler                 0x00000bd1   Thumb Code     2  mm32_it.o(i.DMA1_Channel1_IRQHandler)
    Diagnose_IBUS_ADC                        0x00000bd5   Thumb Code    18  diagnose.o(i.Diagnose_IBUS_ADC)
    Diagnose_VBUS_ADC                        0x00000bed   Thumb Code   140  diagnose.o(i.Diagnose_VBUS_ADC)
    Division                                 0x00000c95   Thumb Code    22  drv_div.o(i.Division)
    Drv_Adc_Basic_Init                       0x00000cb1   Thumb Code    72  drv_adc.o(i.Drv_Adc_Basic_Init)
    Drv_Adc_Channel_Init                     0x00000cf9   Thumb Code    68  drv_adc.o(i.Drv_Adc_Channel_Init)
    Drv_Comp_Init                            0x00000d3d   Thumb Code    86  drv_comp.o(i.Drv_Comp_Init)
    Drv_Hall_Init                            0x00000d99   Thumb Code   176  drv_tim.o(i.Drv_Hall_Init)
    Drv_Hwdiv_Init                           0x00000e49   Thumb Code    22  drv_div.o(i.Drv_Hwdiv_Init)
    Drv_Iwdg_Init                            0x00000e65   Thumb Code    62  drv_iwdg.o(i.Drv_Iwdg_Init)
    Drv_Pwm_Init                             0x00000ea9   Thumb Code   198  drv_pwm.o(i.Drv_Pwm_Init)
    EXTI0_1_IRQHandler                       0x00000f6f   Thumb Code     2  mm32_it.o(i.EXTI0_1_IRQHandler)
    EXTI2_3_IRQHandler                       0x00000f71   Thumb Code     2  mm32_it.o(i.EXTI2_3_IRQHandler)
    EXTI4_15_IRQHandler                      0x00000f73   Thumb Code     2  mm32_it.o(i.EXTI4_15_IRQHandler)
    FLASH_IRQHandler                         0x00000f75   Thumb Code     2  mm32_it.o(i.FLASH_IRQHandler)
    GPIO_Init                                0x00000f77   Thumb Code   134  hal_gpio.o(i.GPIO_Init)
    GPIO_PinAFConfig                         0x00000ffd   Thumb Code    32  hal_gpio.o(i.GPIO_PinAFConfig)
    GPIO_ReadInputDataBit                    0x0000101d   Thumb Code    10  hal_gpio.o(i.GPIO_ReadInputDataBit)
    GPIO_StructInit                          0x00001027   Thumb Code    16  hal_gpio.o(i.GPIO_StructInit)
    HALLCheck                                0x00001039   Thumb Code    22  hallhandle.o(i.HALLCheck)
    HALLModuleCalc                           0x00001055   Thumb Code   172  hallhandle.o(i.HALLModuleCalc)
    HALLModuleInit                           0x00001111   Thumb Code   106  hallhandle.o(i.HALLModuleInit)
    HALL_ReadHallPorts                       0x00001191   Thumb Code    52  hallhandle.o(i.HALL_ReadHallPorts)
    HWDIV_IRQHandler                         0x000011c9   Thumb Code     2  mm32_it.o(i.HWDIV_IRQHandler)
    IPARK_MACRO1                             0x000011cb   Thumb Code    46  foc_math.o(i.IPARK_MACRO1)
    IWDG_Enable                              0x000011f9   Thumb Code     8  hal_iwdg.o(i.IWDG_Enable)
    IWDG_GetFlagStatus                       0x00001209   Thumb Code    16  hal_iwdg.o(i.IWDG_GetFlagStatus)
    IWDG_ReloadCounter                       0x0000121d   Thumb Code     8  hal_iwdg.o(i.IWDG_ReloadCounter)
    IWDG_SetPrescaler                        0x0000122d   Thumb Code    12  hal_iwdg.o(i.IWDG_SetPrescaler)
    IWDG_SetReload                           0x0000123d   Thumb Code    12  hal_iwdg.o(i.IWDG_SetReload)
    IWDG_WriteAccessCmd                      0x0000124d   Thumb Code     6  hal_iwdg.o(i.IWDG_WriteAccessCmd)
    Inc_Systicks                             0x00001259   Thumb Code    10  systick.o(i.Inc_Systicks)
    InitNormalization                        0x00001269   Thumb Code    44  foc_math.o(i.InitNormalization)
    InitPI                                   0x00001295   Thumb Code   112  pid.o(i.InitPI)
    Init_Parameter                           0x00001319   Thumb Code    60  user_function.o(i.Init_Parameter)
    Interrupt_Init                           0x0000136d   Thumb Code    92  mm32_it.o(i.Interrupt_Init)
    LoopCmp_Cal                              0x000013d5   Thumb Code    56  foc_math.o(i.LoopCmp_Cal)
    LoopCmp_Init                             0x0000140d   Thumb Code    24  foc_math.o(i.LoopCmp_Init)
    MCM_Trig_Functions                       0x00001429   Thumb Code   114  foc_math.o(i.MCM_Trig_Functions)
    MotorBrake                               0x000014a1   Thumb Code    66  mc_drive.o(i.MotorBrake)
    MotorError                               0x000014fd   Thumb Code    72  mc_drive.o(i.MotorError)
    MotorIdle                                0x00001561   Thumb Code    74  mc_drive.o(i.MotorIdle)
    MotorRun                                 0x000015c5   Thumb Code    16  mc_drive.o(i.MotorRun)
    Motor_Drive                              0x000015dd   Thumb Code   358  mc_drive.o(i.Motor_Drive)
    Motor_Model                              0x00001775   Thumb Code    42  mc_drive.o(i.Motor_Model)
    MovingAvgCal                             0x0000179f   Thumb Code    52  foc_math.o(i.MovingAvgCal)
    NVIC_Configure                           0x000017d3   Thumb Code    20  mm32_it.o(i.NVIC_Configure)
    NVIC_Init                                0x000017e9   Thumb Code    70  hal_misc.o(i.NVIC_Init)
    OPAMP_Cmd                                0x00001839   Thumb Code    20  hal_opamp.o(i.OPAMP_Cmd)
    PARK_MACRO1                              0x0000184d   Thumb Code    36  foc_math.o(i.PARK_MACRO1)
    PVD_IRQHandler                           0x00001871   Thumb Code     2  mm32_it.o(i.PVD_IRQHandler)
    PVU_CheckStatus                          0x00001873   Thumb Code    14  hal_iwdg.o(i.PVU_CheckStatus)
    PWM_GEN_calc                             0x00001881   Thumb Code   326  pwm_gen.o(i.PWM_GEN_calc)
    PWM_GEN_init                             0x000019d1   Thumb Code    24  pwm_gen.o(i.PWM_GEN_init)
    Peripheral_Init                          0x000019ed   Thumb Code    52  board.o(i.Peripheral_Init)
    RCC_AHBPeriphClockCmd                    0x00001a2d   Thumb Code    18  hal_rcc.o(i.RCC_AHBPeriphClockCmd)
    RCC_APB1PeriphClockCmd                   0x00001a45   Thumb Code    18  hal_rcc.o(i.RCC_APB1PeriphClockCmd)
    RCC_APB1PeriphResetCmd                   0x00001a5d   Thumb Code    18  hal_rcc.o(i.RCC_APB1PeriphResetCmd)
    RCC_GetFlagStatus                        0x00001a75   Thumb Code    34  hal_rcc.o(i.RCC_GetFlagStatus)
    RCC_IRQHandler                           0x00001a9d   Thumb Code     2  mm32_it.o(i.RCC_IRQHandler)
    RCC_LSICmd                               0x00001aa1   Thumb Code    22  hal_rcc.o(i.RCC_LSICmd)
    RVU_CheckStatus                          0x00001abd   Thumb Code    14  hal_iwdg.o(i.RVU_CheckStatus)
    SysTick_Handler                          0x00001b8d   Thumb Code    12  mm32_it.o(i.SysTick_Handler)
    SystemInit                               0x00001b99   Thumb Code    78  system_mm32spin0230.o(i.SystemInit)
    Systick_Delay                            0x00001bf1   Thumb Code    18  systick.o(i.Systick_Delay)
    Systick_Init                             0x00001c09   Thumb Code    38  systick.o(i.Systick_Init)
    TIM14_IRQHandler                         0x00001c8b   Thumb Code     2  mm32_it.o(i.TIM14_IRQHandler)
    TIM1_BRK_UP_TRG_COM_IRQHandler           0x00001c8d   Thumb Code    32  mm32_it.o(i.TIM1_BRK_UP_TRG_COM_IRQHandler)
    TIM1_CC_IRQHandler                       0x00001cb1   Thumb Code     2  mm32_it.o(i.TIM1_CC_IRQHandler)
    TIM2_IRQHandler                          0x00001cb3   Thumb Code     2  mm32_it.o(i.TIM2_IRQHandler)
    TIM_ARRPreloadConfig                     0x00001cb5   Thumb Code    18  hal_tim.o(i.TIM_ARRPreloadConfig)
    TIM_BDTRConfig                           0x00001cc7   Thumb Code    32  hal_tim.o(i.TIM_BDTRConfig)
    TIM_ClearFlag                            0x00001ce7   Thumb Code     8  hal_tim.o(i.TIM_ClearFlag)
    TIM_ClearITPendingBit                    0x00001cef   Thumb Code     8  hal_tim.o(i.TIM_ClearITPendingBit)
    TIM_Cmd                                  0x00001cf7   Thumb Code    20  hal_tim.o(i.TIM_Cmd)
    TIM_CtrlPWMOutputs                       0x00001d0b   Thumb Code    20  hal_tim.o(i.TIM_CtrlPWMOutputs)
    TIM_DeInit                               0x00001d21   Thumb Code   102  hal_tim.o(i.TIM_DeInit)
    TIM_ICInit                               0x00001d99   Thumb Code   180  hal_tim.o(i.TIM_ICInit)
    TIM_ICStructInit                         0x00001e4d   Thumb Code    16  hal_tim.o(i.TIM_ICStructInit)
    TIM_ITConfig                             0x00001e5d   Thumb Code    16  hal_tim.o(i.TIM_ITConfig)
    TIM_InternalClockConfig                  0x00001e6d   Thumb Code    10  hal_tim.o(i.TIM_InternalClockConfig)
    TIM_OC1Init                              0x00001e79   Thumb Code    84  hal_tim.o(i.TIM_OC1Init)
    TIM_OC1PreloadConfig                     0x00001ed1   Thumb Code    14  hal_tim.o(i.TIM_OC1PreloadConfig)
    TIM_OC2Init                              0x00001ee1   Thumb Code    94  hal_tim.o(i.TIM_OC2Init)
    TIM_OC2PreloadConfig                     0x00001f45   Thumb Code    20  hal_tim.o(i.TIM_OC2PreloadConfig)
    TIM_OC3Init                              0x00001f59   Thumb Code    92  hal_tim.o(i.TIM_OC3Init)
    TIM_OC3PreloadConfig                     0x00001fb9   Thumb Code    14  hal_tim.o(i.TIM_OC3PreloadConfig)
    TIM_OC4Init                              0x00001fc9   Thumb Code    74  hal_tim.o(i.TIM_OC4Init)
    TIM_OC4PreloadConfig                     0x00002019   Thumb Code    20  hal_tim.o(i.TIM_OC4PreloadConfig)
    TIM_SelectHallSensor                     0x0000202d   Thumb Code    18  hal_tim.o(i.TIM_SelectHallSensor)
    TIM_SelectInputTrigger                   0x0000203f   Thumb Code    14  hal_tim.o(i.TIM_SelectInputTrigger)
    TIM_SelectMasterSlaveMode                0x0000204d   Thumb Code    16  hal_tim.o(i.TIM_SelectMasterSlaveMode)
    TIM_SelectSlaveMode                      0x0000205d   Thumb Code    16  hal_tim.o(i.TIM_SelectSlaveMode)
    TIM_SetIC1Prescaler                      0x0000206d   Thumb Code    14  hal_tim.o(i.TIM_SetIC1Prescaler)
    TIM_SetIC2Prescaler                      0x0000207b   Thumb Code    20  hal_tim.o(i.TIM_SetIC2Prescaler)
    TIM_SetIC3Prescaler                      0x0000208f   Thumb Code    14  hal_tim.o(i.TIM_SetIC3Prescaler)
    TIM_SetIC4Prescaler                      0x0000209d   Thumb Code    20  hal_tim.o(i.TIM_SetIC4Prescaler)
    TIM_TimeBaseInit                         0x000020b1   Thumb Code    76  hal_tim.o(i.TIM_TimeBaseInit)
    TIM_TimeBaseStructInit                   0x00002101   Thumb Code    18  hal_tim.o(i.TIM_TimeBaseStructInit)
    TIM_UpdateRequestConfig                  0x00002113   Thumb Code    14  hal_tim.o(i.TIM_UpdateRequestConfig)
    Update_PWM                               0x00002121   Thumb Code    22  pwm_gen.o(i.Update_PWM)
    __ARM_common_switch8                     0x0000213d   Thumb Code    26  pwm_gen.o(i.__ARM_common_switch8)
    main                                     0x00002159   Thumb Code   178  main.o(i.main)
    __aeabi_fmul                             0x00002239   Thumb Code     0  fmul.o(x$fpl$fmul)
    _fmul                                    0x00002239   Thumb Code   172  fmul.o(x$fpl$fmul)
    __I$use$fp                               0x000022e8   Number         0  usenofp.o(x$fpl$usenofp)
    hSin_Cos_Table                           0x000022e8   Data         512  foc_math.o(.constdata)
    Region$$Table$$Base                      0x00002528   Number         0  anon$$obj.o(Region$$Table)
    Region$$Table$$Limit                     0x00002548   Number         0  anon$$obj.o(Region$$Table)
    IsumGain                                 0x20000000   Data           4  user_function.o(.data)
    IshuntGain                               0x20000004   Data           4  user_function.o(.data)
    SpeedGain                                0x20000008   Data           4  user_function.o(.data)
    VbusGain                                 0x2000000c   Data           4  user_function.o(.data)
    SystemCoreClock                          0x20000010   Data           4  system_mm32spin0230.o(.data)
    MotorState                               0x20000014   Data           1  mc_drive.o(.data)
    Time5msCnt                               0x20000016   Data           2  mc_drive.o(.data)
    Time200msCnt                             0x20000018   Data           2  mc_drive.o(.data)
    IdRef                                    0x2000001a   Data           2  mc_drive.o(.data)
    u16IuOffset                              0x2000001c   Data           2  mc_drive.o(.data)
    u16IvOffset                              0x2000001e   Data           2  mc_drive.o(.data)
    u32IuSum                                 0x20000024   Data           4  mc_drive.o(.data)
    u32IvSum                                 0x20000028   Data           4  mc_drive.o(.data)
    TIMFlag                                  0x2000002c   Data           4  mc_drive.o(.data)
    Vector_Components                        0x20000030   Data           4  mc_drive.o(.data)
    CWShift                                  0x20000036   Data           2  hallhandle.o(.data)
    CCWShift                                 0x20000038   Data           2  hallhandle.o(.data)
    MotorOCP_State                           0x2000003c   Data           2  diagnose.o(.data)
    Counter_LackPhase                        0x2000003e   Data           2  diagnose.o(.data)
    u16RetryDelay                            0x20000040   Data           2  diagnose.o(.data)
    u16RetryCNT                              0x20000042   Data           2  diagnose.o(.data)
    u16RetryCNTCritical                      0x20000044   Data           2  diagnose.o(.data)
    u16RetryReleaseCNT                       0x20000046   Data           2  diagnose.o(.data)
    u32IaSumForLackPhase                     0x20000048   Data           4  diagnose.o(.data)
    u32IbSumForLackPhase                     0x2000004c   Data           4  diagnose.o(.data)
    u32IcSumForLackPhase                     0x20000050   Data           4  diagnose.o(.data)
    FAULT                                    0x2000005c   Data           4  diagnose.o(.data)
    ADC_Structure                            0x20000064   Data          20  user_function.o(.bss)
    pwm_gen                                  0x20000078   Data          20  pwm_gen.o(.bss)
    clarke1                                  0x2000008c   Data          16  foc_math.o(.bss)
    park1                                    0x2000009c   Data          28  foc_math.o(.bss)
    ipark1                                   0x200000b8   Data          24  foc_math.o(.bss)
    RPValue                                  0x200000d0   Data          12  foc_math.o(.bss)
    RP                                       0x200000dc   Data          16  foc_math.o(.bss)
    SpeedFdk                                 0x200000ec   Data          76  foc_math.o(.bss)
    CurID                                    0x20000138   Data          32  pid.o(.bss)
    CurIQ                                    0x20000158   Data          32  pid.o(.bss)
    Speed                                    0x20000178   Data          32  pid.o(.bss)
    PLL                                      0x20000198   Data          32  pid.o(.bss)
    HALL1                                    0x200001b8   Data          84  hallhandle.o(.bss)
    __libspace_start                         0x2000020c   Data          96  libspace.o(.bss)
    __temporary_stack_top$libspace           0x2000026c   Data           0  libspace.o(.bss)



==============================================================================

Memory Map of the image

  Image Entry point : 0x000000c1

  Load Region LR_IROM1 (Base: 0x00000000, Size: 0x000025ac, Max: 0x00008000, ABSOLUTE)

    Execution Region ER_IROM1 (Base: 0x00000000, Size: 0x00002548, Max: 0x00008000, ABSOLUTE)

    Base Addr    Size         Type   Attr      Idx    E Section Name        Object

    0x00000000   0x000000c0   Data   RO         2494    RESET               startup_mm32spin0230_keil.o
    0x000000c0   0x00000008   Code   RO         3119  * !!!main             c_p.l(__main.o)
    0x000000c8   0x0000003c   Code   RO         3298    !!!scatter          c_p.l(__scatter.o)
    0x00000104   0x0000001a   Code   RO         3300    !!handler_copy      c_p.l(__scatter_copy.o)
    0x0000011e   0x00000002   PAD
    0x00000120   0x0000001c   Code   RO         3302    !!handler_zi        c_p.l(__scatter_zi.o)
    0x0000013c   0x00000002   Code   RO         3167    .ARM.Collect$$libinit$$00000000  c_p.l(libinit.o)
    0x0000013e   0x00000000   Code   RO         3181    .ARM.Collect$$libinit$$00000002  c_p.l(libinit2.o)
    0x0000013e   0x00000000   Code   RO         3183    .ARM.Collect$$libinit$$00000004  c_p.l(libinit2.o)
    0x0000013e   0x00000000   Code   RO         3186    .ARM.Collect$$libinit$$0000000A  c_p.l(libinit2.o)
    0x0000013e   0x00000000   Code   RO         3188    .ARM.Collect$$libinit$$0000000C  c_p.l(libinit2.o)
    0x0000013e   0x00000000   Code   RO         3190    .ARM.Collect$$libinit$$0000000E  c_p.l(libinit2.o)
    0x0000013e   0x00000000   Code   RO         3193    .ARM.Collect$$libinit$$00000011  c_p.l(libinit2.o)
    0x0000013e   0x00000000   Code   RO         3195    .ARM.Collect$$libinit$$00000013  c_p.l(libinit2.o)
    0x0000013e   0x00000000   Code   RO         3197    .ARM.Collect$$libinit$$00000015  c_p.l(libinit2.o)
    0x0000013e   0x00000000   Code   RO         3199    .ARM.Collect$$libinit$$00000017  c_p.l(libinit2.o)
    0x0000013e   0x00000000   Code   RO         3201    .ARM.Collect$$libinit$$00000019  c_p.l(libinit2.o)
    0x0000013e   0x00000000   Code   RO         3203    .ARM.Collect$$libinit$$0000001B  c_p.l(libinit2.o)
    0x0000013e   0x00000000   Code   RO         3205    .ARM.Collect$$libinit$$0000001D  c_p.l(libinit2.o)
    0x0000013e   0x00000000   Code   RO         3207    .ARM.Collect$$libinit$$0000001F  c_p.l(libinit2.o)
    0x0000013e   0x00000000   Code   RO         3209    .ARM.Collect$$libinit$$00000021  c_p.l(libinit2.o)
    0x0000013e   0x00000000   Code   RO         3211    .ARM.Collect$$libinit$$00000023  c_p.l(libinit2.o)
    0x0000013e   0x00000000   Code   RO         3213    .ARM.Collect$$libinit$$00000025  c_p.l(libinit2.o)
    0x0000013e   0x00000000   Code   RO         3217    .ARM.Collect$$libinit$$0000002C  c_p.l(libinit2.o)
    0x0000013e   0x00000000   Code   RO         3219    .ARM.Collect$$libinit$$0000002E  c_p.l(libinit2.o)
    0x0000013e   0x00000000   Code   RO         3221    .ARM.Collect$$libinit$$00000030  c_p.l(libinit2.o)
    0x0000013e   0x00000000   Code   RO         3223    .ARM.Collect$$libinit$$00000032  c_p.l(libinit2.o)
    0x0000013e   0x00000002   Code   RO         3224    .ARM.Collect$$libinit$$00000033  c_p.l(libinit2.o)
    0x00000140   0x00000002   Code   RO         3255    .ARM.Collect$$libshutdown$$00000000  c_p.l(libshutdown.o)
    0x00000142   0x00000000   Code   RO         3281    .ARM.Collect$$libshutdown$$00000002  c_p.l(libshutdown2.o)
    0x00000142   0x00000000   Code   RO         3283    .ARM.Collect$$libshutdown$$00000004  c_p.l(libshutdown2.o)
    0x00000142   0x00000000   Code   RO         3286    .ARM.Collect$$libshutdown$$00000007  c_p.l(libshutdown2.o)
    0x00000142   0x00000000   Code   RO         3289    .ARM.Collect$$libshutdown$$0000000A  c_p.l(libshutdown2.o)
    0x00000142   0x00000000   Code   RO         3291    .ARM.Collect$$libshutdown$$0000000C  c_p.l(libshutdown2.o)
    0x00000142   0x00000000   Code   RO         3294    .ARM.Collect$$libshutdown$$0000000F  c_p.l(libshutdown2.o)
    0x00000142   0x00000002   Code   RO         3295    .ARM.Collect$$libshutdown$$00000010  c_p.l(libshutdown2.o)
    0x00000144   0x00000000   Code   RO         3130    .ARM.Collect$$rtentry$$00000000  c_p.l(__rtentry.o)
    0x00000144   0x00000000   Code   RO         3137    .ARM.Collect$$rtentry$$00000002  c_p.l(__rtentry2.o)
    0x00000144   0x00000006   Code   RO         3149    .ARM.Collect$$rtentry$$00000004  c_p.l(__rtentry4.o)
    0x0000014a   0x00000000   Code   RO         3139    .ARM.Collect$$rtentry$$00000009  c_p.l(__rtentry2.o)
    0x0000014a   0x00000004   Code   RO         3140    .ARM.Collect$$rtentry$$0000000A  c_p.l(__rtentry2.o)
    0x0000014e   0x00000000   Code   RO         3142    .ARM.Collect$$rtentry$$0000000C  c_p.l(__rtentry2.o)
    0x0000014e   0x00000008   Code   RO         3143    .ARM.Collect$$rtentry$$0000000D  c_p.l(__rtentry2.o)
    0x00000156   0x00000002   Code   RO         3172    .ARM.Collect$$rtexit$$00000000  c_p.l(rtexit.o)
    0x00000158   0x00000000   Code   RO         3228    .ARM.Collect$$rtexit$$00000002  c_p.l(rtexit2.o)
    0x00000158   0x00000004   Code   RO         3229    .ARM.Collect$$rtexit$$00000003  c_p.l(rtexit2.o)
    0x0000015c   0x00000006   Code   RO         3230    .ARM.Collect$$rtexit$$00000004  c_p.l(rtexit2.o)
    0x00000162   0x00000002   PAD
    0x00000164   0x00000044   Code   RO         2495    .text               startup_mm32spin0230_keil.o
    0x000001a8   0x0000015a   Code   RO         3113    .text               c_p.l(aeabi_sdiv.o)
    0x00000302   0x00000006   Code   RO         3117    .text               c_p.l(heapauxi.o)
    0x00000308   0x00000160   Code   RO         3121    .text               fz_ps.l(fdiv.o)
    0x00000468   0x00000030   Code   RO         3124    .text               fz_ps.l(ffixui.o)
    0x00000498   0x0000005e   Code   RO         3126    .text               fz_ps.l(fflti.o)
    0x000004f6   0x0000003e   Code   RO         3153    .text               c_p.l(sys_stackheap_outer.o)
    0x00000534   0x00000010   Code   RO         3156    .text               c_p.l(exit.o)
    0x00000544   0x00000008   Code   RO         3168    .text               c_p.l(libspace.o)
    0x0000054c   0x0000000c   Code   RO         3225    .text               c_p.l(sys_exit.o)
    0x00000558   0x00000002   Code   RO         3244    .text               c_p.l(use_no_semi.o)
    0x0000055a   0x00000000   Code   RO         3246    .text               c_p.l(indicate_semi.o)
    0x0000055a   0x00000014   Code   RO          574    i.ADC_AnyChannelCmd  hal_adc.o
    0x0000056e   0x00000010   Code   RO          575    i.ADC_AnyChannelNumCfg  hal_adc.o
    0x0000057e   0x0000002c   Code   RO          576    i.ADC_AnyChannelSelect  hal_adc.o
    0x000005aa   0x00000058   Code   RO          580    i.ADC_ClearITPendingBit  hal_adc.o
    0x00000602   0x00000014   Code   RO          581    i.ADC_Cmd           hal_adc.o
    0x00000616   0x00000012   Code   RO          584    i.ADC_ExternalTrigConvCmd  hal_adc.o
    0x00000628   0x00000030   Code   RO          585    i.ADC_ExternalTrigSourceConfig  hal_adc.o
    0x00000658   0x0000002c   Code   RO          322    i.ADC_IRQHandler    mm32_it.o
    0x00000684   0x000000a8   Code   RO          594    i.ADC_ITConfig      hal_adc.o
    0x0000072c   0x0000004c   Code   RO          595    i.ADC_Init          hal_adc.o
    0x00000778   0x0000002c   Code   RO          602    i.ADC_SampleTimeConfig  hal_adc.o
    0x000007a4   0x0000000c   Code   RO          605    i.ADC_StructInit    hal_adc.o
    0x000007b0   0x00000054   Code   RO          215    i.Board_ADC_Init    board.o
    0x00000804   0x00000018   Code   RO          216    i.Board_Comp_Init   board.o
    0x0000081c   0x0000002c   Code   RO          217    i.Board_Opamp_Init  board.o
    0x00000848   0x00000058   Code   RO          218    i.Bsp_Adc_Init      board.o
    0x000008a0   0x0000002c   Code   RO          219    i.Bsp_Comp_Init     board.o
    0x000008cc   0x0000001c   Code   RO          220    i.Bsp_Gpio_Init     board.o
    0x000008e8   0x0000006c   Code   RO          221    i.Bsp_Hall_Init     board.o
    0x00000954   0x0000002c   Code   RO          222    i.Bsp_Led_Init      board.o
    0x00000980   0x00000052   Code   RO          223    i.Bsp_Op_Init       board.o
    0x000009d2   0x00000002   PAD
    0x000009d4   0x000000b8   Code   RO          224    i.Bsp_Pwm_Init      board.o
    0x00000a8c   0x00000040   Code   RO         2541    i.CLARKE_MACRO1     foc_math.o
    0x00000acc   0x00000014   Code   RO          807    i.COMP_Cmd          hal_comp.o
    0x00000ae0   0x00000006   Code   RO          809    i.COMP_DeInit       hal_comp.o
    0x00000ae6   0x00000022   Code   RO          811    i.COMP_Init         hal_comp.o
    0x00000b08   0x00000024   Code   RO          814    i.COMP_SetCrv       hal_comp.o
    0x00000b2c   0x00000058   Code   RO         2542    i.CalcNormalization  foc_math.o
    0x00000b84   0x00000040   Code   RO         2710    i.CalcPI            pid.o
    0x00000bc4   0x0000000c   Code   RO         3040    i.Clear_Over_Flag   systick.o
    0x00000bd0   0x00000002   Code   RO          323    i.DMA1_Channel1_IRQHandler  mm32_it.o
    0x00000bd2   0x00000002   PAD
    0x00000bd4   0x00000018   Code   RO         2790    i.Diagnose_IBUS_ADC  diagnose.o
    0x00000bec   0x000000a8   Code   RO         2797    i.Diagnose_VBUS_ADC  diagnose.o
    0x00000c94   0x0000001c   Code   RO         2905    i.Division          drv_div.o
    0x00000cb0   0x00000048   Code   RO         2859    i.Drv_Adc_Basic_Init  drv_adc.o
    0x00000cf8   0x00000044   Code   RO         2860    i.Drv_Adc_Channel_Init  drv_adc.o
    0x00000d3c   0x0000005c   Code   RO         2885    i.Drv_Comp_Init     drv_comp.o
    0x00000d98   0x000000b0   Code   RO         3020    i.Drv_Hall_Init     drv_tim.o
    0x00000e48   0x0000001c   Code   RO         2906    i.Drv_Hwdiv_Init    drv_div.o
    0x00000e64   0x00000044   Code   RO         2931    i.Drv_Iwdg_Init     drv_iwdg.o
    0x00000ea8   0x000000c6   Code   RO         3000    i.Drv_Pwm_Init      drv_pwm.o
    0x00000f6e   0x00000002   Code   RO          326    i.EXTI0_1_IRQHandler  mm32_it.o
    0x00000f70   0x00000002   Code   RO          327    i.EXTI2_3_IRQHandler  mm32_it.o
    0x00000f72   0x00000002   Code   RO          328    i.EXTI4_15_IRQHandler  mm32_it.o
    0x00000f74   0x00000002   Code   RO          329    i.FLASH_IRQHandler  mm32_it.o
    0x00000f76   0x00000086   Code   RO         1186    i.GPIO_Init         hal_gpio.o
    0x00000ffc   0x00000020   Code   RO         1187    i.GPIO_PinAFConfig  hal_gpio.o
    0x0000101c   0x0000000a   Code   RO         1190    i.GPIO_ReadInputDataBit  hal_gpio.o
    0x00001026   0x00000010   Code   RO         1195    i.GPIO_StructInit   hal_gpio.o
    0x00001036   0x00000002   PAD
    0x00001038   0x0000001c   Code   RO         2742    i.HALLCheck         hallhandle.o
    0x00001054   0x000000bc   Code   RO         2743    i.HALLModuleCalc    hallhandle.o
    0x00001110   0x00000080   Code   RO         2744    i.HALLModuleInit    hallhandle.o
    0x00001190   0x00000038   Code   RO         2745    i.HALL_ReadHallPorts  hallhandle.o
    0x000011c8   0x00000002   Code   RO          331    i.HWDIV_IRQHandler  mm32_it.o
    0x000011ca   0x0000002e   Code   RO         2543    i.IPARK_MACRO1      foc_math.o
    0x000011f8   0x00000010   Code   RO         1313    i.IWDG_Enable       hal_iwdg.o
    0x00001208   0x00000014   Code   RO         1315    i.IWDG_GetFlagStatus  hal_iwdg.o
    0x0000121c   0x00000010   Code   RO         1319    i.IWDG_ReloadCounter  hal_iwdg.o
    0x0000122c   0x00000010   Code   RO         1321    i.IWDG_SetPrescaler  hal_iwdg.o
    0x0000123c   0x00000010   Code   RO         1322    i.IWDG_SetReload    hal_iwdg.o
    0x0000124c   0x0000000c   Code   RO         1323    i.IWDG_WriteAccessCmd  hal_iwdg.o
    0x00001258   0x00000010   Code   RO         3044    i.Inc_Systicks      systick.o
    0x00001268   0x0000002c   Code   RO         2544    i.InitNormalization  foc_math.o
    0x00001294   0x00000084   Code   RO         2711    i.InitPI            pid.o
    0x00001318   0x00000054   Code   RO          533    i.Init_Parameter    user_function.o
    0x0000136c   0x00000068   Code   RO          333    i.Interrupt_Init    mm32_it.o
    0x000013d4   0x00000038   Code   RO         2545    i.LoopCmp_Cal       foc_math.o
    0x0000140c   0x0000001c   Code   RO         2546    i.LoopCmp_Init      foc_math.o
    0x00001428   0x00000078   Code   RO         2548    i.MCM_Trig_Functions  foc_math.o
    0x000014a0   0x0000005c   Code   RO         2643    i.MotorBrake        mc_drive.o
    0x000014fc   0x00000064   Code   RO         2644    i.MotorError        mc_drive.o
    0x00001560   0x00000064   Code   RO         2645    i.MotorIdle         mc_drive.o
    0x000015c4   0x00000018   Code   RO         2646    i.MotorRun          mc_drive.o
    0x000015dc   0x00000198   Code   RO         2647    i.Motor_Drive       mc_drive.o
    0x00001774   0x0000002a   Code   RO         2648    i.Motor_Model       mc_drive.o
    0x0000179e   0x00000034   Code   RO         2549    i.MovingAvgCal      foc_math.o
    0x000017d2   0x00000014   Code   RO          334    i.NVIC_Configure    mm32_it.o
    0x000017e6   0x00000002   PAD
    0x000017e8   0x00000050   Code   RO         1415    i.NVIC_Init         hal_misc.o
    0x00001838   0x00000014   Code   RO         1447    i.OPAMP_Cmd         hal_opamp.o
    0x0000184c   0x00000024   Code   RO         2551    i.PARK_MACRO1       foc_math.o
    0x00001870   0x00000002   Code   RO          335    i.PVD_IRQHandler    mm32_it.o
    0x00001872   0x0000000e   Code   RO         1324    i.PVU_CheckStatus   hal_iwdg.o
    0x00001880   0x00000150   Code   RO         2501    i.PWM_GEN_calc      pwm_gen.o
    0x000019d0   0x0000001c   Code   RO         2502    i.PWM_GEN_init      pwm_gen.o
    0x000019ec   0x00000040   Code   RO          225    i.Peripheral_Init   board.o
    0x00001a2c   0x00000018   Code   RO         1523    i.RCC_AHBPeriphClockCmd  hal_rcc.o
    0x00001a44   0x00000018   Code   RO         1525    i.RCC_APB1PeriphClockCmd  hal_rcc.o
    0x00001a5c   0x00000018   Code   RO         1526    i.RCC_APB1PeriphResetCmd  hal_rcc.o
    0x00001a74   0x00000028   Code   RO         1531    i.RCC_GetFlagStatus  hal_rcc.o
    0x00001a9c   0x00000002   Code   RO          337    i.RCC_IRQHandler    mm32_it.o
    0x00001a9e   0x00000002   PAD
    0x00001aa0   0x0000001c   Code   RO         1537    i.RCC_LSICmd        hal_rcc.o
    0x00001abc   0x0000000e   Code   RO         1325    i.RVU_CheckStatus   hal_iwdg.o
    0x00001aca   0x00000002   PAD
    0x00001acc   0x000000c0   Code   RO         2466    i.SetSysClockToDefine  system_mm32spin0230.o
    0x00001b8c   0x0000000c   Code   RO          340    i.SysTick_Handler   mm32_it.o
    0x00001b98   0x00000058   Code   RO         2467    i.SystemInit        system_mm32spin0230.o
    0x00001bf0   0x00000018   Code   RO         3047    i.Systick_Delay     systick.o
    0x00001c08   0x00000034   Code   RO         3048    i.Systick_Init      systick.o
    0x00001c3c   0x00000024   Code   RO         1680    i.TI1_Configure     hal_tim.o
    0x00001c60   0x0000002a   Code   RO         1681    i.TI2_Configure     hal_tim.o
    0x00001c8a   0x00000002   Code   RO          341    i.TIM14_IRQHandler  mm32_it.o
    0x00001c8c   0x00000024   Code   RO          344    i.TIM1_BRK_UP_TRG_COM_IRQHandler  mm32_it.o
    0x00001cb0   0x00000002   Code   RO          345    i.TIM1_CC_IRQHandler  mm32_it.o
    0x00001cb2   0x00000002   Code   RO          346    i.TIM2_IRQHandler   mm32_it.o
    0x00001cb4   0x00000012   Code   RO         1682    i.TIM_ARRPreloadConfig  hal_tim.o
    0x00001cc6   0x00000020   Code   RO         1683    i.TIM_BDTRConfig    hal_tim.o
    0x00001ce6   0x00000008   Code   RO         1692    i.TIM_ClearFlag     hal_tim.o
    0x00001cee   0x00000008   Code   RO         1693    i.TIM_ClearITPendingBit  hal_tim.o
    0x00001cf6   0x00000014   Code   RO         1698    i.TIM_Cmd           hal_tim.o
    0x00001d0a   0x00000014   Code   RO         1700    i.TIM_CtrlPWMOutputs  hal_tim.o
    0x00001d1e   0x00000002   PAD
    0x00001d20   0x00000078   Code   RO         1703    i.TIM_DeInit        hal_tim.o
    0x00001d98   0x000000b4   Code   RO         1723    i.TIM_ICInit        hal_tim.o
    0x00001e4c   0x00000010   Code   RO         1724    i.TIM_ICStructInit  hal_tim.o
    0x00001e5c   0x00000010   Code   RO         1725    i.TIM_ITConfig      hal_tim.o
    0x00001e6c   0x0000000a   Code   RO         1727    i.TIM_InternalClockConfig  hal_tim.o
    0x00001e76   0x00000002   PAD
    0x00001e78   0x00000058   Code   RO         1729    i.TIM_OC1Init       hal_tim.o
    0x00001ed0   0x0000000e   Code   RO         1732    i.TIM_OC1PreloadConfig  hal_tim.o
    0x00001ede   0x00000002   PAD
    0x00001ee0   0x00000064   Code   RO         1734    i.TIM_OC2Init       hal_tim.o
    0x00001f44   0x00000014   Code   RO         1737    i.TIM_OC2PreloadConfig  hal_tim.o
    0x00001f58   0x00000060   Code   RO         1739    i.TIM_OC3Init       hal_tim.o
    0x00001fb8   0x0000000e   Code   RO         1742    i.TIM_OC3PreloadConfig  hal_tim.o
    0x00001fc6   0x00000002   PAD
    0x00001fc8   0x00000050   Code   RO         1744    i.TIM_OC4Init       hal_tim.o
    0x00002018   0x00000014   Code   RO         1746    i.TIM_OC4PreloadConfig  hal_tim.o
    0x0000202c   0x00000012   Code   RO         1754    i.TIM_SelectHallSensor  hal_tim.o
    0x0000203e   0x0000000e   Code   RO         1755    i.TIM_SelectInputTrigger  hal_tim.o
    0x0000204c   0x00000010   Code   RO         1756    i.TIM_SelectMasterSlaveMode  hal_tim.o
    0x0000205c   0x00000010   Code   RO         1760    i.TIM_SelectSlaveMode  hal_tim.o
    0x0000206c   0x0000000e   Code   RO         1775    i.TIM_SetIC1Prescaler  hal_tim.o
    0x0000207a   0x00000014   Code   RO         1777    i.TIM_SetIC2Prescaler  hal_tim.o
    0x0000208e   0x0000000e   Code   RO         1779    i.TIM_SetIC3Prescaler  hal_tim.o
    0x0000209c   0x00000014   Code   RO         1781    i.TIM_SetIC4Prescaler  hal_tim.o
    0x000020b0   0x00000050   Code   RO         1783    i.TIM_TimeBaseInit  hal_tim.o
    0x00002100   0x00000012   Code   RO         1784    i.TIM_TimeBaseStructInit  hal_tim.o
    0x00002112   0x0000000e   Code   RO         1786    i.TIM_UpdateRequestConfig  hal_tim.o
    0x00002120   0x0000001c   Code   RO         2503    i.Update_PWM        pwm_gen.o
    0x0000213c   0x0000001a   Code   RO         2531    i.__ARM_common_switch8  pwm_gen.o
    0x00002156   0x00000002   PAD
    0x00002158   0x000000e0   Code   RO            3    i.main              main.o
    0x00002238   0x000000b0   Code   RO         3128    x$fpl$fmul          fz_ps.l(fmul.o)
    0x000022e8   0x00000000   Code   RO         3135    x$fpl$usenofp       fz_ps.l(usenofp.o)
    0x000022e8   0x00000200   Data   RO         2562    .constdata          foc_math.o
    0x000024e8   0x00000040   Data   RO         3122    .constdata          fz_ps.l(fdiv.o)
    0x00002528   0x00000020   Data   RO         3296    Region$$Table       anon$$obj.o


    Execution Region RW_IRAM1 (Base: 0x20000000, Size: 0x00000870, Max: 0x00001000, ABSOLUTE)

    Base Addr    Size         Type   Attr      Idx    E Section Name        Object

    0x20000000   0x00000010   Data   RW          535    .data               user_function.o
    0x20000010   0x00000004   Data   RW         2468    .data               system_mm32spin0230.o
    0x20000014   0x00000020   Data   RW         2649    .data               mc_drive.o
    0x20000034   0x00000006   Data   RW         2748    .data               hallhandle.o
    0x2000003a   0x00000002   PAD
    0x2000003c   0x00000024   Data   RW         2799    .data               diagnose.o
    0x20000060   0x00000004   Data   RW         3049    .data               systick.o
    0x20000064   0x00000014   Zero   RW          534    .bss                user_function.o
    0x20000078   0x00000014   Zero   RW         2504    .bss                pwm_gen.o
    0x2000008c   0x00000010   Zero   RW         2553    .bss                foc_math.o
    0x2000009c   0x0000001c   Zero   RW         2556    .bss                foc_math.o
    0x200000b8   0x00000018   Zero   RW         2558    .bss                foc_math.o
    0x200000d0   0x0000000c   Zero   RW         2559    .bss                foc_math.o
    0x200000dc   0x00000010   Zero   RW         2560    .bss                foc_math.o
    0x200000ec   0x0000004c   Zero   RW         2561    .bss                foc_math.o
    0x20000138   0x00000080   Zero   RW         2712    .bss                pid.o
    0x200001b8   0x00000054   Zero   RW         2746    .bss                hallhandle.o
    0x2000020c   0x00000060   Zero   RW         3169    .bss                c_p.l(libspace.o)
    0x2000026c   0x00000004   PAD
    0x20000270   0x00000200   Zero   RW         2493    HEAP                startup_mm32spin0230_keil.o
    0x20000470   0x00000400   Zero   RW         2492    STACK               startup_mm32spin0230_keil.o


==============================================================================

Image component sizes


      Code (inc. data)   RO Data    RW Data    ZI Data      Debug   Object Name

       794         50          0          0          0       5745   board.o
       192         34          0         36          0       2631   diagnose.o
       140          0          0          0          0       1684   drv_adc.o
        92          6          0          0          0        892   drv_comp.o
        56         12          0          0          0       1312   drv_div.o
        68          6          0          0          0        472   drv_iwdg.o
       198          0          0          0          0       1099   drv_pwm.o
       176          0          0          0          0        716   drv_tim.o
       534         20        512          0        172       8951   foc_math.o
       554         10          0          0          0       6851   hal_adc.o
        96          6          0          0          0       5899   hal_comp.o
       192          0          0          0          0       3101   hal_gpio.o
       124         34          0          0          0       4371   hal_iwdg.o
        80         10          0          0          0        900   hal_misc.o
        20          0          0          0          0        884   hal_opamp.o
       140         30          0          0          0       2839   hal_rcc.o
      1202         42          0          0          0      26229   hal_tim.o
       400         48          0          6         84       4019   hallhandle.o
       224         46          0          0          0      85799   main.o
       766        138          0         32          0       4815   mc_drive.o
       238         24          0          0          0      19345   mm32_it.o
       196         20          0          0        128       2134   pid.o
       418         50          0          0         20       3525   pwm_gen.o
        68         32        192          0       1536        708   startup_mm32spin0230_keil.o
       280         32          0          4          0       2511   system_mm32spin0230.o
       104         32          0          4          0       9582   systick.o
        84         24          0         16         20       3442   user_function.o

    ----------------------------------------------------------------------
      7458        706        736        100       1960     210456   Object Totals
         0          0         32          0          0          0   (incl. Generated)
        22          0          0          2          0          0   (incl. Padding)

    ----------------------------------------------------------------------

      Code (inc. data)   RO Data    RW Data    ZI Data      Debug   Library Member Name

         8          0          0          0          0         68   __main.o
         0          0          0          0          0          0   __rtentry.o
        12          0          0          0          0          0   __rtentry2.o
         6          0          0          0          0          0   __rtentry4.o
        60          8          0          0          0          0   __scatter.o
        26          0          0          0          0          0   __scatter_copy.o
        28          0          0          0          0          0   __scatter_zi.o
       346          0          0          0          0         92   aeabi_sdiv.o
        16          0          0          0          0         68   exit.o
         6          0          0          0          0        136   heapauxi.o
         0          0          0          0          0          0   indicate_semi.o
         2          0          0          0          0          0   libinit.o
         2          0          0          0          0          0   libinit2.o
         2          0          0          0          0          0   libshutdown.o
         2          0          0          0          0          0   libshutdown2.o
         8          4          0          0         96         68   libspace.o
         2          0          0          0          0          0   rtexit.o
        10          0          0          0          0          0   rtexit2.o
        12          4          0          0          0         60   sys_exit.o
        62          0          0          0          0         80   sys_stackheap_outer.o
         2          0          0          0          0         68   use_no_semi.o
       352         10         64          0          0         92   fdiv.o
        48          0          0          0          0         60   ffixui.o
        94          0          0          0          0         92   fflti.o
       176          4          0          0          0         80   fmul.o
         0          0          0          0          0          0   usenofp.o

    ----------------------------------------------------------------------
      1286         30         64          0        100        964   Library Totals
         4          0          0          0          4          0   (incl. Padding)

    ----------------------------------------------------------------------

      Code (inc. data)   RO Data    RW Data    ZI Data      Debug   Library Name

       612         16          0          0         96        640   c_p.l
       670         14         64          0          0        324   fz_ps.l

    ----------------------------------------------------------------------
      1286         30         64          0        100        964   Library Totals

    ----------------------------------------------------------------------

==============================================================================


      Code (inc. data)   RO Data    RW Data    ZI Data      Debug   

      8744        736        800        100       2060     205328   Grand Totals
      8744        736        800        100       2060     205328   ELF Image Totals
      8744        736        800        100          0          0   ROM Totals

==============================================================================

    Total RO  Size (Code + RO Data)                 9544 (   9.32kB)
    Total RW  Size (RW Data + ZI Data)              2160 (   2.11kB)
    Total ROM Size (Code + RO Data + RW Data)       9644 (   9.42kB)

==============================================================================

